source: 0 target: 1 model_arch: cnn1 perturbation type: linf perturbation size: [0.1] dataset: fmnist
Attack:   0%|          | 0/500 [00:00<?, ?it/s]Attack:   0%|          | 1/500 [00:00<00:51,  9.77it/s]Attack:   7%|▋         | 37/500 [00:00<00:02, 212.75it/s]Attack:  14%|█▍        | 72/500 [00:00<00:01, 273.34it/s]Attack:  21%|██▏       | 107/500 [00:00<00:01, 302.42it/s]Attack:  28%|██▊       | 142/500 [00:00<00:01, 319.45it/s]Attack:  35%|███▌      | 177/500 [00:00<00:00, 328.39it/s]Attack:  42%|████▏     | 212/500 [00:00<00:00, 333.90it/s]Attack:  50%|████▉     | 248/500 [00:00<00:00, 338.67it/s]Attack:  56%|█████▋    | 282/500 [00:00<00:00, 336.79it/s]Attack:  63%|██████▎   | 316/500 [00:01<00:00, 336.87it/s]Attack:  70%|███████   | 351/500 [00:01<00:00, 340.77it/s]Attack:  77%|███████▋  | 386/500 [00:01<00:00, 342.05it/s]Attack:  84%|████████▍ | 422/500 [00:01<00:00, 346.02it/s]Attack:  92%|█████████▏| 458/500 [00:01<00:00, 350.08it/s]Attack:  99%|█████████▉| 494/500 [00:01<00:00, 350.35it/s]Attack: 100%|█████████▉| 499/500 [00:01<00:00, 324.65it/s]
best_val 14.180623054504395
Set parameter WLSAccessID
Set parameter WLSSecret
Set parameter LicenseID to value 2478548
Academic license 2478548 - for non-commercial use only - registered to ne___@campus.technion.ac.il
Advanced-standard-N1: computing zonotope diff bounds between N1 and N2...
  Zonotope: activated at Flatten, 54 dims, 54 initial generators
  Zonotope ReLU: 118 generators, max diff width = 3.499053571129462
compute_diff_bounds_zonotope: last hidden layer size = 10, diff width = 3.499053571129462
compute_diff_bounds_zonotope: output-layer diff bounds width = 5.872234775455848
  Final zonotope: 128 generators
compute_diff_bounds_zonotope: N1 pert bounds width = 614.6190193673114
compute_diff_bounds_zonotope: populated 3 ReLU layers
save_n1_diff_bounds: saved 3 ReLU layers (+ n1_preact_bounds.bin) to repro_check/n1_state_repro_advstd2

══ Advanced-standard-N1: solving N1 (c_tag=1, c_target=2) ══
[notice | Main.MIPVerify]: Determining upper and lower bounds for the input to each non-linear unit.
Set parameter WLSAccessID
Set parameter WLSSecret
Set parameter LicenseID to value 2478548
Academic license 2478548 - for non-commercial use only - registered to ne___@campus.technion.ac.il
Set parameter TimeLimit to value 5
Set parameter TimeLimit to value 5
Set parameter WLSAccessID
Set parameter WLSSecret
Set parameter LicenseID to value 2478548
Academic license 2478548 - for non-commercial use only - registered to ne___@campus.technion.ac.il
Set parameter MIPFocus to value 3
Set parameter Cutoff to value 1.4180623054504395e+01
Set parameter Threads to value 32
Set parameter TimeLimit to value 10800
Set parameter MIPGap to value 0.01
Set parameter Seed to value 0
Set parameter Seed to value 0
Set parameter MIPGap to value 0.01
Set parameter MIPFocus to value 3
Set parameter Cutoff to value 1.4180623054504395e+01
Set parameter Threads to value 32
Set parameter TimeLimit to value 10800
Gurobi Optimizer version 13.0.0 build v13.0.0rc1 (linux64 - "Ubuntu 20.04.2 LTS")

CPU model: AMD EPYC 7713 64-Core Processor, instruction set [SSE2|AVX|AVX2]
Thread count: 127 physical cores, 255 logical processors, using up to 32 threads

Non-default parameters:
Cutoff  1.4180623054504395e+01
TimeLimit  10800
MIPGap  0.01
MIPFocus  3
Threads  32

Academic license 2478548 - for non-commercial use only - registered to ne___@campus.technion.ac.il
Optimize a model with 6303 rows, 5040 columns and 71887 nonzeros (Max)
Model fingerprint: 0x9efeaaf2
Model has 1 linear objective coefficients
Variable types: 4102 continuous, 938 integer (938 binary)
Coefficient statistics:
  Matrix range     [7e-05, 1e+02]
  Objective range  [1e+00, 1e+00]
  Bounds range     [1e-01, 1e+02]
  RHS range        [3e-02, 9e+01]

User MIP start produced solution with objective 18.7069 (0.43s)
User MIP start produced solution with objective 18.8707 (0.77s)
User MIP start produced solution with objective 18.8707 (2.36s)
Loaded user MIP start with objective 18.8707
Processed MIP start in 2.36 seconds (2.78 work units)

Presolve removed 1755 rows and 811 columns
Presolve time: 0.11s
Presolved: 4548 rows, 4229 columns, 69903 nonzeros
Variable types: 3291 continuous, 938 integer (938 binary)
Root relaxation presolve removed 6 rows and 6 columns
Root relaxation presolved: 4542 rows, 4223 columns, 69885 nonzeros

Warning: Markowitz tolerance tightened to 0.03125

Root relaxation: objective 3.063894e+01, 6861 iterations, 0.64 seconds (0.87 work units)

    Nodes    |    Current Node    |     Objective Bounds      |     Work
 Expl Unexpl |  Obj  Depth IntInf | Incumbent    BestBd   Gap | It/Node Time

     0     0   30.63894    0  266   18.87071   30.63894  62.4%     -    3s
     0     0   29.20961    0  213   18.87071   29.20961  54.8%     -    4s
     0     0   29.20961    0  195   18.87071   29.20961  54.8%     -    5s
     0     0   27.72739    0  199   18.87071   27.72739  46.9%     -    5s
     0     0   27.72739    0  200   18.87071   27.72739  46.9%     -    5s
     0     0   27.72739    0  200   18.87071   27.72739  46.9%     -    5s
     0     0   26.73994    0  174   18.87071   26.73994  41.7%     -    5s
     0     0   26.73994    0  174   18.87071   26.73994  41.7%     -    5s
     0     0   26.73994    0  158   18.87071   26.73994  41.7%     -    6s
     0     0   25.35626    0  161   18.87071   25.35626  34.4%     -    6s
     0     0   25.30419    0  151   18.87071   25.30419  34.1%     -    6s
     0     0   25.10728    0  156   18.87071   25.10728  33.0%     -    6s
     0     0   25.07889    0  155   18.87071   25.07889  32.9%     -    6s
     0     0   24.44791    0  161   18.87071   24.44791  29.6%     -    7s
     0     0   24.44791    0  161   18.87071   24.44791  29.6%     -    7s
     0     0   24.44791    0  146   18.87071   24.44791  29.6%     -    8s
     0     0   23.89626    0  144   18.87071   23.89626  26.6%     -    9s
     0     0   23.87588    0  137   18.87071   23.87588  26.5%     -    9s
     0     0   23.87588    0  141   18.87071   23.87588  26.5%     -    9s
     0     0   23.85993    0  149   18.87071   23.85993  26.4%     -   10s
     0     0   23.85993    0  149   18.87071   23.85993  26.4%     -   10s
     0     0   23.85993    0  136   18.87071   23.85993  26.4%     -   11s
     0     0   23.64927    0  150   18.87071   23.64927  25.3%     -   11s
     0     0   23.59981    0  146   18.87071   23.59981  25.1%     -   12s
     0     0   23.56890    0  149   18.87071   23.56890  24.9%     -   12s
     0     0   23.56367    0  148   18.87071   23.56367  24.9%     -   12s
     0     0   23.50961    0  157   18.87071   23.50961  24.6%     -   13s
     0     0   23.50961    0  157   18.87071   23.50961  24.6%     -   13s
     0     0   23.50961    0  140   18.87071   23.50961  24.6%     -   14s
     0     0   23.43063    0  140   18.87071   23.43063  24.2%     -   14s
     0     0   23.43063    0  140   18.87071   23.43063  24.2%     -   15s
     0     2   23.43063    0  140   18.87071   23.43063  24.2%     -   18s
     1     4   23.43063    1  191   18.87071   23.43063  24.2%  6297   20s
    13     4   22.08059    5  221   18.87071   23.43063  24.2%  4972   25s
    27    30   22.34171    8  127   18.87071   22.44396  18.9%  3836   30s
    73    57   22.18077   10   98   18.87071   22.27617  18.0%  2878   35s
   212   179   21.00998   13   85   18.87071   21.89980  16.1%  2288   41s
   264   192   21.55932   14   99   18.87071   21.69700  15.0%  2208   45s
H  332   252                      18.8707108   21.39433  13.4%  2256   49s
   361   284   21.37904   17   70   18.87071   21.37904  13.3%  2241   51s
H  424   343                      18.8707108   21.31497  13.0%  2093   52s
H  437   343                      18.8712442   21.31497  12.9%  2043   52s
   490   425   21.27440   20   49   18.87124   21.29003  12.8%  1952   55s
   861   831   19.78894   32   67   18.87124   21.11070  11.9%  1322   61s
   948   866   21.05609   35   10   18.87124   21.06387  11.6%  1274   65s
   985   951   21.06387   42   77   18.87124   21.06387  11.6%  1279   70s
  1076   999   21.06387   43   22   18.87124   21.06387  11.6%  1228   75s
  1235  1223   21.06387   45   29   18.87124   21.06387  11.6%  1149   80s
H 1551  1436                      18.8763203   21.06387  11.6%  1016   83s
  1788  1709   20.99988   60   71   18.87632   21.06387  11.6%   932   86s
H 1832  1706                      18.8962821   21.06387  11.5%   942   86s
  1906  1841   20.91185   62   89   18.89628   21.06387  11.5%   977   93s
  1977  1875   20.65053   63  147   18.89628   21.06387  11.5%  1010   96s
  2054  2028   20.63348   57  205   18.89628   21.05611  11.4%  1057  101s
  2166  2123   19.56566   50  266   18.89628   21.05611  11.4%  1046  106s
H 2178  2118                      18.9598411   21.05525  11.1%  1064  106s
  2345  2365   20.57509   60  210   18.95984   21.05505  11.1%  1050  114s
  2514  2485   19.79400   54  253   18.95984   21.04633  11.0%  1019  119s
H 2528  2485                      18.9674828   21.04503  11.0%  1033  119s
  2642  2770   20.94468   53  168   18.96748   21.03896  10.9%  1015  124s
  2939  2938   20.32424   38  232   18.96748   21.03896  10.9%   954  129s
H 3119  2909                      19.1028171   21.03113  10.1%   946  138s
H 3119  2908                      19.1038757   21.03113  10.1%   946  175s
  3120  2909   20.55549   30  140   19.10388   21.03113  10.1%   946  191s
  3125  2912   21.02569   41  160   19.10388   21.03113  10.1%   945  195s
  3130  2916   20.89371   57  142   19.10388   21.03113  10.1%   943  202s
H 3131  2770                      19.2432423   21.03113  9.29%   943  209s
  3133  2772   20.02459   51  161   19.24324   21.03113  9.29%   942  211s
  3135  2773   20.15826   25  152   19.24324   21.03113  9.29%   942  217s
  3137  2775     cutoff   14        19.24324   21.03113  9.29%   957  223s
  3139  2776   19.55850   15  214   19.24324   21.03113  9.29%   962  226s
  3141  2776   21.03113   16  173   19.24324   21.03113  9.29%   964  231s
H 3144  2634                      19.2950963   21.03113  9.00%   970  232s
H 3148  2503                      19.3496177   21.03113  8.69%   973  234s
H 3150  2380                      19.3637991   21.03113  8.61%   974  236s
H 3153  2260                      19.4845836   21.03113  7.94%   975  236s
  3178  2277   20.97242   22  122   19.48458   21.03113  7.94%   989  241s
  3246  2281   21.03113   24  109   19.48458   21.03113  7.94%  1003  246s
  3328  2296   21.02341   28   70   19.48458   21.03113  7.94%  1025  251s
  3434  2301   20.04164   35  144   19.48458   21.03113  7.94%  1038  256s
  3530  2361   20.33415   40   89   19.48458   21.03113  7.94%  1042  261s
  3648  2367   21.03113   49  135   19.48458   21.03113  7.94%  1043  266s
  3728  2397   20.98849   51  118   19.48458   21.01620  7.86%  1058  272s
  3774  2407   20.98284   52  119   19.48458   20.98829  7.72%  1058  275s
  3809  2420   20.96883   53  116   19.48458   20.98258  7.69%  1063  280s
H 3813  2306                      19.5404724   20.96876  7.31%  1066  280s
  3890  2323   20.93433   55  104   19.54047   20.94901  7.21%  1073  288s
  3934  2349   20.91961   56  117   19.54047   20.92972  7.11%  1076  290s
H 4076  2310                      19.7042375   20.86888  5.91%  1061  296s
  4261  2382   20.81962   62  110   19.70424   20.81962  5.66%  1039  301s
  4407  2494   20.77826   65  116   19.70424   20.77826  5.45%  1017  307s
H 4514  2403                      19.7215793   20.70576  4.99%  1005  309s
  4543  2527   20.55211   63  133   19.72158   20.70558  4.99%  1003  311s
  4724  2564   20.52810   66  142   19.72158   20.67959  4.86%   986  317s
H 4731  2465                      19.7298388   20.67925  4.81%   986  317s
  4790  2655   20.49612   69  130   19.72984   20.67479  4.79%   981  320s
  5190  2730   20.61248   63  117   19.72984   20.64820  4.65%   944  325s
H 5267  2729                      19.7526835   20.63137  4.45%   943  327s
  5360  2842   20.58120   76   75   19.75268   20.61475  4.36%   940  331s
  5516  2930   20.56409   73   92   19.75268   20.58295  4.20%   938  335s
  5811  3095   20.49254   72   85   19.75268   20.54940  4.03%   935  343s
  5946  3177   20.32323   46  186   19.75268   20.52847  3.93%   938  347s
  6095  3292   20.34629   75  106   19.75268   20.51342  3.85%   938  351s
  6284  3265   20.36119   68  151   19.75268   20.49997  3.78%   936  356s
H 6286  3167                      19.7746897   20.49989  3.67%   936  356s
H 6291  3066                      19.7969300   20.49952  3.55%   936  356s
H 6322  2965                      19.8134457   20.49672  3.45%   937  356s
  6442  3047   20.46088   62  102   19.81345   20.49023  3.42%   941  360s
  6659  3187   20.41997   88   93   19.81345   20.47671  3.35%   946  370s
  6986  3284   20.41701   80   83   19.81345   20.46093  3.27%   959  378s
  7157  3356   20.39671   71  124   19.81345   20.45510  3.24%   963  384s
  7351  3328   20.23040   45  145   19.81345   20.44935  3.21%   968  391s
H 7359  3074                      19.8948323   20.44830  2.78%   969  391s
  7413  3158   20.32563   67  120   19.89483   20.44604  2.77%   972  396s
  7587  3296   20.27991   88  116   19.89483   20.44022  2.74%   976  402s
  7788  3501   20.36676   78   93   19.89483   20.43238  2.70%   977  408s
  8044  3645   20.26959   78  131   19.89483   20.42235  2.65%   971  414s
  8259  3812   20.01413   75  154   19.89483   20.40828  2.58%   969  421s
  8485  3982     cutoff   85        19.89483   20.39617  2.52%   970  427s
  8693  4089   20.35841   46  126   19.89483   20.39605  2.52%   964  433s
  8833  4262   20.30896   77  102   19.89483   20.38281  2.45%   965  440s
H 8842  4253                      19.9004106   20.38270  2.42%   965  440s
H 8905  4123                      19.9414625   20.37978  2.20%   963  440s
H 8943  4055                      19.9596781   20.37887  2.10%   963  440s
H 8977  3934                      19.9939533   20.37812  1.92%   963  440s
H 9044  3985                      19.9939533   20.37760  1.92%   960  451s
H 9100  3980                      19.9946655   20.37435  1.90%   960  451s
  9153  4172   20.06164   84  130   19.99467   20.37170  1.89%   961  461s
  9455  4199   20.13707   78  125   19.99467   20.36299  1.84%   961  471s
H 9460  4192                      19.9965771   20.36011  1.82%   961  471s
  9492  4388   20.17001   73  156   19.99658   20.35524  1.79%   962  478s
  9822  4581   20.32344   71  134   19.99658   20.34655  1.75%   960  489s
 10133  4855   20.14432   72  113   19.99658   20.33088  1.67%   963  496s
 10554  4881   20.27584   87  110   19.99658   20.32503  1.64%   955  507s
 10591  4904   20.01605   84  101   19.99658   20.31760  1.61%   955  518s
 10632  4928   20.00960   70  159   19.99658   20.31585  1.60%   955  528s
 10672  4956   20.30911   88   90   19.99658   20.31444  1.59%   956  537s
 10717  5022   20.16481   85  116   19.99658   20.31277  1.58%   957  545s
H10734  4996                      20.0008367   20.31273  1.56%   956  545s
 10825  5168     cutoff   72        20.00084   20.31092  1.55%   956  556s
 11220  5345   20.15309   91  121   20.00084   20.30225  1.51%   952  566s
 11627  5523   20.27098   82  112   20.00084   20.29286  1.46%   952  575s
 12085  5730     cutoff   80        20.00084   20.28645  1.43%   949  585s
 12609  5873   20.22417   80  108   20.00084   20.27973  1.39%   945  595s
 13047  6038     cutoff   74        20.00084   20.27446  1.37%   943  608s
 13557  6193   20.23874   98   70   20.00084   20.26408  1.32%   940  619s
 14103  6358   20.25010   82  100   20.00084   20.25697  1.28%   937  630s
 14646  6502     cutoff   85        20.00084   20.25142  1.25%   936  644s
 15117  6626   20.06829   87  117   20.00084   20.24163  1.20%   933  658s
 15601  6724   20.16040   70  106   20.00084   20.23711  1.18%   934  673s
 16073  6805   20.16369   45  131   20.00084   20.22747  1.13%   937  688s
 16516  6847   20.19449   49  125   20.00084   20.21705  1.08%   941  704s
 16960  6921   20.21083   42   44   20.00084   20.21126  1.05%   947  720s
H17434  6963                      20.0008367   20.21083  1.05%   951  736s
H17460  6963                      20.0008367   20.21083  1.05%   951  737s
H17523  6961                      20.0010334   20.19715  0.98%   952  737s
H17745  6960                      20.0013205   20.19292  0.96%   952  737s

Cutting planes:
  Gomory: 61
  Cover: 1
  Implied bound: 470
  Projected implied bound: 445
  MIR: 2034
  Mixing: 10
  Flow cover: 3053
  RLT: 465
  Relax-and-lift: 4184

Explored 17769 nodes (16955007 simplex iterations) in 737.17 seconds (1194.65 work units)
Thread count was 32 (of 255 available processors)

Solution count 10: 20.0013 20.001 20.0008 ... 19.9597

Optimal solution found (tolerance 1.00e-02)
Best objective 2.000132049728e+01, best bound 2.018811438384e+01, gap 0.9339%

User-callback calls 186997, time in user-callback 0.18 sec
Encoding the two copies...
Encoding dependencies (activation_start=1, layers_offset=3)...
20.001320497279096  20.188114383837775  737.1876101493835
extract_all_variable_values: extracted 5040 values
save_n1_state: saved to repro_check/n1_state_repro_advstd2 (c_tag=1, c_target=2)

══ Advanced-standard-N1: done. State saved to repro_check/n1_state_repro_advstd2 ══
