source: 0 target: 1 model_arch: cnn1 perturbation type: linf perturbation size: [0.1] dataset: fmnist
Attack:   0%|          | 0/500 [00:00<?, ?it/s]Attack:   0%|          | 1/500 [00:00<01:05,  7.61it/s]Attack:   8%|▊         | 38/500 [00:00<00:02, 195.20it/s]Attack:  15%|█▌        | 75/500 [00:00<00:01, 268.09it/s]Attack:  22%|██▏       | 108/500 [00:00<00:01, 288.10it/s]Attack:  28%|██▊       | 141/500 [00:00<00:01, 301.32it/s]Attack:  36%|███▌      | 178/500 [00:00<00:01, 321.35it/s]Attack:  43%|████▎     | 215/500 [00:00<00:00, 335.75it/s]Attack:  50%|█████     | 252/500 [00:00<00:00, 345.56it/s]Attack:  58%|█████▊    | 288/500 [00:00<00:00, 348.97it/s]Attack:  65%|██████▌   | 326/500 [00:01<00:00, 355.99it/s]Attack:  72%|███████▏  | 362/500 [00:01<00:00, 357.12it/s]Attack:  80%|███████▉  | 399/500 [00:01<00:00, 359.51it/s]Attack:  87%|████████▋ | 436/500 [00:01<00:00, 359.41it/s]Attack:  94%|█████████▍| 472/500 [00:01<00:00, 347.41it/s]Attack: 100%|█████████▉| 499/500 [00:01<00:00, 323.91it/s]
best_val 15.759740829467773
Set parameter WLSAccessID
Set parameter WLSSecret
Set parameter LicenseID to value 2478548
Academic license 2478548 - for non-commercial use only - registered to ne___@campus.technion.ac.il
Advanced-standard-N1: computing diff bounds between N1 and N2...
compute_diff_and_comp_bounds: last hidden layer size = 10, diff width = 3.587568791032828
compute_diff_and_comp_bounds: output-layer diff bounds width = 12.114342298835044
compute_diff_and_comp_bounds: N1 pert bounds width = 614.6190193673114
compute_diff_and_comp_bounds: N2 pert bounds width = 615.6074988072716
compute_diff_and_comp_bounds: populated 3 ReLU layers
save_n1_diff_bounds: saved 3 ReLU layers (+ n1_preact_bounds.bin) to repro_check/n1_state_repro

══ Advanced-standard-N1: solving N1 (c_tag=1, c_target=2) ══
[notice | Main.MIPVerify]: Determining upper and lower bounds for the input to each non-linear unit.
Set parameter WLSAccessID
Set parameter WLSSecret
Set parameter LicenseID to value 2478548
Academic license 2478548 - for non-commercial use only - registered to ne___@campus.technion.ac.il
Set parameter TimeLimit to value 5
Set parameter TimeLimit to value 5
Set parameter WLSAccessID
Set parameter WLSSecret
Set parameter LicenseID to value 2478548
Academic license 2478548 - for non-commercial use only - registered to ne___@campus.technion.ac.il
Set parameter MIPFocus to value 3
Set parameter Cutoff to value 1.5759740829467773e+01
Set parameter Threads to value 32
Set parameter TimeLimit to value 10800
Set parameter MIPGap to value 0.01
Set parameter Seed to value 0
Set parameter Seed to value 0
Set parameter MIPGap to value 0.01
Set parameter MIPFocus to value 3
Set parameter Cutoff to value 1.5759740829467773e+01
Set parameter Threads to value 32
Set parameter TimeLimit to value 10800
Gurobi Optimizer version 13.0.0 build v13.0.0rc1 (linux64 - "Ubuntu 20.04.2 LTS")

CPU model: AMD EPYC 7713 64-Core Processor, instruction set [SSE2|AVX|AVX2]
Thread count: 127 physical cores, 255 logical processors, using up to 32 threads

Non-default parameters:
Cutoff  1.5759740829467773e+01
TimeLimit  10800
MIPGap  0.01
MIPFocus  3
Threads  32

Academic license 2478548 - for non-commercial use only - registered to ne___@campus.technion.ac.il
Optimize a model with 6303 rows, 5040 columns and 71887 nonzeros (Max)
Model fingerprint: 0xd2f5dded
Model has 1 linear objective coefficients
Variable types: 4102 continuous, 938 integer (938 binary)
Coefficient statistics:
  Matrix range     [7e-05, 1e+02]
  Objective range  [1e+00, 1e+00]
  Bounds range     [1e-01, 1e+02]
  RHS range        [3e-02, 9e+01]

User MIP start produced solution with objective 18.9795 (0.68s)
User MIP start produced solution with objective 19.415 (1.13s)
User MIP start produced solution with objective 19.415 (3.44s)
Loaded user MIP start with objective 19.415
Processed MIP start in 3.44 seconds (4.55 work units)

Presolve removed 1756 rows and 811 columns
Presolve time: 0.11s
Presolved: 4547 rows, 4229 columns, 69900 nonzeros
Variable types: 3291 continuous, 938 integer (938 binary)
Root relaxation presolve removed 7 rows and 7 columns
Root relaxation presolved: 4540 rows, 4222 columns, 69879 nonzeros


Root relaxation: objective 3.063894e+01, 6526 iterations, 0.52 seconds (0.67 work units)

    Nodes    |    Current Node    |     Objective Bounds      |     Work
 Expl Unexpl |  Obj  Depth IntInf | Incumbent    BestBd   Gap | It/Node Time

     0     0   30.63894    0  265   19.41502   30.63894  57.8%     -    4s
     0     0   29.21033    0  219   19.41502   29.21033  50.5%     -    5s
     0     0   29.21033    0  199   19.41502   29.21033  50.5%     -    5s
     0     0   27.72739    0  205   19.41502   27.72739  42.8%     -    6s
     0     0   27.72739    0  203   19.41502   27.72739  42.8%     -    6s
     0     0   27.72739    0  203   19.41502   27.72739  42.8%     -    6s
     0     0   26.73994    0  171   19.41502   26.73994  37.7%     -    6s
     0     0   26.73994    0  171   19.41502   26.73994  37.7%     -    6s
     0     0   26.73994    0  151   19.41502   26.73994  37.7%     -    7s
     0     0   24.85281    0  152   19.41502   24.85281  28.0%     -    8s
     0     0   24.82701    0  153   19.41502   24.82701  27.9%     -    8s
     0     0   24.78937    0  152   19.41502   24.78937  27.7%     -    8s
     0     0   24.78937    0  150   19.41502   24.78937  27.7%     -    8s
     0     0   24.18104    0  168   19.41502   24.18104  24.5%     -    9s
     0     0   24.18104    0  168   19.41502   24.18104  24.5%     -    9s
     0     0   24.18104    0  160   19.41502   24.18104  24.5%     -   10s
     0     0   23.87588    0  147   19.41502   23.87588  23.0%     -   11s
     0     0   23.87520    0  151   19.41502   23.87520  23.0%     -   11s
     0     0   23.87414    0  153   19.41502   23.87414  23.0%     -   11s
     0     0   23.77491    0  162   19.41502   23.77491  22.5%     -   12s
     0     0   23.77491    0  162   19.41502   23.77491  22.5%     -   12s
     0     0   23.77491    0  151   19.41502   23.77491  22.5%     -   13s
     0     0   23.56367    0  151   19.41502   23.56367  21.4%     -   14s
     0     0   23.56367    0  149   19.41502   23.56367  21.4%     -   14s
     0     2   23.56367    0  148   19.41502   23.56367  21.4%     -   17s
     1     2     cutoff    1        19.41502   23.56367  21.4% 15228   20s
     7     2   23.56367    4  162   19.41502   23.56367  21.4%  5590   25s
H   21    16                      19.4178563   23.27089  19.8%  4296   28s
    39    38   21.48530    9  123   19.41786   23.07560  18.8%  3565   30s
   124    97   21.30222   11   83   19.41786   22.14048  14.0%  2112   36s
   386   294   21.32082   22   47   19.41786   21.32082  9.80%  1405   40s
H  548   379                      19.4206892   21.23217  9.33%  1278   43s
   695   573   21.14275   32   14   19.42069   21.14275  8.87%  1078   45s
   816   671   20.30863   36   75   19.42069   21.13152  8.81%   987   50s
   909   792   21.13152   42   60   19.42069   21.13152  8.81%   986   55s
  1347  1292   21.13152   53   18   19.42069   21.13152  8.81%   838   60s
  1723  1557   20.80554   60  205   19.42069   21.13152  8.81%   770   65s
  1910  1663     cutoff   63        19.42069   21.13152  8.81%   879   71s
  2067  1823   19.71138   56  233   19.42069   21.13152  8.81%   918   75s
H 2220  1942                      19.4592863   21.12240  8.55%   974   79s
  2288  2096   19.51402   54  242   19.45929   21.12240  8.55%   961   81s
  2608  2272   19.73407   48  233   19.45929   21.12134  8.54%   947   86s
  2789  2530   19.84067   44  241   19.45929   21.11028  8.48%   951   91s
H 2870  2501                      19.5030156   21.10827  8.23%   952   91s
H 3200  2569                      19.7664317   21.09945  6.74%   890  130s
  3201  2570   21.06987   43  149   19.76643   21.09945  6.74%   890  147s
  3204  2572   21.07992   54  148   19.76643   21.09945  6.74%   889  150s
  3210  2576   20.85514   44  142   19.76643   21.09945  6.74%   887  156s
  3212  2577   20.60123   65  127   19.76643   21.09945  6.74%   886  163s
H 3212  2447                      19.7664317   21.09945  6.74%   886  163s
  3213  2448   20.69295   65  133   19.76643   21.09945  6.74%   886  165s
  3215  2449   20.74842   47  126   19.76643   21.09945  6.74%   886  170s
  3217  2452   21.09945   14  177   19.76643   21.09945  6.74%   896  177s
  3219  2451   21.09945   15  152   19.76643   21.09945  6.74%   902  180s
  3223  2450     cutoff   17        19.76643   21.09945  6.74%   913  186s
  3227  2454   21.09945   19  152   19.76643   21.09945  6.74%   918  190s
H 3235  2338                      19.7668759   21.09945  6.74%   921  191s
H 3238  2220                      19.7833524   21.09945  6.65%   923  191s
  3273  2223   21.09945   23  106   19.78335   21.09945  6.65%   935  196s
  3395  2224   21.09945   27   76   19.78335   21.09945  6.65%   959  200s
  3516  2230   21.09945   32   97   19.78335   21.09945  6.65%   980  205s
H 3538  2112                      19.8544547   21.09945  6.27%   981  206s
  3659  2136   20.61633   37  147   19.85445   21.09945  6.27%   979  211s
  3804  2155   21.09280   42   57   19.85445   21.09280  6.24%   980  216s
  3940  2162   21.06979   45   87   19.85445   21.07058  6.13%   985  221s
H 3980  2076                      19.8544751   21.05779  6.06%   992  223s
  4016  2091   21.04432   49   87   19.85448   21.04498  6.00%   998  225s
  4163  2126   19.95034   51  177   19.85448   21.03251  5.93%  1000  230s
  4208  2106 infeasible   52        19.85448   21.01465  5.84%  1003  235s
  4282  2119   20.78821   55  128   19.85448   20.80988  4.81%  1031  243s
  4326  2144   20.78003   56  114   19.85448   20.78724  4.70%  1036  248s
  4375  2156   20.76287   63  110   19.85448   20.77309  4.63%  1035  250s
  4449  2181   20.75994   65  104   19.85448   20.75994  4.56%  1031  256s
  4530  2212   20.71346   67  103   19.85448   20.71346  4.33%  1026  260s
  4602  2247   20.65177   69  105   19.85448   20.65177  4.02%  1025  268s
  4634  2268   20.64960   70   93   19.85448   20.65053  4.01%  1031  273s
  4673  2279   20.62396   71   88   19.85448   20.64646  3.99%  1034  278s
  4713  2288     cutoff   71        19.85448   20.58367  3.67%  1039  282s
  4749  2298   20.56896   73  100   19.85448   20.56896  3.60%  1041  287s
  4783  2326   20.56837   74   89   19.85448   20.56837  3.60%  1047  292s
H 4804  2219                      19.8863421   20.55274  3.35%  1045  292s
  4828  2224   20.41763   68  116   19.88634   20.54942  3.33%  1046  295s
  4865  2294   20.53355   65  106   19.88634   20.54379  3.31%  1049  300s
  5206  2420   20.15603   76  120   19.88634   20.52733  3.22%  1030  310s
  5286  2589   20.30134   66  143   19.88634   20.51587  3.17%  1029  315s
  5516  2767   20.46150   84   97   19.88634   20.50952  3.13%  1008  320s
  6199  3115     cutoff   72        19.88634   20.49630  3.07%   931  328s
  6422  3213     cutoff   45        19.88634   20.49118  3.04%   911  333s
H 6533  3054                      19.9449168   20.48967  2.73%   899  333s
  6613  3628   20.45760   92   93   19.94492   20.48793  2.72%   892  337s
  7978  4149   20.18212   88  100   19.94492   20.48354  2.70%   759  342s
  8264  4396   20.47733   86   81   19.94492   20.48231  2.69%   743  346s
  8716  4701   20.45549   93   81   19.94492   20.47796  2.67%   720  354s
H 9043  4685                      19.9593785   20.47580  2.59%   704  354s
  9067  5211   20.44483   96   74   19.95938   20.47541  2.59%   704  359s
  9609  5788   20.42299   87   69   19.95938   20.47318  2.57%   679  363s
 10205  6161   20.43917  101   68   19.95938   20.46992  2.56%   653  366s
H10492  6161                      19.9593785   20.46829  2.55%   641  366s
 11069  7227   20.44706  101   69   19.95938   20.46725  2.54%   618  372s
 11667  7702   20.42873   88   70   19.95938   20.46606  2.54%   595  379s
 12152  8125   20.17458   92   93   19.95938   20.46469  2.53%   580  382s
H12187  8125                      19.9593785   20.46435  2.53%   581  382s
H12400  8112                      19.9791753   20.46399  2.43%   574  382s
H12459  8103                      19.9855379   20.46383  2.39%   572  383s
 12587  8710   20.43101  105   51   19.98554   20.46347  2.39%   568  387s
 13226  9506   20.45113  124   28   19.98554   20.46126  2.38%   555  390s
 14925 10639   20.39294  107   50   19.98554   20.45598  2.35%   517  397s
 15226 10887   20.31983  100   72   19.98554   20.45260  2.34%   521  401s
 15494 11184   20.44770  104   58   19.98554   20.44851  2.32%   525  407s
 15805 11495   20.11990   93  124   19.98554   20.44471  2.30%   529  415s
 16523 12249   20.36379   94   81   19.98554   20.43531  2.25%   537  425s
 17294 12911   20.12365   91  113   19.98554   20.42260  2.19%   545  433s
H17538 12874                      20.0018960   20.41999  2.09%   548  433s
 17603 13255   20.08513  102  107   20.00190   20.41839  2.08%   549  438s
 18013 13673   20.37422  111   57   20.00190   20.41069  2.04%   553  443s
 18466 14060   20.39459  110   55   20.00190   20.40462  2.01%   557  451s
 18906 14424   20.32997  100   62   20.00190   20.39952  1.99%   562  456s
 19337 14449     cutoff   96        20.00190   20.39168  1.95%   565  462s
H19371 14023                      20.0399165   20.38992  1.75%   565  462s
 19375 14270   20.38171   90   88   20.03992   20.38960  1.74%   566  468s
 19877 14517   20.26062  101   84   20.03992   20.38666  1.73%   569  475s
 20504 14808   20.35974   97   73   20.03992   20.38399  1.72%   569  481s
 21227 14835   20.33709   93   79   20.03992   20.38033  1.70%   569  495s
 21264 14865   20.33818   73   85   20.03992   20.37903  1.69%   569  505s
 21298 14999   20.32559  126   50   20.03992   20.37860  1.69%   569  511s
 21643 15209   20.15293  109   72   20.03992   20.37832  1.69%   568  518s
 22233 15509   20.34401  101   62   20.03992   20.37781  1.69%   566  526s
 23120 15822   20.10299  116   92   20.03992   20.37502  1.67%   565  533s
 24196 16089   20.22356  114   57   20.03992   20.37168  1.66%   561  543s
 25193 16369   20.30571  127   47   20.03992   20.36941  1.64%   559  550s
 26233 16672   20.31493  137   46   20.03992   20.36711  1.63%   556  558s
 27334 16902   20.17683  119   59   20.03992   20.36542  1.62%   555  566s
 28398 17169   20.36012  109   58   20.03992   20.36256  1.61%   553  575s
 29323 17504   20.35157   98   65   20.03992   20.35775  1.59%   554  584s
 29532 17504   20.14682   75  113   20.03992   20.35731  1.58%   554  585s
 30384 17822   20.10617  101   99   20.03992   20.35299  1.56%   556  600s
 31399 18083     cutoff  101        20.03992   20.34111  1.50%   561  614s
 32403 18082     cutoff   84        20.03992   20.32741  1.43%   565  627s
 33398 18066   20.22214   54   94   20.03992   20.30944  1.34%   569  642s
H33408 17991                      20.0420290   20.30836  1.33%   570  642s
H33424 16842                      20.0581471   20.30613  1.24%   570  642s
 33477 16360     cutoff  131        20.05815   20.30279  1.22%   570  656s
 34551 15587   20.16483  101   61   20.05815   20.27967  1.10%   575  671s
 35825 15345     cutoff   41        20.05815   20.26415  1.03%   577  688s
H35833 15341                      20.0581943   20.26415  1.03%   577  688s

Cutting planes:
  Gomory: 64
  Cover: 5
  Implied bound: 507
  Projected implied bound: 467
  Clique: 5
  MIR: 2002
  Mixing: 9
  Flow cover: 3622
  RLT: 376
  Relax-and-lift: 4189

Explored 36155 nodes (20916372 simplex iterations) in 688.79 seconds (1372.30 work units)
Thread count was 32 (of 255 available processors)

Solution count 10: 20.0582 20.0581 20.042 ... 19.9449

Optimal solution found (tolerance 1.00e-02)
Best objective 2.005819434354e+01, best bound 2.025120690243e+01, gap 0.9623%

User-callback calls 236680, time in user-callback 0.12 sec
Encoding the two copies...
Encoding dependencies (activation_start=1, layers_offset=3)...
20.058194343536705  20.251206902431598  688.8074629306793
extract_all_variable_values: extracted 5040 values
save_n1_state: saved to repro_check/n1_state_repro (c_tag=1, c_target=2)

══ Advanced-standard-N1: done. State saved to repro_check/n1_state_repro ══
