source: 0 target: 3 model_arch: cnn1 perturbation type: linf perturbation size: [0.1] dataset: fmnist
Attack:   0%|          | 0/500 [00:00<?, ?it/s]Attack:   0%|          | 1/500 [00:00<00:58,  8.56it/s]Attack:   7%|▋         | 36/500 [00:00<00:02, 195.89it/s]Attack:  15%|█▍        | 73/500 [00:00<00:01, 271.58it/s]Attack:  22%|██▏       | 109/500 [00:00<00:01, 304.23it/s]Attack:  28%|██▊       | 142/500 [00:00<00:01, 310.81it/s]Attack:  36%|███▌      | 178/500 [00:00<00:00, 326.66it/s]Attack:  43%|████▎     | 215/500 [00:00<00:00, 339.01it/s]Attack:  51%|█████     | 253/500 [00:00<00:00, 350.82it/s]Attack:  58%|█████▊    | 289/500 [00:00<00:00, 352.10it/s]Attack:  65%|██████▌   | 325/500 [00:01<00:00, 351.87it/s]Attack:  72%|███████▏  | 361/500 [00:01<00:00, 352.24it/s]Attack:  80%|███████▉  | 398/500 [00:01<00:00, 354.33it/s]Attack:  87%|████████▋ | 434/500 [00:01<00:00, 355.67it/s]Attack:  94%|█████████▍| 470/500 [00:01<00:00, 355.59it/s]Attack: 100%|█████████▉| 499/500 [00:01<00:00, 328.70it/s]
best_val 13.046785354614258
Set parameter WLSAccessID
Set parameter WLSSecret
Set parameter LicenseID to value 2478548
Academic license 2478548 - for non-commercial use only - registered to ne___@campus.technion.ac.il
Standard mode: boosts enabled:
  PerturbedIntervals:                 true
  Absolute Zonotope (Source B on N1): true
  Per-Copy Triangle Drop τ:           0.5
  Sibling-Gated Refinement:           true
Standard-mode boost: computing absolute zonotope bounds (Source B) on N1...
compute_n2_bounds_zonotope_with_n1_tighten: Source A absent — propagating absolute zonotope only (standard-mode nn1 boost path)
compute_n2_bounds_zonotope_with_n1_tighten: populated 3 ReLU layers
  Source B bounds computed: 3 ReLU layers
compute_n2_pert_relaxation_bounds: populated 3 ReLU layers
compute_n2_relax_decision!: τ=0.5, both=162 org-only=0 pert-only=0 none=307 (plus 81 stable neurons)
[notice | Main.MIPVerify]: Determining upper and lower bounds for the input to each non-linear unit.
Set parameter WLSAccessID
Set parameter WLSSecret
Set parameter LicenseID to value 2478548
Academic license 2478548 - for non-commercial use only - registered to ne___@campus.technion.ac.il
Set parameter TimeLimit to value 5
Set parameter TimeLimit to value 5
Set parameter WLSAccessID
Set parameter WLSSecret
Set parameter LicenseID to value 2478548
Academic license 2478548 - for non-commercial use only - registered to ne___@campus.technion.ac.il
Set parameter MIPFocus to value 3
Set parameter Cutoff to value 1.3046785354614258e+01
Set parameter Threads to value 32
Set parameter TimeLimit to value 10800
Set parameter MIPGap to value 0.01
Set parameter Seed to value 4
Set parameter Seed to value 4
Set parameter MIPGap to value 0.01
Set parameter MIPFocus to value 3
Set parameter Cutoff to value 1.3046785354614258e+01
Set parameter Threads to value 32
Set parameter TimeLimit to value 10800
Gurobi Optimizer version 13.0.0 build v13.0.0rc1 (linux64 - "Ubuntu 20.04.2 LTS")

CPU model: AMD EPYC 7713 64-Core Processor, instruction set [SSE2|AVX|AVX2]
Thread count: 127 physical cores, 255 logical processors, using up to 32 threads

Non-default parameters:
Cutoff  1.3046785354614258e+01
TimeLimit  10800
MIPGap  0.01
MIPFocus  3
Seed  4
Threads  32

Academic license 2478548 - for non-commercial use only - registered to ne___@campus.technion.ac.il
Optimize a model with 5979 rows, 4716 columns and 80635 nonzeros (Max)
Model fingerprint: 0x24427955
Model has 1 linear objective coefficients
Variable types: 4102 continuous, 614 integer (614 binary)
Coefficient statistics:
  Matrix range     [6e-05, 1e+02]
  Objective range  [1e+00, 1e+00]
  Bounds range     [1e-01, 1e+02]
  RHS range        [1e-02, 9e+01]

User MIP start produced solution with objective 15.7893 (0.78s)
User MIP start produced solution with objective 16.8841 (1.11s)
User MIP start produced solution with objective 17.2518 (3.68s)
User MIP start produced solution with objective 17.3199 (3.68s)
User MIP start produced solution with objective 17.5021 (3.68s)
User MIP start produced solution with objective 17.8718 (3.68s)
User MIP start produced solution with objective 17.9157 (3.68s)
User MIP start produced solution with objective 17.9157 (4.16s)
Loaded user MIP start with objective 17.9157
Processed MIP start in 4.17 seconds (6.58 work units)

Presolve removed 1755 rows and 811 columns
Presolve time: 0.09s
Presolved: 4224 rows, 3905 columns, 77841 nonzeros
Variable types: 3291 continuous, 614 integer (614 binary)
Root relaxation presolve removed 168 rows and 6 columns
Root relaxation presolved: 4056 rows, 4061 columns, 72801 nonzeros


Root relaxation: objective 3.111788e+01, 6121 iterations, 0.39 seconds (0.55 work units)

    Nodes    |    Current Node    |     Objective Bounds      |     Work
 Expl Unexpl |  Obj  Depth IntInf | Incumbent    BestBd   Gap | It/Node Time

     0     0   31.11788    0  203   17.91575   31.11788  73.7%     -    5s
     0     0   29.68104    0  190   17.91575   29.68104  65.7%     -    5s
     0     0   29.68104    0  190   17.91575   29.68104  65.7%     -    5s
     0     0   29.68104    0  165   17.91575   29.68104  65.7%     -    6s
     0     0   27.85129    0  168   17.91575   27.85129  55.5%     -    6s
     0     0   27.82490    0  166   17.91575   27.82490  55.3%     -    6s
     0     0   26.22626    0  170   17.91575   26.22626  46.4%     -    7s
     0     0   26.22626    0  170   17.91575   26.22626  46.4%     -    7s
     0     0   26.22626    0  149   17.91575   26.22626  46.4%     -    8s
H    0     0                      17.9157471   26.22626  46.4%     -    8s
     0     0   24.79971    0  157   17.91575   24.79971  38.4%     -    8s
     0     0   24.70933    0  153   17.91575   24.70933  37.9%     -    8s
     0     0   24.70742    0  152   17.91575   24.70742  37.9%     -    8s
     0     0   24.66612    0  151   17.91575   24.66612  37.7%     -    8s
     0     0   24.66612    0  152   17.91575   24.66612  37.7%     -    8s
     0     0   24.39279    0  150   17.91575   24.39279  36.2%     -    9s
     0     0   24.39279    0  150   17.91575   24.39279  36.2%     -    9s
     0     0   24.39279    0  140   17.91575   24.39279  36.2%     -   10s
H    0     0                      17.9157471   24.39279  36.2%     -   12s
H    0     0                      17.9157472   24.39279  36.2%     -   12s
H    0     0                      17.9217600   24.39279  36.1%     -   12s
     0     0   23.85660    0  133   17.92176   23.85660  33.1%     -   12s
     0     0   23.80495    0  142   17.92176   23.80495  32.8%     -   12s
     0     0   23.78580    0  129   17.92176   23.78580  32.7%     -   12s
     0     0   23.77639    0  137   17.92176   23.77639  32.7%     -   12s
     0     0   23.77070    0  136   17.92176   23.77070  32.6%     -   12s
     0     0   23.67340    0  149   17.92176   23.67340  32.1%     -   13s
     0     0   23.67340    0  149   17.92176   23.67340  32.1%     -   14s
     0     0   23.67340    0  138   17.92176   23.67340  32.1%     -   14s
     0     0   23.61240    0  138   17.92176   23.61240  31.8%     -   15s
     0     0   23.61240    0  138   17.92176   23.61240  31.8%     -   15s
H    0     2                      17.9217600   23.61240  31.8%     -   18s
     0     2   23.61240    0  138   17.92176   23.61240  31.8%     -   18s
     1     4   23.61240    1  169   17.92176   23.61240  31.8%  5101   20s
    23     8   22.41614    5  181   17.92176   23.61240  31.8%  4605   25s
H   51    32                      17.9217602   22.66693  26.5%  3606   29s
H   58    32                      17.9231776   22.66693  26.5%  3380   29s
    61    60   22.52278    9  100   17.92318   22.66387  26.5%  3306   30s
   165   167   22.08920   12   79   17.92318   22.20124  23.9%  2626   37s
   238   223   21.71893   18   54   17.92318   21.76182  21.4%  2515   42s
H  270   255                      17.9231776   21.71650  21.2%  2522   44s
   302   300   21.59360   20   41   17.92318   21.66240  20.9%  2492   46s
H  356   336                      17.9237541   21.53524  20.1%  2301   47s
H  378   336                      17.9260561   21.53524  20.1%  2250   47s
   497   490   20.93518   25   48   17.92606   21.49192  19.9%  1894   50s
   849   905   18.39871   39  281   17.92606   21.42763  19.5%  1342   57s
  1025  1062   20.96390   42  147   17.92606   21.41283  19.5%  1275   61s
  1197  1186   19.09240   47  245   17.92606   21.39116  19.3%  1227   66s
  1286  1271   20.35236   39  216   17.92606   21.36569  19.2%  1273   71s
  1362  1347   20.31367   39  211   17.92606   21.35144  19.1%  1348   75s
H 1438  1423                      17.9324880   21.33032  18.9%  1391   80s
H 1453  1423                      17.9349204   21.12610  17.8%  1391   80s
H 1457  1423                      17.9398122   21.12610  17.8%  1394   80s
  1702  1821   21.05629   35  111   17.93981   21.05629  17.4%  1306   86s
  1913  2037   18.98357   47  236   17.93981   20.99523  17.0%  1229   90s
  2362  2500   20.97140   40   99   17.93981   20.97140  16.9%  1056   95s
H 2587  2551                      17.9417709   20.96315  16.8%  1033   97s
H 2589  2551                      17.9420779   20.96315  16.8%  1033   97s
  2602  2586   20.77991   37  181   17.94208   20.96253  16.8%  1037  100s
  2844  2945   20.71508   42  177   17.94208   20.95092  16.8%  1027  105s
  3003  2946   20.48802   51  138   17.94208   20.94694  16.7%  1019  174s
  3005  2947   20.46080   50  203   17.94208   20.94694  16.7%  1019  175s
  3012  2952   18.93288   42  150   17.94208   20.94694  16.7%  1016  183s
  3013  2953   20.35721   52  148   17.94208   20.94694  16.7%  1016  185s
  3015  2954   20.37733   36  148   17.94208   20.94694  16.7%  1015  191s
  3017  2958   20.94694   15  171   17.94208   20.94694  16.7%  1028  195s
  3029  2954     cutoff   18        17.94208   20.94694  16.7%  1045  202s
  3041  2962   20.94694   21  144   17.94208   20.94694  16.7%  1053  206s
  3065  2990   20.94694   23  115   17.94208   20.94694  16.7%  1066  210s
  3183  3060   20.94694   26   89   17.94208   20.94694  16.7%  1106  216s
H 3226  2950                      17.9420779   20.94694  16.7%  1118  218s
H 3231  2807                      17.9450072   20.94694  16.7%  1118  218s
  3282  2847   20.94694   28   83   17.94501   20.94694  16.7%  1130  221s
  3339  2868   20.34426   29   90   17.94501   20.94694  16.7%  1148  225s
  3424  2915   18.93581   31  288   17.94501   20.94694  16.7%  1184  235s
  3456  2934   20.94694   35  151   17.94501   20.94694  16.7%  1198  240s
  3520  2977   20.94694   37  150   17.94501   20.94694  16.7%  1223  248s
  3552  2998   20.94694   38  133   17.94501   20.94694  16.7%  1230  256s
  3584  3019   20.94694   39  132   17.94501   20.94694  16.7%  1236  260s
  3650  3063   20.94694   41  133   17.94501   20.94694  16.7%  1248  268s
  3682  3085   20.94694   42  129   17.94501   20.94694  16.7%  1254  272s
  3714  3109   20.94694   43  127   17.94501   20.94694  16.7%  1257  277s
  3749  3139   20.94694   44  126   17.94501   20.94694  16.7%  1258  280s
H 3763  3001                      17.9450662   20.94694  16.7%  1258  280s
  3849  3066   20.11500   46  143   17.94507   20.94694  16.7%  1251  287s
  3885  3088   20.19778   48  186   17.94507   20.94694  16.7%  1256  290s
  3919  3112   19.95995   44  185   17.94507   20.69864  15.3%  1264  295s
  3954  3133   19.62981   46  231   17.94507   20.64154  15.0%  1274  301s
  3987  3158   19.84122   44  191   17.94507   20.60377  14.8%  1286  306s
  4023  3179   20.07020   51  124   17.94507   20.54246  14.5%  1296  313s
  4056  3207   20.29928   35  228   17.94507   20.50136  14.2%  1304  320s
  4095  3228   20.46109   52  143   17.94507   20.47080  14.1%  1318  327s
  4131  3248   20.19533   53  140   17.94507   20.43675  13.9%  1333  332s
  4163  3265   20.13546   41  138   17.94507   20.41528  13.8%  1347  341s
  4195  3286   20.19870   55  162   17.94507   20.36799  13.5%  1359  348s
  4228  3307   19.47441   47  188   17.94507   20.33933  13.3%  1377  354s
H 4243  3176                      18.3175129   20.32280  10.9%  1380  354s
  4262  3197   20.25861   32  160   18.31751   20.30506  10.9%  1385  361s
  4312  3269   20.27025   49  125   18.31751   20.27076  10.7%  1395  369s
  4409  3267   19.21676   50  209   18.31751   20.24459  10.5%  1402  376s
  4452  3359   20.08711   51  149   18.31751   20.20635  10.3%  1415  383s
  4565  3450   19.33405   44  231   18.31751   20.17576  10.1%  1423  391s
  4705  3507     cutoff   39        18.31751   20.14853  10.0%  1421  401s
  4822  3509     cutoff   38        18.31751   20.12362  9.86%  1431  409s
  4872  3532     cutoff   44        18.31751   20.10010  9.73%  1440  416s
H 4880  3408                      18.3186940   20.09850  9.72%  1442  416s
  4925  3509     cutoff   42        18.31869   20.08533  9.64%  1448  426s
  5068  3615   19.17361   47  121   18.31869   20.05427  9.47%  1455  436s
  5262  3614   18.99684   44  153   18.31869   20.02456  9.31%  1456  446s
  5341  3809   18.81342   55  187   18.31869   20.00209  9.19%  1462  458s
  5602  3921   19.77036   48  136   18.31869   19.98633  9.10%  1452  470s
  5838  3979   19.55780   45  167   18.31869   19.95355  8.92%  1447  482s
H 6025  3913                      18.3565337   19.94551  8.66%  1457  494s
  6186  4042   19.88186   35  190   18.35653   19.90338  8.43%  1463  507s
  6419  4143   18.78250   42  243   18.35653   19.85721  8.18%  1468  520s
  6650  4143   19.59994   36  173   18.35653   19.82196  7.98%  1474  534s
  6767  4195   19.45123   32  220   18.35653   19.80596  7.90%  1486  546s
H 6885  4043                      18.3620026   19.78535  7.75%  1491  546s
  6888  4351   19.74570   45  196   18.36200   19.78423  7.75%  1491  560s
  7267  4393   19.04913   31  231   18.36200   19.76768  7.66%  1477  575s
  7499  4441     cutoff   31        18.36200   19.74133  7.51%  1487  589s
H 7529  4311                      18.3902457   19.72937  7.28%  1489  589s
  7687  4562   19.57205   51  150   18.39025   19.71498  7.20%  1489  604s
  8071  4822   19.63592   50  166   18.39025   19.68100  7.02%  1481  619s
  8537  4815   19.59262   50  197   18.39025   19.65583  6.88%  1457  636s
H 8663  4606                      18.4851639   19.64681  6.28%  1452  636s
H 8666  4490                      18.5570311   19.64681  5.87%  1451  636s
  8723  4829   19.41812   51  190   18.55703   19.64169  5.85%  1450  653s
  9156  5085   19.43081   53  219   18.55703   19.62774  5.77%  1431  674s
  9524  5517   19.40653   37  198   18.55703   19.59800  5.61%  1422  690s
 10068  5562     cutoff   65        18.55703   19.57239  5.47%  1398  711s
 10143  5767     cutoff   37        18.55703   19.55730  5.39%  1397  730s
 10415  6446   19.37299   38  199   18.55703   19.54835  5.34%  1384  749s
 11258  7188   19.31103   59  183   18.55703   19.53102  5.25%  1332  768s
H11638  7117                      18.5911418   19.51951  4.99%  1310  768s
 12160  8078   19.10325   40  159   18.59114   19.50433  4.91%  1275  788s
 13323  9138   19.24929   61  213   18.59114   19.48345  4.80%  1209  808s
 14613 10266   19.42558   67  197   18.59114   19.45660  4.66%  1146  829s
 15951 11472   19.42479   41  151   18.59114   19.43815  4.56%  1091  850s
 17397 13129   19.30930   91  152   18.59114   19.41641  4.44%  1038  870s
 19305 14754   19.23513   72  181   18.59114   19.40404  4.37%   969  889s
H19467 14640                      18.6326232   19.40161  4.13%   964  889s
H20177 14596                      18.6466530   19.39957  4.04%   941  889s
 21142 15997   19.32363   77  178   18.64665   19.39021  3.99%   911  909s
 22826 17359     cutoff   86        18.64665   19.37901  3.93%   871  928s
 24452 19040   19.33586   96  155   18.64665   19.36727  3.86%   840  950s
 26400 21024   19.31992   72  176   18.64665   19.35479  3.80%   803  972s
 28586 22956   19.28405   83  170   18.64665   19.34564  3.75%   765  991s
 30766 26832     cutoff   77        18.64665   19.33456  3.69%   732 1022s
 35019 26858     cutoff   75        18.64665   19.32153  3.62%   676 1040s
 35057 26886   19.28178   80  170   18.64665   19.31645  3.59%   675 1055s
H35060 26773                      18.6722215   19.31627  3.45%   675 1055s
 35093 26796   19.11989   77  184   18.67222   19.31443  3.44%   675 1070s
H35132 26700                      18.6950820   19.31351  3.31%   675 1070s
 35134 28597   19.26874  102  144   18.69508   19.31349  3.31%   675 1088s
 37173 30351   19.18749   79  175   18.69508   19.31136  3.30%   652 1105s
 39092 31823   19.23357   79  180   18.69508   19.30416  3.26%   632 1120s
 40686 34030   19.20597   83  168   18.69508   19.30050  3.24%   617 1137s
 43039 36182   18.92420   47  175   18.69508   19.29533  3.21%   597 1155s
 45340 38379   19.23009   93  156   18.69508   19.28848  3.17%   579 1176s
 47694 40805   19.19615   84  176   18.69508   19.28300  3.14%   562 1199s
 50276 43548   19.22993   96  154   18.69508   19.27678  3.11%   546 1219s
 53201 46247   19.19843   90  168   18.69508   19.27001  3.08%   528 1243s
 56087 47746   19.14774   95  161   18.69508   19.26363  3.04%   513 1260s
 57670 51065   19.23846   84  170   18.69508   19.25881  3.02%   505 1282s
 61168 58084   18.99953  104  144   18.69508   19.25473  2.99%   489 1324s
 68533 62508   19.19709   96  153   18.69508   19.24179  2.92%   458 1346s
 73102 66630   19.22959   80  176   18.69508   19.23655  2.90%   440 1369s
 77381 70936   19.11048   65  199   18.69508   19.23255  2.87%   425 1391s
 81865 75408   19.00992   87  166   18.69508   19.22923  2.86%   411 1416s
 86499 79868   19.20179   61  161   18.69508   19.22469  2.83%   398 1440s
 91126 89979   19.15726   83  171   18.69508   19.22099  2.81%   386 1487s
 101611 93749     cutoff   70        18.69508   19.21258  2.77%   363 1507s
 105559 97646   19.16020   83  172   18.69508   19.20997  2.75%   356 1528s
 109576 101914     cutoff   75        18.69508   19.20556  2.73%   349 1548s
 114017 105721   18.95602   81  183   18.69508   19.20336  2.72%   342 1569s
 117985 109581   19.16519   84  175   18.69508   19.19962  2.70%   336 1591s
 122002 117654   19.19371   94  168   18.69508   19.19782  2.69%   331 1630s
 130426 117685   18.73046   68  174   18.69508   19.19368  2.67%   320 1651s
 130459 119686   19.16874   62  177   18.69508   19.19232  2.66%   320 1670s
 132524 119717   18.82779   85  179   18.69508   19.19100  2.65%   317 1689s
H132550 119696                      18.6981529   19.19069  2.63%   317 1689s
 132557 122107   19.10148   77  182   18.69815   19.19062  2.63%   317 1710s
H132558 122107                      18.6981529   19.19062  2.63%   317 1710s
H132946 122107                      18.6981570   19.19059  2.63%   317 1710s
H133057 122099                      18.6990645   19.19058  2.63%   316 1710s
H133058 122086                      18.7005003   19.19058  2.62%   316 1710s
H133679 121700                      18.7219196   19.19053  2.50%   316 1710s
 135056 127653   19.00335   97  158   18.72192   19.19039  2.50%   314 1736s
 141211 131741   18.95062   95  153   18.72192   19.18661  2.48%   307 1760s
 145513 136753   19.04263   78  197   18.72192   19.18492  2.47%   302 1785s
 150737 142019   19.05973  104  149   18.72192   19.18220  2.46%   297 1808s
 156193 150474   19.13646   95  163   18.72192   19.17942  2.44%   292 1843s
 165000 153584   19.14949  106  144   18.72192   19.17618  2.43%   284 1862s
 168233 158212   19.11634   78  176   18.72192   19.17455  2.42%   281 1883s
 173042 162459   19.16721   89  168   18.72192   19.17250  2.41%   277 1902s
 177461 167127   19.15651  102  148   18.72192   19.17126  2.40%   274 1922s
 182340 172150   19.14563   85  179   18.72192   19.16912  2.39%   270 1942s
 187539 180081   19.02320   98  143   18.72192   19.16699  2.38%   267 1974s
 195805 184297   18.93411   81  186   18.72192   19.16406  2.36%   261 1990s
 200132 188610   19.10997  107  145   18.72192   19.16309  2.36%   258 2008s
 204595 193106   18.95982  121  125   18.72192   19.16146  2.35%   256 2028s
 209272 197531   19.15008   96  155   18.72192   19.15949  2.34%   253 2047s
 213858 201398   19.14268   81  177   18.72192   19.15852  2.33%   250 2065s
 217868 208661     cutoff   67        18.72192   19.15681  2.32%   248 2094s
 225372 213425   19.08973  117  144   18.72192   19.15508  2.31%   244 2112s
 230327 217543   19.11097  125  121   18.72192   19.15321  2.30%   242 2131s
 234623 221902   18.96009  101  145   18.72192   19.15173  2.30%   240 2149s
 239166 226135   19.08004   98  155   18.72192   19.15060  2.29%   238 2166s
 243560 229408   18.79212   45  180   18.72192   19.14948  2.28%   236 2183s
 246961 236337   19.13354   84  177   18.72192   19.14816  2.28%   235 2212s
 254172 240722   19.10144  106  145   18.72192   19.14607  2.27%   232 2231s
 258739 245565   19.09273  130  115   18.72192   19.14458  2.26%   230 2250s
 263767 250222     cutoff   75        18.72192   19.14339  2.25%   228 2267s
 268590 254576   19.12847   90  167   18.72192   19.14223  2.25%   226 2285s
 273130 259428   19.07345  101  151   18.72192   19.14096  2.24%   224 2302s
 278165 259877   19.09271   94  160   18.72192   19.14011  2.23%   223 2326s
 278634 272552   19.00723  106  145   18.72192   19.13967  2.23%   222 2395s
 291799 277242   19.00043  108  135   18.72192   19.13739  2.22%   218 2416s
 296771 283418   19.07565   99  155   18.72192   19.13656  2.21%   217 2442s
 303151 288332   19.09548  132  120   18.72192   19.13552  2.21%   215 2462s
 308230 294859   19.11239   95  164   18.72192   19.13405  2.20%   213 2487s
 315000 299406   19.11586  121  131   18.72192   19.13253  2.19%   211 2505s
 319694 303709   19.07358  102  149   18.72192   19.13160  2.19%   210 2523s
 324125 308326   19.04368   51  178   18.72192   19.13081  2.18%   209 2539s
 328924 313036   19.09765  106  142   18.72192   19.12946  2.18%   208 2557s
 333777 317415   19.04146  115  136   18.72192   19.12851  2.17%   207 2575s
 338308 324058   19.11478  116  137   18.72192   19.12745  2.17%   205 2599s
 345156 328386   18.90797  109  148   18.72192   19.12675  2.16%   204 2616s
 349644 332988   18.87065  108  134   18.72192   19.12564  2.16%   203 2632s
 354401 337557   19.08296   99  152   18.72192   19.12472  2.15%   202 2649s
 359140 342499     cutoff   85        18.72192   19.12384  2.15%   201 2666s
 364223 347088   19.08379  108  144   18.72192   19.12277  2.14%   199 2682s
 368964 353869   19.02068  108  145   18.72192   19.12204  2.14%   198 2705s
 375944 357206   19.11813  120  138   18.72192   19.12110  2.13%   197 2721s
 379415 361719   19.08659   89  173   18.72192   19.12040  2.13%   196 2736s
 384096 366270   19.03286  100  158   18.72192   19.11990  2.13%   195 2753s
 388792 370866   19.06457  107  142   18.72192   19.11884  2.12%   194 2769s
 393533 375489   19.04943  108  150   18.72192   19.11810  2.12%   193 2785s
 398318 382295   19.10650   68  165   18.72192   19.11725  2.11%   192 2808s
 405347 386650   19.10395   87  170   18.72192   19.11628  2.11%   191 2823s
 409853 390377   18.99813   95  163   18.72192   19.11540  2.10%   190 2838s
 413727 395374   18.93786  114  143   18.72192   19.11483  2.10%   190 2854s
 418884 399708   19.04298   96  153   18.72192   19.11423  2.10%   189 2870s
 423359 404339   19.06144  115  137   18.72192   19.11368  2.09%   188 2886s
 428134 410783   19.06824  101  155   18.72192   19.11331  2.09%   187 2910s
 434804 413136   19.05220  101  145   18.72192   19.11228  2.09%   186 2925s
 437224 418614   19.09473   98  152   18.72192   19.11177  2.08%   186 2944s
 442852 423561     cutoff   83        18.72192   19.11113  2.08%   185 2962s
 447968 428199   19.06590   87  171   18.72192   19.11052  2.08%   184 2980s
 452749 433071   19.06246  100  141   18.72192   19.10963  2.07%   183 2996s
 457790 433102   19.10848   90  170   18.72192   19.10888  2.07%   182 3013s
H457791 432756                      18.7282441   19.10888  2.03%   182 3013s
H457817 432250                      18.7359296   19.10881  1.99%   182 3013s
 457823 445034   19.02760  103  150   18.73593   19.10879  1.99%   182 3066s
 471069 445064   19.05992  118  128   18.73593   19.10733  1.98%   181 3083s
 471102 445689   19.03905   96  160   18.73593   19.10731  1.98%   181 3096s
 471749 451309   19.06535  117  132   18.73593   19.10728  1.98%   181 3114s
 477554 456287   18.98406  108  142   18.73593   19.10649  1.98%   180 3132s
 482690 461204   19.09217   94  159   18.73593   19.10585  1.97%   179 3148s
 487778 467517   19.04434  131  116   18.73593   19.10514  1.97%   178 3169s
 494366 471606   18.98884  111  144   18.73593   19.10422  1.97%   178 3184s
 498615 476127   19.09341   84  160   18.73593   19.10360  1.96%   177 3199s
 503284 480745   19.08458  108  143   18.73593   19.10312  1.96%   176 3215s
 508057 485496   19.05524   95  161   18.73593   19.10240  1.96%   176 3229s
 512924 488370   19.05934   94  155   18.73593   19.10186  1.95%   175 3242s
 515901 493315   19.07075  116  138   18.73593   19.10142  1.95%   175 3258s
 521021 499672   19.03381  111  141   18.73593   19.10115  1.95%   174 3279s
 527555 503783   19.07492   90  161   18.73593   19.10025  1.94%   173 3294s
 531834 508099   19.04840  110  138   18.73593   19.09975  1.94%   173 3309s
 536310 512916   19.06827  102  146   18.73593   19.09930  1.94%   172 3325s
 541316 517488   19.06362   88  170   18.73593   19.09845  1.93%   172 3340s
 546049 521987   19.09323  101  159   18.73593   19.09796  1.93%   171 3355s
 550737 528640   18.99039   76  178   18.73593   19.09740  1.93%   171 3376s
 557606 533297   19.07809   99  140   18.73593   19.09680  1.93%   170 3390s
 562441 537996   18.89928  114  140   18.73593   19.09621  1.92%   169 3404s
 567288 540750   19.04462   99  158   18.73593   19.09583  1.92%   169 3416s
 570134 545749   19.07847   92  165   18.73593   19.09557  1.92%   169 3431s
 575289 550356   18.97609   94  161   18.73593   19.09525  1.92%   168 3446s
 580049 552461   19.07438  113  133   18.73593   19.09472  1.91%   167 3462s
H580316 552461                      18.7359296   19.09471  1.91%   167 3462s
H580766 552461                      18.7359296   19.09468  1.91%   167 3462s
H581665 552454                      18.7361149   19.09466  1.91%   167 3463s
 582206 563839   18.97997  108  143   18.73611   19.09463  1.91%   167 3494s
 593950 568757   19.01548   81  175   18.73611   19.09356  1.91%   166 3510s
 599027 573876   18.98501  113  141   18.73611   19.09311  1.91%   165 3526s
 604322 578666   19.04307  125  130   18.73611   19.09269  1.90%   165 3541s
 609286 585329   19.03281  108  136   18.73611   19.09234  1.90%   164 3561s
 616162 589595   19.07823  102  154   18.73611   19.09167  1.90%   164 3574s
 620579 594266   18.75370   87  176   18.73611   19.09142  1.90%   163 3589s
 625390 598752   19.04732  104  152   18.73611   19.09103  1.89%   163 3602s
 630064 603494   19.08495  101  148   18.73611   19.09063  1.89%   162 3617s
 634931 607189   19.03984  108  135   18.73611   19.09033  1.89%   162 3630s
 638721 613806   18.97437   94  157   18.73611   19.09001  1.89%   161 3650s
 645565 618186   19.02795  108  144   18.73611   19.08947  1.89%   161 3663s
 650086 622882   19.02448  102  154   18.73611   19.08914  1.88%   160 3678s
 654902 627981   18.99215  102  150   18.73611   19.08876  1.88%   160 3692s
 660130 628011   19.04339   89  177   18.73611   19.08841  1.88%   159 3708s
 660164 628292   19.07989   99  152   18.73611   19.08834  1.88%   160 3719s
 660465 632023   19.08650  119  135   18.73611   19.08831  1.88%   159 3733s
 664300 632054   18.88251  109  147   18.73611   19.08820  1.88%   159 3745s
H664324 631566                      18.7408366   19.08812  1.85%   159 3745s
 664333 635577   18.98610   79  176   18.74084   19.08810  1.85%   159 3760s
 668494 642174   19.04231  107  142   18.74084   19.08778  1.85%   159 3779s
 675286 646780   18.96819   97  166   18.74084   19.08731  1.85%   158 3794s
 680059 651144   18.97315   83  183   18.74084   19.08699  1.85%   158 3808s
 684603 655614   18.98590   98  152   18.74084   19.08668  1.85%   157 3822s
 689238 660266   19.08018   94  159   18.74084   19.08638  1.84%   157 3836s
 694069 665119   19.02470  103  142   18.74084   19.08616  1.84%   157 3851s
 699034 671089   19.07076  114  140   18.74084   19.08568  1.84%   156 3870s
 705232 675928   19.01728   94  160   18.74084   19.08522  1.84%   156 3887s
 710192 680406   18.92093   90  165   18.74084   19.08491  1.84%   155 3902s
 714819 683542   18.88446  119  143   18.74084   19.08455  1.83%   155 3915s
 718037 688316     cutoff   65        18.74084   19.08431  1.83%   155 3932s
 722973 693439   19.07995  119  142   18.74084   19.08392  1.83%   155 3948s
 728261 699126   19.06741  115  136   18.74084   19.08358  1.83%   154 3967s
 734160 703985   19.03283   91  162   18.74084   19.08319  1.83%   154 3983s
 739153 708617   18.99624  103  142   18.74084   19.08277  1.82%   154 3997s
 743950 713534   19.06283  111  137   18.74084   19.08246  1.82%   153 4011s
 749011 718347   18.94978  100  141   18.74084   19.08221  1.82%   153 4026s
 753967 722943   19.06102  106  139   18.74084   19.08177  1.82%   153 4040s
 758711 728640   19.02154   91  176   18.74084   19.08147  1.82%   152 4059s
 764585 732853   19.01918  104  138   18.74084   19.08117  1.82%   152 4074s
 768932 737549   19.03524  103  142   18.74084   19.08079  1.81%   152 4089s
 773761 742219   18.99888   90  167   18.74084   19.08050  1.81%   151 4104s
 778569 747098   18.84815  102  149   18.74084   19.08015  1.81%   151 4118s
 783580 751165   19.00570   85  162   18.74084   19.07982  1.81%   151 4132s
 787772 756392     cutoff   94        18.74084   19.07953  1.81%   151 4151s
 793187 761010   19.06285  101  150   18.74084   19.07920  1.81%   150 4167s
 797960 761040   19.06943  112  151   18.74084   19.07895  1.80%   150 4178s
 797994 761071   19.07120  120  135   18.74084   19.07883  1.80%   150 4189s
H798026 756907                      18.7687992   19.07880  1.65%   150 4200s
H798031 756690                      18.7699158   19.07880  1.65%   150 4200s
H798034 756581                      18.7704976   19.07880  1.64%   150 4200s
 798059 760659   19.07174  111  145   18.77050   19.07878  1.64%   150 4215s
 802318 765554   19.04927  106  141   18.77050   19.07859  1.64%   150 4231s
 807431 770258   18.96574   97  162   18.77050   19.07818  1.64%   150 4247s
 812335 774901     cutoff   90        18.77050   19.07793  1.64%   149 4263s
 817183 780449   19.05745   99  157   18.77050   19.07755  1.64%   149 4280s
 822914 784960   19.03368   78  178   18.77050   19.07714  1.63%   149 4295s
 827615 787421   19.07670   88  165   18.77050   19.07697  1.63%   149 4309s
 830163 792096   19.03732  118  134   18.77050   19.07670  1.63%   148 4325s
 835022 796849   19.01738  108  145   18.77050   19.07636  1.63%   148 4341s
 839947 801593   19.03032  115  135   18.77050   19.07614  1.63%   148 4357s
 844873 806580   19.02295  101  148   18.77050   19.07559  1.63%   148 4373s
 850045 811533   19.03095   85  174   18.77050   19.07529  1.62%   148 4390s
 855196 816431   19.02183  122  126   18.77050   19.07496  1.62%   147 4406s
 860315 820887   19.04412  108  143   18.77050   19.07464  1.62%   147 4421s
 864992 820917   18.97672  104  141   18.77050   19.07431  1.62%   147 4439s
 865025 821351   19.00547  111  151   18.77050   19.07423  1.62%   147 4451s
 865476 826129   19.04115   86  164   18.77050   19.07420  1.62%   147 4468s
 870431 831168   19.03719  111  143   18.77050   19.07400  1.62%   147 4484s
 875658 836029   19.05829   87  170   18.77050   19.07354  1.61%   146 4500s
 880715 841444     cutoff   89        18.77050   19.07321  1.61%   146 4518s
 886318 845970   19.06669  109  149   18.77050   19.07284  1.61%   146 4533s
 891004 850486   19.01763   95  154   18.77050   19.07257  1.61%   146 4548s
 895691 855083   19.02400   95  165   18.77050   19.07228  1.61%   146 4563s
 900471 859024   19.06424  111  142   18.77050   19.07199  1.61%   145 4578s
 904574 863709   19.04211   80  188   18.77050   19.07171  1.60%   145 4593s
 909450 868693   19.02772  106  131   18.77050   19.07151  1.60%   145 4608s
 914588 874147   19.04959  102  148   18.77050   19.07108  1.60%   145 4625s
 920260 878672   19.04975   83  176   18.77050   19.07075  1.60%   144 4641s
 924984 883089   19.05639   92  164   18.77050   19.07047  1.60%   144 4659s
 929612 886787   18.97792  110  135   18.77050   19.07019  1.60%   144 4673s
 933464 891677   19.02815  101  160   18.77050   19.06990  1.60%   144 4689s
 938559 896313   19.00246   93  164   18.77050   19.06966  1.59%   144 4704s
 943371 900954   19.06313   97  151   18.77050   19.06935  1.59%   144 4719s
 948185 906038   19.06248  114  136   18.77050   19.06905  1.59%   143 4735s
 953457 910799   19.05856   91  156   18.77050   19.06876  1.59%   143 4750s
 958395 914765   19.06673  112  140   18.77050   19.06868  1.59%   143 4764s
 962518 919592   19.02368   96  155   18.77050   19.06824  1.59%   143 4780s
 967541 924236     cutoff   86        18.77050   19.06800  1.58%   143 4794s
 972361 928566   19.01445  109  149   18.77050   19.06770  1.58%   142 4810s
 976873 933432   19.02154   98  153   18.77050   19.06744  1.58%   142 4825s
 981909 935816   18.95768   92  173   18.77050   19.06713  1.58%   142 4839s
 984382 943780   19.04791  102  146   18.77050   19.06701  1.58%   142 4864s
 992628 949115   18.93465   75  201   18.77050   19.06654  1.58%   142 4880s
 998171 954081   19.06397   93  159   18.77050   19.06628  1.58%   141 4897s
 1003331 958836   19.04647   93  169   18.77050   19.06597  1.57%   141 4913s
 1008262 963586   18.87551   97  163   18.77050   19.06568  1.57%   141 4929s
 1013191 968972   19.03311   98  156   18.77050   19.06541  1.57%   141 4946s
 1018773 973229   18.99025  112  138   18.77050   19.06513  1.57%   141 4959s
 1023204 977408   19.01015  100  151   18.77050   19.06485  1.57%   141 4973s
 1027559 981668   19.05735  110  146   18.77050   19.06465  1.57%   140 4987s
 1031993 983442   18.83318  109  136   18.77050   19.06440  1.57%   140 5001s
H1033422 983442                      18.7704976   19.06434  1.57%   140 5001s
 1033840 988231   19.01496   88  168   18.77050   19.06432  1.57%   140 5018s
 1038843 992887   19.01710  120  128   18.77050   19.06422  1.56%   140 5034s
 1043698 997913   19.05359   89  167   18.77050   19.06395  1.56%   140 5050s
 1048930 1002525   18.97378   99  147   18.77050   19.06344  1.56%   140 5065s
 1053736 1007089   18.99461   93  165   18.77050   19.06320  1.56%   140 5080s
 1058493 1011524   18.98671   94  156   18.77050   19.06297  1.56%   139 5095s
 1063124 1015984     cutoff   81        18.77050   19.06271  1.56%   139 5109s
 1067743 1020726   19.04512  113  142   18.77050   19.06252  1.56%   139 5124s
 1072676 1025866   19.04289  111  139   18.77050   19.06221  1.55%   139 5141s
 1078022 1030260   19.05759   88  174   18.77050   19.06196  1.55%   139 5155s
 1082601 1030288   19.03127  102  152   18.77050   19.06170  1.55%   139 5171s
 1082637 1030510   19.04262   96  154   18.77050   19.06168  1.55%   139 5182s
 1082865 1033649   19.05964   98  157   18.77050   19.06166  1.55%   139 5196s
 1086119 1039022   19.02563   97  161   18.77050   19.06155  1.55%   139 5212s
 1091677 1044138   19.01001  106  144   18.77050   19.06124  1.55%   138 5228s
 1096953 1048948   18.94065   94  165   18.77050   19.06098  1.55%   138 5243s
 1101937 1053849   19.03119  104  142   18.77050   19.06073  1.55%   138 5263s
 1107043 1058236   19.05406  115  135   18.77050   19.06049  1.54%   138 5278s
 1111619 1061582   19.03688   97  166   18.77050   19.06026  1.54%   138 5293s
 1115104 1066811   19.04913   96  161   18.77050   19.06005  1.54%   138 5309s
 1120559 1071752   18.94290  104  151   18.77050   19.05981  1.54%   138 5325s
 1125690 1076292   18.99188  112  137   18.77050   19.05957  1.54%   137 5340s
 1130417 1080941   19.00069   98  172   18.77050   19.05935  1.54%   137 5354s
 1135221 1086132   19.04796  106  143   18.77050   19.05910  1.54%   137 5370s
 1140600 1090766   18.94532  121  122   18.77050   19.05885  1.54%   137 5385s
 1145385 1095284   19.05427   90  163   18.77050   19.05861  1.53%   137 5400s
 1150056 1099864   19.05361   84  168   18.77050   19.05843  1.53%   137 5415s
 1154806 1104157   19.01343  122  124   18.77050   19.05818  1.53%   136 5429s
 1159265 1106649   19.03493  118  129   18.77050   19.05810  1.53%   136 5442s
 1161866 1111907   19.05299   95  164   18.77050   19.05785  1.53%   136 5457s
 1167311 1117094   19.03172  113  137   18.77050   19.05757  1.53%   136 5473s
 1172692 1121749   18.87907  102  150   18.77050   19.05731  1.53%   136 5489s
 1177519 1126464   19.03543  102  150   18.77050   19.05711  1.53%   136 5503s
 1182390 1131118   19.02679  100  152   18.77050   19.05687  1.53%   136 5516s
 1187194 1135672   19.02689   88  184   18.77050   19.05663  1.52%   136 5531s
 1191910 1140014   19.01205   83  167   18.77050   19.05645  1.52%   135 5546s
 1196425 1145091   19.05027  107  148   18.77050   19.05624  1.52%   135 5561s
 1201675 1150137   18.83845   50  168   18.77050   19.05599  1.52%   135 5577s
 1206896 1154818   19.05507  128  117   18.77050   19.05581  1.52%   135 5592s
 1211743 1159412   19.02379   74  182   18.77050   19.05558  1.52%   135 5606s
 1216503 1163882   18.99486  108  137   18.77050   19.05541  1.52%   135 5620s
 1221164 1168637   18.84658  104  151   18.77050   19.05519  1.52%   135 5634s
 1226110 1173927   19.04680   92  151   18.77050   19.05501  1.52%   134 5650s
 1231564 1178187   18.98793  106  136   18.77050   19.05480  1.51%   134 5665s
 1235969 1182705   18.98907  105  148   18.77050   19.05458  1.51%   134 5680s
 1240680 1187309   18.96128   64  181   18.77050   19.05437  1.51%   134 5694s
 1245458 1189399   19.05074  121  120   18.77050   19.05417  1.51%   134 5705s
 1247629 1194729   19.00702  112  149   18.77050   19.05406  1.51%   134 5720s
 1253169 1199481   19.03414   85  179   18.77050   19.05383  1.51%   134 5735s
 1258094 1204582   19.04144  130  114   18.77050   19.05362  1.51%   134 5750s
 1263368 1209178   19.01444  106  141   18.77050   19.05338  1.51%   133 5763s
 1268121 1213999   19.01144   97  163   18.77050   19.05326  1.51%   133 5777s
 1273079 1218568   19.02534  121  128   18.77050   19.05301  1.51%   133 5792s
 1277830 1222905   19.00202  138  104   18.77050   19.05287  1.50%   133 5806s
 1282315 1227387   19.03434  110  140   18.77050   19.05265  1.50%   133 5820s
 1286978 1232304   18.96953   80  176   18.77050   19.05245  1.50%   133 5835s
 1292042 1236852   19.03834  137  107   18.77050   19.05224  1.50%   133 5850s
 1296777 1241532   18.99717   78  176   18.77050   19.05208  1.50%   133 5864s
 1301622 1246324   19.03857  118  125   18.77050   19.05187  1.50%   133 5879s
 1306558 1250890   18.99609  105  151   18.77050   19.05167  1.50%   132 5893s
 1311293 1255781   19.00295  110  136   18.77050   19.05150  1.50%   132 5908s
 1316375 1260677   18.96808   97  153   18.77050   19.05130  1.50%   132 5923s
 1321435 1265352   19.03342  110  139   18.77050   19.05112  1.50%   132 5939s
 1326269 1270029   18.98136  103  144   18.77050   19.05094  1.49%   132 5954s
 1331099 1274817   19.04771  118  126   18.77050   19.05074  1.49%   132 5968s
 1336057 1279551   19.00150  110  136   18.77050   19.05053  1.49%   132 5983s
 1340962 1283978     cutoff   88        18.77050   19.05033  1.49%   132 5997s
 1345574 1287392   19.00842   73  178   18.77050   19.05016  1.49%   132 6011s
 1349082 1293462     cutoff   96        18.77050   19.05001  1.49%   131 6030s
 1355402 1298378   19.04175  113  140   18.77050   19.04983  1.49%   131 6045s
 1360485 1302908   19.01811  138  105   18.77050   19.04958  1.49%   131 6060s
 1365187 1307805   18.93319  101  156   18.77050   19.04943  1.49%   131 6076s
 1370265 1312900   19.02976  110  137   18.77050   19.04920  1.48%   131 6090s
 1375494 1317486   19.00392  121  135   18.77050   19.04900  1.48%   131 6105s
 1380229 1322205   19.02894   96  161   18.77050   19.04884  1.48%   131 6120s
 1385096 1326746   18.92744   86  183   18.77050   19.04865  1.48%   131 6134s
 1389801 1331555   18.98484  103  139   18.77050   19.04849  1.48%   131 6149s
 1394768 1336244   19.01589  116  137   18.77050   19.04826  1.48%   130 6164s
 1399594 1340228   19.00225  108  140   18.77050   19.04808  1.48%   130 6178s
 1403715 1344930   19.03111   98  155   18.77050   19.04792  1.48%   130 6193s
 1408603 1349758   19.03185   99  160   18.77050   19.04774  1.48%   130 6208s
 1413611 1354180   19.01198   94  159   18.77050   19.04753  1.48%   130 6222s
 1418219 1358786   18.98608  109  150   18.77050   19.04741  1.48%   130 6236s
 1422996 1362550   19.03249  122  136   18.77050   19.04717  1.47%   130 6250s
 1426871 1367075   19.04099  141  100   18.77050   19.04703  1.47%   130 6265s
 1431540 1371778   19.01959  110  133   18.77050   19.04687  1.47%   130 6280s
 1436396 1376581   18.99983  102  156   18.77050   19.04676  1.47%   130 6298s
 1441368 1377813   18.93205  109  146   18.77050   19.04653  1.47%   130 6310s
H1441912 1377813                      18.7704976   19.04650  1.47%   130 6311s
 1442642 1382938   18.94633  102  151   18.77050   19.04647  1.47%   130 6340s
H1442941 1382938                      18.7704976   19.04647  1.47%   130 6340s
H1444892 1382938                      18.7704976   19.04646  1.47%   130 6340s
H1447229 1382768                      18.7710925   19.04645  1.47%   130 6340s
 1447967 1390828   18.99624  114  141   18.77109   19.04645  1.47%   129 6368s
 1456311 1390859   19.00114   95  156   18.77109   19.04600  1.46%   129 6389s
 1456344 1394097   18.88785   97  151   18.77109   19.04596  1.46%   129 6406s
 1459696 1401356   18.97828  101  151   18.77109   19.04588  1.46%   129 6428s
 1467222 1407223   19.03216  110  148   18.77109   19.04560  1.46%   129 6446s
 1473303 1412096   18.98910  109  145   18.77109   19.04537  1.46%   129 6461s
 1478344 1416433   18.99284  107  151   18.77109   19.04517  1.46%   129 6475s
 1482836 1420865   18.98908   99  155   18.77109   19.04501  1.46%   129 6490s
 1487443 1425526   19.03024  135  114   18.77109   19.04483  1.46%   129 6504s
 1492247 1430239   19.02675  123  120   18.77109   19.04465  1.46%   129 6519s
 1497114 1434215   18.95918   92  163   18.77109   19.04448  1.46%   129 6532s
 1501231 1438711     cutoff   82        18.77109   19.04441  1.46%   128 6548s
 1505883 1443532   19.00918  103  148   18.77109   19.04418  1.45%   128 6563s
 1510890 1447977   19.00926  107  148   18.77109   19.04398  1.45%   128 6577s
 1515480 1451716   19.03576  105  147   18.77109   19.04379  1.45%   128 6590s
 1519329 1456646   18.97319   95  155   18.77109   19.04368  1.45%   128 6605s
 1524428 1461598   19.03289  109  147   18.77109   19.04348  1.45%   128 6619s
 1529554 1466162   19.02234   87  175   18.77109   19.04335  1.45%   128 6633s
 1534275 1470759   19.01496  101  161   18.77109   19.04314  1.45%   128 6649s
 1539062 1475330   18.83985  128  125   18.77109   19.04297  1.45%   128 6666s
 1543814 1480117   18.99144  104  151   18.77109   19.04287  1.45%   128 6681s
 1548749 1484517   19.03631  102  141   18.77109   19.04266  1.45%   128 6696s
 1553322 1487634   19.03807  109  136   18.77109   19.04248  1.45%   128 6710s
 1556535 1487666   18.99430  140  105   18.77109   19.04243  1.45%   128 6721s
H1556545 1486500                      18.7749563   19.04238  1.42%   128 6722s
 1556567 1491720   18.87570  104  151   18.77496   19.04236  1.42%   128 6737s
 1561947 1491751   19.00437  103  157   18.77496   19.04218  1.42%   127 6753s
 1561980 1492006   18.91966   96  172   18.77496   19.04215  1.42%   127 6766s
 1562246 1496764   19.03092   97  160   18.77496   19.04214  1.42%   127 6782s
 1567179 1501958   19.03441  107  139   18.77496   19.04202  1.42%   127 6798s
 1572557 1506555   19.00938  113  142   18.77496   19.04182  1.42%   127 6812s
 1577346 1511128   19.00918  123  127   18.77496   19.04163  1.42%   127 6826s
 1582093 1515726     cutoff   94        18.77496   19.04147  1.42%   127 6841s
 1586865 1520193   18.98494  116  128   18.77496   19.04129  1.42%   127 6855s
 1591509 1525122     cutoff   84        18.77496   19.04125  1.42%   127 6869s
 1596636 1529892   19.03892  111  133   18.77496   19.04095  1.42%   127 6883s
 1601565 1534764   18.99881  125  120   18.77496   19.04080  1.42%   127 6899s
 1606613 1538291   19.01194  100  152   18.77496   19.04069  1.42%   127 6913s
 1610238 1543170   18.89717  100  152   18.77496   19.04053  1.41%   127 6929s
 1615318 1548159   18.99640  119  128   18.77496   19.04035  1.41%   127 6945s
 1620506 1553026   18.98981  121  126   18.77496   19.04016  1.41%   126 6960s
 1625566 1557667   19.03441   91  163   18.77496   19.04001  1.41%   126 6975s
 1630351 1562433   18.93564   94  169   18.77496   19.03985  1.41%   126 6990s
 1635296 1566901   19.02674   98  155   18.77496   19.03968  1.41%   126 7005s
 1639931 1571620   18.93305   98  159   18.77496   19.03952  1.41%   126 7020s
 1644843 1576215   19.01115   64  177   18.77496   19.03934  1.41%   126 7035s
 1649613 1576246   18.87048  102  152   18.77496   19.03918  1.41%   126 7047s
 1649646 1576275   18.98810   85  176   18.77496   19.03915  1.41%   126 7058s
 1649681 1576305   19.03582   93  160   18.77496   19.03914  1.41%   126 7068s
H1649695 1567914                      18.7938211   19.03913  1.31%   126 7069s
 1649715 1571794   19.03644  112  140   18.79382   19.03913  1.31%   126 7083s
 1653794 1576692   18.99119  104  149   18.79382   19.03904  1.30%   126 7100s
 1658922 1580142   18.99625  116  132   18.79382   19.03882  1.30%   126 7114s
 1662555 1584893   18.99776  101  149   18.79382   19.03877  1.30%   126 7130s
 1667538 1589510   19.02040  109  150   18.79382   19.03853  1.30%   126 7145s
 1672348 1594066   18.92254   96  165   18.79382   19.03834  1.30%   126 7160s
 1677131 1598325   19.03458   99  155   18.79382   19.03818  1.30%   126 7176s
 1681642 1602817   18.93375   96  154   18.79382   19.03801  1.30%   126 7191s
 1686361 1607476   19.02831  113  130   18.79382   19.03787  1.30%   126 7206s
 1691223 1612111   19.03602   97  156   18.79382   19.03767  1.30%   126 7221s
 1696065 1616622   18.84637  142  111   18.79382   19.03749  1.30%   125 7237s
 1700837 1620729     cutoff   81        18.79382   19.03733  1.30%   125 7252s
 1705166 1624591   18.98556  128  120   18.79382   19.03719  1.29%   125 7268s
 1709190 1629706   18.96955  101  158   18.79382   19.03703  1.29%   125 7284s
 1714551 1634796   18.89043   95  158   18.79382   19.03684  1.29%   125 7300s
 1719915 1639391   18.83830  108  140   18.79382   19.03665  1.29%   125 7316s
 1724762 1644055   18.95764   98  155   18.79382   19.03649  1.29%   125 7332s
 1729668 1648664   19.01560  104  145   18.79382   19.03631  1.29%   125 7349s
 1734534 1652951   19.00391  120  129   18.79382   19.03614  1.29%   125 7364s
 1739038 1657574   19.03346  115  132   18.79382   19.03602  1.29%   125 7379s
 1743874 1657606   19.01030  106  150   18.79382   19.03583  1.29%   125 7397s
 1743906 1658189   18.89102  109  145   18.79382   19.03579  1.29%   125 7410s
 1744530 1662206   18.95291  111  145   18.79382   19.03579  1.29%   125 7426s
 1748732 1667851   19.02764  106  147   18.79382   19.03566  1.29%   125 7444s
 1754672 1673013   18.99673  100  149   18.79382   19.03545  1.29%   125 7461s
 1760065 1677804   18.91964   94  163   18.79382   19.03529  1.28%   125 7478s
 1765105 1682281   19.02206  101  152   18.79382   19.03508  1.28%   125 7492s
 1769840 1687017   18.82248   98  156   18.79382   19.03493  1.28%   125 7508s
 1774827 1691459   19.00482   94  168   18.79382   19.03477  1.28%   125 7523s
 1779454 1694486   18.99137   75  181   18.79382   19.03465  1.28%   124 7536s
 1782625 1699593   18.98597  106  132   18.79382   19.03452  1.28%   124 7553s
 1787978 1699622   18.99023  104  150   18.79382   19.03434  1.28%   124 7565s
 1788013 1699653   19.02873   92  153   18.79382   19.03432  1.28%   124 7576s
H1788027 1698665                      18.7953249   19.03431  1.27%   124 7577s
H1788031 1698350                      18.7957867   19.03431  1.27%   124 7577s
 1788045 1703459   19.02092  118  129   18.79579   19.03431  1.27%   124 7594s
 1793437 1708477   18.99159  127  118   18.79579   19.03418  1.27%   124 7610s
 1798707 1712920   19.02666  101  155   18.79579   19.03400  1.27%   124 7625s
 1803360 1717681   19.02022  140  105   18.79579   19.03395  1.27%   124 7641s
 1808347 1722471   18.97248   91  161   18.79579   19.03374  1.27%   124 7657s
 1813342 1726855   19.02653  106  146   18.79579   19.03358  1.27%   124 7671s
 1817965 1731413   19.00611  109  143   18.79579   19.03342  1.26%   124 7686s
 1822798 1735729   18.92927   93  170   18.79579   19.03335  1.26%   124 7701s
 1827365 1740495   18.96804   93  159   18.79579   19.03312  1.26%   124 7717s
 1832370 1745114   18.83493  110  151   18.79579   19.03298  1.26%   124 7732s
 1837198 1749950   19.02302   92  165   18.79579   19.03284  1.26%   124 7747s
 1842284 1753667   18.93440  105  149   18.79579   19.03269  1.26%   124 7762s
 1846200 1758293   18.84284  112  137   18.79579   19.03258  1.26%   124 7778s
 1851077 1762932   18.96324   92  167   18.79579   19.03255  1.26%   124 7795s
 1855961 1767762   19.02443  120  128   18.79579   19.03233  1.26%   124 7810s
 1861051 1772582   19.02287  105  148   18.79579   19.03214  1.26%   124 7826s
 1866129 1777213   19.02007  101  147   18.79579   19.03200  1.26%   123 7842s
 1870961 1781052   19.01818  123  123   18.79579   19.03187  1.26%   123 7856s
 1874985 1786124   19.01569  110  143   18.79579   19.03177  1.26%   123 7872s
 1880286 1790744   18.99870  118  126   18.79579   19.03161  1.25%   123 7888s
 1885081 1795925   19.01828  113  147   18.79579   19.03148  1.25%   123 7905s
 1890479 1800408   19.01824  112  146   18.79579   19.03132  1.25%   123 7920s
 1895203 1803761   19.02409  101  151   18.79579   19.03122  1.25%   123 7934s
 1898695 1809902   18.97561  111  145   18.79579   19.03111  1.25%   123 7953s
 1905097 1814703   19.02016  108  147   18.79579   19.03093  1.25%   123 7970s
 1910152 1819880   19.01876  115  135   18.79579   19.03088  1.25%   123 7986s
 1915596 1824829   18.94787  115  132   18.79579   19.03065  1.25%   123 8002s
 1920779 1829769   19.02156  140  113   18.79579   19.03050  1.25%   123 8018s
 1925933 1834171   18.96739  132  106   18.79579   19.03037  1.25%   123 8033s
 1930570 1839042   18.93048   86  167   18.79579   19.03025  1.25%   123 8049s
 1935661 1843402   18.91593   84  184   18.79579   19.03011  1.25%   123 8064s
 1940268 1848170   18.98826  131  101   18.79579   19.03001  1.25%   123 8081s
 1945298 1852749   18.99407  105  141   18.79579   19.02983  1.25%   123 8096s
 1950123 1856237   19.01499  116  133   18.79579   19.02969  1.24%   122 8111s
 1953770 1861218   18.91496  113  134   18.79579   19.02959  1.24%   122 8128s
 1959006 1865608   18.92226   89  171   18.79579   19.02945  1.24%   122 8143s
 1963619 1865639   18.99688  104  150   18.79579   19.02932  1.24%   122 8159s
 1963652 1865961   18.99527   85  178   18.79579   19.02930  1.24%   122 8170s
 1963986 1870906   18.96352   78  187   18.79579   19.02929  1.24%   122 8187s
 1969177 1876329   18.98585  106  136   18.79579   19.02920  1.24%   122 8205s
 1974886 1881336   18.97990   97  174   18.79579   19.02903  1.24%   122 8223s
 1980167 1886351   18.97281   95  169   18.79579   19.02888  1.24%   122 8238s
 1985401 1890370   19.02564  111  150   18.79579   19.02872  1.24%   122 8253s
 1989645 1894916   19.01791  103  150   18.79579   19.02860  1.24%   122 8268s
 1994450 1899391   19.01809   98  150   18.79579   19.02846  1.24%   122 8284s
 1999189 1904057   19.01388  115  144   18.79579   19.02836  1.24%   122 8299s
 2004086 1908571     cutoff   85        18.79579   19.02821  1.24%   122 8314s
 2008815 1913198   18.94390  116  139   18.79579   19.02807  1.24%   122 8330s
 2013690 1917981   19.02452  112  131   18.79579   19.02794  1.24%   122 8346s
 2018717 1921782   19.02130   94  169   18.79579   19.02782  1.23%   122 8360s
 2022703 1926834   19.01212   97  152   18.79579   19.02772  1.23%   122 8376s
 2027985 1931636   19.02693   90  167   18.79579   19.02757  1.23%   122 8392s
 2033047 1936273   18.94832   92  172   18.79579   19.02748  1.23%   122 8408s
 2037924 1940327   18.94580   89  159   18.79579   19.02728  1.23%   122 8422s
 2042183 1945232   18.94996   93  169   18.79579   19.02719  1.23%   122 8441s
 2047378 1950335   18.88751  125  126   18.79579   19.02705  1.23%   121 8457s
 2052710 1954602   18.99154  112  137   18.79579   19.02691  1.23%   121 8474s
 2057193 1959875   19.00987  115  143   18.79579   19.02679  1.23%   121 8490s
 2062734 1964433   18.96909  105  153   18.79579   19.02663  1.23%   121 8505s
 2067480 1968627   19.01967  118  131   18.79579   19.02650  1.23%   121 8521s
 2071897 1973671   18.93745   88  173   18.79579   19.02640  1.23%   121 8537s
 2077189 1978491   18.95970   92  171   18.79579   19.02626  1.23%   121 8553s
 2082262 1982569   19.02175   97  147   18.79579   19.02612  1.23%   121 8567s
 2086566 1987408   18.89743  102  159   18.79579   19.02601  1.22%   121 8583s
 2091626 1990885     cutoff   85        18.79579   19.02587  1.22%   121 8598s
 2095267 1995922   19.00966   78  182   18.79579   19.02578  1.22%   121 8613s
 2100597 2000430   19.01842   93  166   18.79579   19.02563  1.22%   121 8629s
 2105358 2005250   18.98855  142   99   18.79579   19.02551  1.22%   121 8646s
 2110428 2009911   18.94986   89  167   18.79579   19.02537  1.22%   121 8662s
 2115360 2014112   18.95941   98  163   18.79579   19.02525  1.22%   121 8675s
 2119768 2018799   18.93167  102  148   18.79579   19.02514  1.22%   121 8691s
 2124708 2023505   19.02302   93  152   18.79579   19.02499  1.22%   121 8707s
 2129687 2028046   19.00469  101  140   18.79579   19.02491  1.22%   121 8723s
 2134486 2032546   18.86385   99  148   18.79579   19.02477  1.22%   121 8739s
 2139207 2034968   18.99653   97  148   18.79579   19.02463  1.22%   121 8753s
 2141748 2040375   19.02123  109  141   18.79579   19.02456  1.22%   121 8769s
 2147427 2044589   19.01350  104  153   18.79579   19.02444  1.22%   121 8785s
 2151891 2049306   19.01069   95  167   18.79579   19.02432  1.22%   121 8800s
 2156819 2054311   19.01265  114  127   18.79579   19.02417  1.22%   121 8816s
 2162046 2058915   18.95762   94  155   18.79579   19.02404  1.21%   120 8831s
 2166882 2063591     cutoff  105        18.79579   19.02394  1.21%   120 8847s
 2171785 2068237   18.93358   98  143   18.79579   19.02382  1.21%   120 8863s
 2176696 2072452   18.99984   92  165   18.79579   19.02370  1.21%   120 8878s
 2181136 2076994   18.88094  100  145   18.79579   19.02355  1.21%   120 8893s
 2185893 2081584   18.97516   98  153   18.79579   19.02342  1.21%   120 8908s
 2190743 2086516   18.97789  120  129   18.79579   19.02330  1.21%   120 8925s
 2195943 2091098   18.98745  118  132   18.79579   19.02318  1.21%   120 8942s
 2200805 2095653   18.96483  102  159   18.79579   19.02306  1.21%   120 8957s
 2205618 2099886   18.95178   94  158   18.79579   19.02293  1.21%   120 8971s
 2210093 2104395   19.01204  100  160   18.79579   19.02281  1.21%   120 8987s
 2214831 2109005   18.97376  121  137   18.79579   19.02272  1.21%   120 9003s
 2219672 2113667   18.98420  121  128   18.79579   19.02259  1.21%   120 9017s
 2224558 2118116   18.99027  130  121   18.79579   19.02249  1.21%   120 9033s
 2229273 2121368   18.97806  119  132   18.79579   19.02235  1.21%   120 9047s
 2232677 2126297   19.01669  107  148   18.79579   19.02226  1.20%   120 9063s
 2237882 2130559   18.96324  113  128   18.79579   19.02213  1.20%   120 9078s
 2242385 2135445   19.01700   94  159   18.79579   19.02203  1.20%   120 9093s
 2247525 2139940   18.98933  107  145   18.79579   19.02191  1.20%   120 9108s
 2252276 2144554   18.88721  110  137   18.79579   19.02181  1.20%   120 9124s
 2257125 2149335     cutoff   85        18.79579   19.02170  1.20%   120 9140s
 2262145 2153812   18.94783   90  173   18.79579   19.02154  1.20%   120 9154s
 2266820 2158076   19.00400   93  150   18.79579   19.02148  1.20%   120 9169s
 2271278 2162845   18.95866  114  129   18.79579   19.02131  1.20%   120 9185s
 2276288 2167570   18.93706   94  158   18.79579   19.02120  1.20%   120 9201s
 2281236 2172264   18.97832  100  160   18.79579   19.02112  1.20%   119 9216s
 2286192 2175865   18.99803   88  178   18.79579   19.02099  1.20%   119 9230s
 2289996 2180718   18.97320  112  131   18.79579   19.02088  1.20%   119 9246s
 2295118 2185361   18.94973  106  152   18.79579   19.02077  1.20%   119 9263s
 2300034 2189480   19.00727  110  145   18.79579   19.02063  1.20%   119 9277s
 2304369 2194180   18.92190   98  156   18.79579   19.02051  1.20%   119 9292s
 2309330 2198841   19.00077  118  137   18.79579   19.02041  1.20%   119 9308s
 2314253 2203580   18.92838   96  152   18.79579   19.02028  1.19%   119 9323s
 2319258 2208454   19.01147  130  113   18.79579   19.02016  1.19%   119 9340s
 2324353 2212281   18.92673   74  188   18.79579   19.02004  1.19%   119 9354s
 2328376 2212311   18.98581  119  139   18.79579   19.01996  1.19%   119 9365s
 2328410 2212342   19.01301  111  152   18.79579   19.01994  1.19%   119 9376s
 2328443 2212373   19.01112  123  117   18.79579   19.01993  1.19%   119 9387s
H2328447 2210999                      18.7974124   19.01993  1.18%   119 9388s
H2328469 2210342                      18.7981389   19.01993  1.18%   119 9389s
 2328476 2215234   18.91189  130  115   18.79814   19.01993  1.18%   119 9406s
 2333639 2215266   19.00767  108  130   18.79814   19.01982  1.18%   119 9422s
 2333671 2221783   19.00332   97  157   18.79814   19.01980  1.18%   119 9459s
 2340580 2229179   18.90194   84  188   18.79814   19.01964  1.18%   119 9484s
 2348372 2235610   18.92927  103  149   18.79814   19.01948  1.18%   119 9505s
 2355166 2241223   19.00484  112  138   18.79814   19.01934  1.18%   119 9525s
 2361064 2246556   18.99961  111  142   18.79814   19.01921  1.18%   119 9541s
 2366687 2250930   18.96950  108  122   18.79814   19.01908  1.18%   119 9556s
 2371303 2255540   18.99857   93  164   18.79814   19.01896  1.17%   119 9571s
 2376118 2259385   18.96686  111  131   18.79814   19.01888  1.17%   119 9587s
 2380172 2264245   19.00644   89  174   18.79814   19.01877  1.17%   119 9603s
 2385293 2269066   18.98219  141  104   18.79814   19.01866  1.17%   119 9619s
 2390409 2273700   18.98245   83  170   18.79814   19.01854  1.17%   119 9635s
 2395343 2278544   18.80699  112  135   18.79814   19.01844  1.17%   119 9650s
 2400464 2282891   18.99229  101  167   18.79814   19.01832  1.17%   119 9665s
 2405024 2287582   18.98139  111  141   18.79814   19.01822  1.17%   119 9682s
 2409956 2292438   18.98641  119  127   18.79814   19.01811  1.17%   118 9698s
 2415065 2296239   18.95132  102  151   18.79814   19.01801  1.17%   118 9713s
 2419085 2301155   18.99431   86  172   18.79814   19.01791  1.17%   118 9730s
 2424263 2306192   18.95632  105  144   18.79814   19.01781  1.17%   118 9746s
 2429546 2310717   19.00932  118  125   18.79814   19.01769  1.17%   118 9762s
 2434327 2315383   18.96983   94  159   18.79814   19.01760  1.17%   118 9777s
 2439232 2320011   18.88781  112  131   18.79814   19.01751  1.17%   118 9793s
 2444142 2324465   18.97021  104  140   18.79814   19.01740  1.17%   118 9809s
 2448841 2327132   18.92693   85  173   18.79814   19.01728  1.17%   118 9822s
 2451638 2332333   18.90401  110  126   18.79814   19.01723  1.17%   118 9839s
 2457160 2337349   19.00610   90  166   18.79814   19.01711  1.16%   118 9855s
 2462420 2341409   19.01376  117  124   18.79814   19.01701  1.16%   118 9869s
 2466699 2346109   19.00880  101  155   18.79814   19.01690  1.16%   118 9885s
 2471695 2350860   19.01131  112  128   18.79814   19.01680  1.16%   118 9901s
 2476716 2355655   19.01438  123  129   18.79814   19.01671  1.16%   118 9917s
 2481764 2360406   19.00672  123  129   18.79814   19.01661  1.16%   118 9932s
 2486813 2365084   18.97899  152   78   18.79814   19.01651  1.16%   118 9948s
 2491788 2369463   18.99931  113  145   18.79814   19.01641  1.16%   118 9962s
 2496435 2374119   18.98930  124  130   18.79814   19.01632  1.16%   118 9978s
 2501364 2378956   18.99425  114  140   18.79814   19.01623  1.16%   118 9995s
 2506518 2383476   18.98609  112  144   18.79814   19.01613  1.16%   118 10012s
 2511301 2384602   19.00662   88  167   18.79814   19.01603  1.16%   118 10023s
H2511416 2384602                      18.7981390   19.01602  1.16%   118 10025s
H2511554 2384492                      18.7982452   19.01602  1.16%   118 10025s
H2512083 2383784                      18.7989806   19.01602  1.15%   118 10025s
 2512490 2388950   18.83665  126  125   18.79898   19.01601  1.15%   118 10042s
 2517957 2389538   19.00425  102  152   18.79898   19.01589  1.15%   118 10059s
 2518576 2390965   18.81265   98  160   18.79898   19.01589  1.15%   118 10075s
 2520094 2396995   18.95153   90  177   18.79898   19.01588  1.15%   118 10096s
 2526522 2400629   19.00428  104  141   18.79898   19.01574  1.15%   118 10110s
 2530352 2405836   18.95104   98  157   18.79898   19.01567  1.15%   118 10127s
 2535857 2410660   18.99523  110  143   18.79898   19.01556  1.15%   118 10144s
 2540935 2415399   19.00248  109  140   18.79898   19.01546  1.15%   118 10161s
 2545942 2420604   18.99867  116  128   18.79898   19.01537  1.15%   118 10177s
 2551412 2425225   18.98432  113  135   18.79898   19.01532  1.15%   118 10194s
 2556275 2429339   18.94338  105  148   18.79898   19.01519  1.15%   118 10209s
 2560666 2434524   18.96865  115  131   18.79898   19.01510  1.15%   118 10226s
 2566131 2439092   18.99853  112  143   18.79898   19.01501  1.15%   118 10243s
 2571011 2442660   18.96751  125  116   18.79898   19.01492  1.15%   118 10258s
 2574809 2447737   18.99365  114  131   18.79898   19.01485  1.15%   118 10275s
 2580172 2452820   19.01108  112  134   18.79898   19.01476  1.15%   118 10293s
 2585508 2457066   18.99029  107  135   18.79898   19.01467  1.15%   118 10308s
 2590003 2461859   19.00463  110  151   18.79898   19.01460  1.15%   117 10324s
 2595055 2466568   18.96314  105  138   18.79898   19.01451  1.15%   117 10340s
 2600028 2471278   19.00078  100  153   18.79898   19.01442  1.15%   117 10357s
 2605002 2475885   18.98767   99  159   18.79898   19.01434  1.15%   117 10373s
 2609858 2479764   18.97883  106  145   18.79898   19.01428  1.15%   117 10389s
 2613935 2484522   18.91455   89  173   18.79898   19.01419  1.14%   117 10405s
 2618991 2488828   18.94312  106  148   18.79898   19.01412  1.14%   117 10420s
 2623546 2493533   18.92710   88  179   18.79898   19.01402  1.14%   117 10436s
 2628507 2498177   19.00616  103  151   18.79898   19.01395  1.14%   117 10451s
 2633434 2502777   18.97702  127  117   18.79898   19.01386  1.14%   117 10466s
 2638310 2506745   19.00204  114  136   18.79898   19.01378  1.14%   117 10482s
 2642513 2511446   18.99911  114  136   18.79898   19.01371  1.14%   117 10498s
 2647498 2516436   18.99548   95  160   18.79898   19.01362  1.14%   117 10513s
 2652782 2520515   18.98448  107  141   18.79898   19.01354  1.14%   117 10527s
 2657074 2525242   18.96824  114  137   18.79898   19.01347  1.14%   117 10543s
 2662053 2529755   18.96535  117  136   18.79898   19.01339  1.14%   117 10559s
 2666823 2533429   18.94782  111  147   18.79898   19.01331  1.14%   117 10574s
 2670713 2538379   18.96084  111  137   18.79898   19.01325  1.14%   117 10590s
 2675948 2543709   19.00063  114  129   18.79898   19.01316  1.14%   117 10607s
 2681554 2548479   18.99942  108  142   18.79898   19.01309  1.14%   117 10622s
 2686619 2552869   19.01019   98  150   18.79898   19.01301  1.14%   117 10637s
 2691266 2557387   18.92017  115  138   18.79898   19.01294  1.14%   117 10652s
 2696038 2562056   18.88567  120  121   18.79898   19.01288  1.14%   117 10668s
 2701001 2566872   19.01125  128  122   18.79898   19.01278  1.14%   117 10684s
 2706095 2571477   18.95475  129  128   18.79898   19.01270  1.14%   117 10699s
 2710977 2575654   19.00372   93  166   18.79898   19.01263  1.14%   117 10714s
 2715370 2580575   18.98484  106  156   18.79898   19.01257  1.14%   117 10730s
 2720596 2584759   18.95074  105  148   18.79898   19.01248  1.14%   117 10744s
 2725033 2589476   18.99366   80  180   18.79898   19.01242  1.14%   117 10759s
 2730023 2594310   18.92122  114  132   18.79898   19.01235  1.13%   117 10774s
 2735101 2598901   18.94325  116  131   18.79898   19.01226  1.13%   117 10789s
 2739937 2601983   18.98773  114  146   18.79898   19.01220  1.13%   117 10800s

Cutting planes:
  Gomory: 48
  Implied bound: 116
  Projected implied bound: 454
  MIR: 2915
  Mixing: 8
  Flow cover: 2752
  RLT: 299
  Relax-and-lift: 4195

Explored 2743200 nodes (320586483 simplex iterations) in 10800.06 seconds (21484.63 work units)
Thread count was 32 (of 255 available processors)

Solution count 10: 18.799 18.7982 18.7981 ... 18.7711

Time limit reached
Best objective 1.879898063248e+01, best bound 1.901214333151e+01, gap 1.1339%

User-callback calls 6581435, time in user-callback 1.64 sec
Encoding the two copies...
apply_sibgate_constraints!: emitted 162 coupling lines (both-thin), 0 conditional triangles on org (org-dropped), 0 conditional triangles on pert (pert-dropped).
Encoding dependencies (activation_start=1, layers_offset=3)...
Adding perturbed interval constraints...
18.798980632482845  19.01214333150836  10800.087160110474
repro_check/N2stdBoost_repro/
Clean sample classification: 1
Perturbed sample classification: 1
