
Advanced-standard: 1 technique combinations × 1 seed(s) (all-off + zono/probe/relax-without-boundTight + sibgate-without-relax excluded):
  mipStart=false  branchPri=off  lpBasis=false  boundTight/BTPR=BoundTightPertRelax0.5  zonoBounds=true  n1Probe=off  varHint=prev_pgd  sibGate=true
  seeds: [4]
  [n2_tables_only] N2 (target-network) tables only — skipping N1-only jobs (delta_max N1, N1stdBoost); the essential Phase 1 N1-solve state for advstd N2 is kept.

============================================================
Phase 0: Training N2 = N1 + 1 SGD epoch(s) [cnn1]
============================================================

  N2 already exists at /root/Downloads/for_dana/vaghar_org/paper_experiments/cifar/cnn1_exp/model_seed42_itr19_sgd_itr1, skipping training.
  N1: /root/Downloads/for_dana/vaghar_org/paper_experiments/cifar/cnn1_exp/model_seed42_itr19
  N2: /root/Downloads/for_dana/vaghar_org/paper_experiments/cifar/cnn1_exp/model_seed42_itr19_sgd_itr1
  [cnn1] N2 delta_max already complete for c_srcs=[1] at /root/Downloads/for_dana/vaghar_org/paper_experiments/cifar/cnn1_exp/delta_max/delta_max_cnn1_N2_model_seed42_itr19_sgd_itr1 — skipping

━━━━━━━━━━━━━━━━━━━━━━━━━━━━━━━━━━━━━━━━━━━━━━━━━━━━━━━━━━━━
c_tag = 1  (Julia 1-indexed; Julia writes ctag0 into filenames)
━━━━━━━━━━━━━━━━━━━━━━━━━━━━━━━━━━━━━━━━━━━━━━━━━━━━━━━━━━━━
  [cnn1] rotation(10) c_tag=1 N1 state missing — solving for c_targets=[3, 4, 6]
  reclaiming dead-owner N1 solve lock at /root/Downloads/for_dana/vaghar_org/paper_experiments/cifar/cnn1_exp/rotation/eps_10/n1_state_cnn1_model_seed42_itr19/.solving.lock (owner pid 3089907 is not running)

── Phase 1+1.5+2 merged across c_tags=[1] [row-priority]: 1 N1 (1 ready, 0 chained) + 0 std-N2 + 2 advstd (1 ready, 1 waiting on N1) ──

============================================================
Phase 1+1.5+2 (all c_tags): 3 jobs total  (2 ready now, 1 waiting on deps)  1 concurrent slots  (32 cores/job, cores 72-103)
============================================================

  [[cnn1] rotation(10) N1-solve c_tag=1              ] cores 72-103  (0/3 done, 1 queued, 1 locked)
  [[cnn1] rotation(10) N1-solve c_tag=1              ] finished (OK)  [1/3]  -> unlocked 1 dependent job(s)
  [[cnn1] rotation(10) c_tag=1 N2stdBoost(zbbtpr0.5sgpi) seed4] cores 72-103  (1/3 done, 1 queued, 0 locked)
  [[cnn1] rotation(10) c_tag=1 N2stdBoost(zbbtpr0.5sgpi) seed4] finished (OK)  [2/3]
  [[cnn1] rotation(10) c_tag=1 N2(btpr0.5sgzb) seed4 ] cores 72-103  (2/3 done, 0 queued, 0 locked)
  [[cnn1] rotation(10) c_tag=1 N2(btpr0.5sgzb) seed4 ] finished (OK)  [3/3]

Phase 1+1.5+2 (all c_tags): all 3 jobs done.
