
Advanced-standard: 1 technique combinations × 1 seed(s) (all-off + zono/probe/relax-without-boundTight + sibgate-without-relax excluded):
  mipStart=false  branchPri=off  lpBasis=false  boundTight/BTPR=BoundTightPertRelax0.5  zonoBounds=true  n1Probe=off  varHint=prev_pgd  sibGate=true
  seeds: [4]
  [n2_tables_only] N2 (target-network) tables only — skipping N1-only jobs (delta_max N1, N1stdBoost); the essential Phase 1 N1-solve state for advstd N2 is kept.

============================================================
Phase 0: Training N2 = N1 + 1 SGD epoch(s) [cnn1]
============================================================

  N2 already exists at /root/Downloads/for_dana/vaghar_org/paper_experiments/mnist/cnn1_exp/model_seed42_itr20_sgd_itr1, skipping training.
  N1: /root/Downloads/for_dana/vaghar_org/paper_experiments/mnist/cnn1_exp/model_seed42_itr20
  N2: /root/Downloads/for_dana/vaghar_org/paper_experiments/mnist/cnn1_exp/model_seed42_itr20_sgd_itr1
  [cnn1] N2 delta_max already complete for c_srcs=[1, 3] at /root/Downloads/for_dana/vaghar_org/paper_experiments/mnist/cnn1_exp/delta_max/delta_max_cnn1_N2_model_seed42_itr20_sgd_itr1 — skipping

━━━━━━━━━━━━━━━━━━━━━━━━━━━━━━━━━━━━━━━━━━━━━━━━━━━━━━━━━━━━
c_tag = 1  (Julia 1-indexed; Julia writes ctag0 into filenames)
━━━━━━━━━━━━━━━━━━━━━━━━━━━━━━━━━━━━━━━━━━━━━━━━━━━━━━━━━━━━
  [cnn1] trans(1,1) c_tag=1 N1 state already complete for c_targets=[2, 4, 5] at /root/Downloads/for_dana/vaghar_org/paper_experiments/mnist/cnn1_exp/translation/eps_1,1/n1_state_cnn1_model_seed42_itr20 — skipping N1 solve
  [cnn1] rotation(10) c_tag=1 N1 state already complete for c_targets=[2, 4, 5] at /root/Downloads/for_dana/vaghar_org/paper_experiments/mnist/cnn1_exp/rotation/eps_10/n1_state_cnn1_model_seed42_itr20 — skipping N1 solve

━━━━━━━━━━━━━━━━━━━━━━━━━━━━━━━━━━━━━━━━━━━━━━━━━━━━━━━━━━━━
c_tag = 3  (Julia 1-indexed; Julia writes ctag2 into filenames)
━━━━━━━━━━━━━━━━━━━━━━━━━━━━━━━━━━━━━━━━━━━━━━━━━━━━━━━━━━━━
  [cnn1] trans(1,1) c_tag=3 N1 state already complete for c_targets=[2, 4, 5] at /root/Downloads/for_dana/vaghar_org/paper_experiments/mnist/cnn1_exp/translation/eps_1,1/n1_state_cnn1_model_seed42_itr20 — skipping N1 solve
  [cnn1] rotation(10) c_tag=3 N1 state already complete for c_targets=[2, 4, 5] at /root/Downloads/for_dana/vaghar_org/paper_experiments/mnist/cnn1_exp/rotation/eps_10/n1_state_cnn1_model_seed42_itr20 — skipping N1 solve

── Phase 1+1.5+2 merged across c_tags=[1, 3] [row-priority]: 0 N1 (0 ready, 0 chained) + 0 std-N2 + 8 advstd (8 ready, 0 waiting on N1) ──

============================================================
Phase 1+1.5+2 (all c_tags): 8 jobs total  (8 ready now, 0 waiting on deps)  1 concurrent slots  (32 cores/job, cores 8-39)
============================================================

  [[cnn1] trans(1,1) c_tag=1 N2stdBoost(zbbtpr0.5sgpi) seed4] cores 8-39  (0/8 done, 7 queued, 0 locked)

[supervisor] Received SIGTERM; terminating 1 live child job(s) and their descendants...

[supervisor] Received SIGTERM; terminating 1 live child job(s) and their descendants...

[supervisor] Received SIGTERM; terminating 1 live child job(s) and their descendants...

[supervisor] Received SIGTERM; terminating 1 live child job(s) and their descendants...

[supervisor] Received SIGTERM; terminating 1 live child job(s) and their descendants...

[supervisor] Received SIGTERM; terminating 1 live child job(s) and their descendants...

[supervisor] Received SIGTERM; terminating 1 live child job(s) and their descendants...

[supervisor] Received SIGTERM; terminating 1 live child job(s) and their descendants...

[supervisor] Received SIGTERM; terminating 1 live child job(s) and their descendants...

[supervisor] Received SIGTERM; terminating 1 live child job(s) and their descendants...

[supervisor] Received SIGTERM; terminating 1 live child job(s) and their descendants...

[supervisor] Received SIGTERM; terminating 1 live child job(s) and their descendants...

[supervisor] Received SIGTERM; terminating 1 live child job(s) and their descendants...

[supervisor] Received SIGTERM; terminating 1 live child job(s) and their descendants...

[supervisor] Received SIGTERM; terminating 1 live child job(s) and their descendants...

[supervisor] Received SIGTERM; terminating 1 live child job(s) and their descendants...

[supervisor] Received SIGTERM; terminating 1 live child job(s) and their descendants...

[supervisor] Received SIGTERM; terminating 1 live child job(s) and their descendants...

[supervisor] Received SIGTERM; terminating 1 live child job(s) and their descendants...

[supervisor] Received SIGTERM; terminating 1 live child job(s) and their descendants...

[supervisor] Received SIGTERM; terminating 1 live child job(s) and their descendants...

[supervisor] Received SIGTERM; terminating 1 live child job(s) and their descendants...

[supervisor] Received SIGTERM; terminating 1 live child job(s) and their descendants...

[supervisor] Received SIGTERM; terminating 1 live child job(s) and their descendants...

[supervisor] Received SIGTERM; terminating 1 live child job(s) and their descendants...

[supervisor] Received SIGTERM; terminating 1 live child job(s) and their descendants...

[supervisor] Received SIGTERM; terminating 1 live child job(s) and their descendants...

[supervisor] Received SIGTERM; terminating 1 live child job(s) and their descendants...

[supervisor] Received SIGTERM; terminating 1 live child job(s) and their descendants...

[supervisor] Received SIGTERM; terminating 1 live child job(s) and their descendants...

[supervisor] Received SIGTERM; terminating 1 live child job(s) and their descendants...
Error in sys.excepthook:


During handling of the above exception, another exception occurred:

Traceback (most recent call last):


During handling of the above exception, another exception occurred:

Traceback (most recent call last):
  File "run_relaxation_sweep.py", line 76, in _kill_descendants


[supervisor] Received SIGTERM; terminating 1 live child job(s) and their descendants...

[supervisor] Received SIGTERM; terminating 1 live child job(s) and their descendants...

[supervisor] Received SIGTERM; terminating 1 live child job(s) and their descendants...

[supervisor] Received SIGTERM; terminating 1 live child job(s) and their descendants...

[supervisor] Received SIGTERM; terminating 1 live child job(s) and their descendants...

[supervisor] Received SIGTERM; terminating 1 live child job(s) and their descendants...

[supervisor] Received SIGTERM; terminating 1 live child job(s) and their descendants...

[supervisor] Received SIGTERM; terminating 1 live child job(s) and their descendants...

[supervisor] Received SIGTERM; terminating 1 live child job(s) and their descendants...

[supervisor] Received SIGTERM; terminating 1 live child job(s) and their descendants...

[supervisor] Received SIGTERM; terminating 1 live child job(s) and their descendants...

[supervisor] Received SIGTERM; terminating 1 live child job(s) and their descendants...

[supervisor] Received SIGTERM; terminating 1 live child job(s) and their descendants...

[supervisor] Received SIGTERM; terminating 1 live child job(s) and their descendants...

[supervisor] Received SIGTERM; terminating 1 live child job(s) and their descendants...

[supervisor] Received SIGTERM; terminating 1 live child job(s) and their descendants...

[supervisor] Received SIGTERM; terminating 1 live child job(s) and their descendants...

[supervisor] Received SIGTERM; terminating 1 live child job(s) and their descendants...

[supervisor] Received SIGTERM; terminating 1 live child job(s) and their descendants...

[supervisor] Received SIGTERM; terminating 1 live child job(s) and their descendants...

[supervisor] Received SIGTERM; terminating 1 live child job(s) and their descendants...

[supervisor] Received SIGTERM; terminating 1 live child job(s) and their descendants...

[supervisor] Received SIGTERM; terminating 1 live child job(s) and their descendants...

[supervisor] Received SIGTERM; terminating 1 live child job(s) and their descendants...

[supervisor] Received SIGTERM; terminating 1 live child job(s) and their descendants...

[supervisor] Received SIGTERM; terminating 1 live child job(s) and their descendants...

[supervisor] Received SIGTERM; terminating 1 live child job(s) and their descendants...

[supervisor] Received SIGTERM; terminating 1 live child job(s) and their descendants...

[supervisor] Received SIGTERM; terminating 1 live child job(s) and their descendants...

[supervisor] Received SIGTERM; terminating 1 live child job(s) and their descendants...

[supervisor] Received SIGTERM; terminating 1 live child job(s) and their descendants...

[supervisor] Received SIGTERM; terminating 1 live child job(s) and their descendants...

[supervisor] Received SIGTERM; terminating 1 live child job(s) and their descendants...

[supervisor] Received SIGTERM; terminating 1 live child job(s) and their descendants...

[supervisor] Received SIGTERM; terminating 1 live child job(s) and their descendants...

Original exception was:



[supervisor] Received SIGTERM; terminating 1 live child job(s) and their descendants...

[supervisor] Received SIGTERM; terminating 1 live child job(s) and their descendants...

[supervisor] Received SIGTERM; terminating 1 live child job(s) and their descendants...

[supervisor] Received SIGTERM; terminating 1 live child job(s) and their descendants...

[supervisor] Received SIGTERM; terminating 1 live child job(s) and their descendants...

[supervisor] Received SIGTERM; terminating 1 live child job(s) and their descendants...

[supervisor] Received SIGTERM; terminating 1 live child job(s) and their descendants...

[supervisor] Received SIGTERM; terminating 1 live child job(s) and their descendants...

[supervisor] Received SIGTERM; terminating 1 live child job(s) and their descendants...

[supervisor] Received SIGTERM; terminating 1 live child job(s) and their descendants...

[supervisor] Received SIGTERM; terminating 1 live child job(s) and their descendants...

[supervisor] Received SIGTERM; terminating 1 live child job(s) and their descendants...

[supervisor] Received SIGTERM; terminating 1 live child job(s) and their descendants...

[supervisor] Received SIGTERM; terminating 1 live child job(s) and their descendants...

[supervisor] Received SIGTERM; terminating 1 live child job(s) and their descendants...

[supervisor] Received SIGTERM; terminating 1 live child job(s) and their descendants...

[supervisor] Received SIGTERM; terminating 1 live child job(s) and their descendants...

[supervisor] Received SIGTERM; terminating 1 live child job(s) and their descendants...

[supervisor] Received SIGTERM; terminating 1 live child job(s) and their descendants...

[supervisor] Received SIGTERM; terminating 1 live child job(s) and their descendants...

[supervisor] Received SIGTERM; terminating 1 live child job(s) and their descendants...

[supervisor] Received SIGTERM; terminating 1 live child job(s) and their descendants...

[supervisor] Received SIGTERM; terminating 1 live child job(s) and their descendants...

[supervisor] Received SIGTERM; terminating 1 live child job(s) and their descendants...

[supervisor] Received SIGTERM; terminating 1 live child job(s) and their descendants...

[supervisor] Received SIGTERM; terminating 1 live child job(s) and their descendants...

[supervisor] Received SIGTERM; terminating 1 live child job(s) and their descendants...

[supervisor] Received SIGTERM; terminating 1 live child job(s) and their descendants...

[supervisor] Received SIGTERM; terminating 1 live child job(s) and their descendants...

[supervisor] Received SIGTERM; terminating 1 live child job(s) and their descendants...
Exception ignored in: <object repr() failed>
Traceback (most recent call last):
RuntimeError: reentrant call inside <_io.BufferedWriter name='<stdout>'>

[supervisor] Received SIGTERM; terminating 1 live child job(s) and their descendants...

[supervisor] Received SIGTERM; terminating 1 live child job(s) and their descendants...

[supervisor] Received SIGTERM; terminating 1 live child job(s) and their descendants...

[supervisor] Received SIGTERM; terminating 1 live child job(s) and their descendants...

[supervisor] Received SIGTERM; terminating 1 live child job(s) and their descendants...

[supervisor] Received SIGTERM; terminating 1 live child job(s) and their descendants...

[supervisor] Received SIGTERM; terminating 1 live child job(s) and their descendants...

[supervisor] Received SIGTERM; terminating 1 live child job(s) and their descendants...

[supervisor] Received SIGTERM; terminating 1 live child job(s) and their descendants...

[supervisor] Received SIGTERM; terminating 1 live child job(s) and their descendants...

[supervisor] Received SIGTERM; terminating 1 live child job(s) and their descendants...

[supervisor] Received SIGTERM; terminating 1 live child job(s) and their descendants...

[supervisor] Received SIGTERM; terminating 1 live child job(s) and their descendants...

[supervisor] Received SIGTERM; terminating 1 live child job(s) and their descendants...

[supervisor] Received SIGTERM; terminating 1 live child job(s) and their descendants...

[supervisor] Received SIGTERM; terminating 1 live child job(s) and their descendants...

[supervisor] Received SIGTERM; terminating 1 live child job(s) and their descendants...

[supervisor] Received SIGTERM; terminating 1 live child job(s) and their descendants...

[supervisor] Received SIGTERM; terminating 1 live child job(s) and their descendants...

[supervisor] Received SIGTERM; terminating 1 live child job(s) and their descendants...

[supervisor] Received SIGTERM; terminating 1 live child job(s) and their descendants...

[supervisor] Received SIGTERM; terminating 1 live child job(s) and their descendants...

[supervisor] Received SIGTERM; terminating 1 live child job(s) and their descendants...

[supervisor] Received SIGTERM; terminating 1 live child job(s) and their descendants...

[supervisor] Received SIGTERM; terminating 1 live child job(s) and their descendants...

[supervisor] Received SIGTERM; terminating 1 live child job(s) and their descendants...

[supervisor] Received SIGTERM; terminating 1 live child job(s) and their descendants...

[supervisor] Received SIGTERM; terminating 1 live child job(s) and their descendants...

[supervisor] Received SIGTERM; terminating 1 live child job(s) and their descendants...

[supervisor] Received SIGTERM; terminating 1 live child job(s) and their descendants...

[supervisor] Received SIGTERM; terminating 1 live child job(s) and their descendants...

[supervisor] Received SIGTERM; terminating 1 live child job(s) and their descendants...

[supervisor] Received SIGTERM; terminating 1 live child job(s) and their descendants...

[supervisor] Received SIGTERM; terminating 1 live child job(s) and their descendants...

[supervisor] Received SIGTERM; terminating 1 live child job(s) and their descendants...

[supervisor] Received SIGTERM; terminating 1 live child job(s) and their descendants...

[supervisor] Received SIGTERM; terminating 1 live child job(s) and their descendants...

[supervisor] Received SIGTERM; terminating 1 live child job(s) and their descendants...

[supervisor] Received SIGTERM; terminating 1 live child job(s) and their descendants...

[supervisor] Received SIGTERM; terminating 1 live child job(s) and their descendants...

[supervisor] Received SIGTERM; terminating 1 live child job(s) and their descendants...

[supervisor] Received SIGTERM; terminating 1 live child job(s) and their descendants...

[supervisor] Received SIGTERM; terminating 1 live child job(s) and their descendants...

[supervisor] Received SIGTERM; terminating 1 live child job(s) and their descendants...

[supervisor] Received SIGTERM; terminating 1 live child job(s) and their descendants...

[supervisor] Received SIGTERM; terminating 1 live child job(s) and their descendants...

[supervisor] Received SIGTERM; terminating 1 live child job(s) and their descendants...

[supervisor] Received SIGTERM; terminating 1 live child job(s) and their descendants...

[supervisor] Received SIGTERM; terminating 1 live child job(s) and their descendants...

[supervisor] Received SIGTERM; terminating 1 live child job(s) and their descendants...

[supervisor] Received SIGTERM; terminating 1 live child job(s) and their descendants...

[supervisor] Received SIGTERM; terminating 1 live child job(s) and their descendants...

[supervisor] Received SIGTERM; terminating 1 live child job(s) and their descendants...

[supervisor] Received SIGTERM; terminating 1 live child job(s) and their descendants...

[supervisor] Received SIGTERM; terminating 1 live child job(s) and their descendants...

[supervisor] Received SIGTERM; terminating 1 live child job(s) and their descendants...

[supervisor] Received SIGTERM; terminating 1 live child job(s) and their descendants...

[supervisor] Received SIGTERM; terminating 1 live child job(s) and their descendants...

[supervisor] Received SIGTERM; terminating 1 live child job(s) and their descendants...

[supervisor] Received SIGTERM; terminating 1 live child job(s) and their descendants...

[supervisor] Received SIGTERM; terminating 1 live child job(s) and their descendants...

[supervisor] Received SIGTERM; terminating 1 live child job(s) and their descendants...

[supervisor] Received SIGTERM; terminating 1 live child job(s) and their descendants...

[supervisor] Received SIGTERM; terminating 1 live child job(s) and their descendants...

[supervisor] Received SIGTERM; terminating 1 live child job(s) and their descendants...
Exception ignored in sys.unraisablehook: <built-in function unraisablehook>
Traceback (most recent call last):
  File "run_relaxation_sweep.py", line 100, in _signal_handler
Error in atexit._run_exitfuncs:


[supervisor] Received SIGTERM; terminating 1 live child job(s) and their descendants...

[supervisor] Received SIGTERM; terminating 1 live child job(s) and their descendants...

[supervisor] Received SIGTERM; terminating 1 live child job(s) and their descendants...

[supervisor] Received SIGTERM; terminating 1 live child job(s) and their descendants...

[supervisor] Received SIGTERM; terminating 1 live child job(s) and their descendants...

[supervisor] Received SIGTERM; terminating 1 live child job(s) and their descendants...

[supervisor] Received SIGTERM; terminating 1 live child job(s) and their descendants...

[supervisor] Received SIGTERM; terminating 1 live child job(s) and their descendants...

[supervisor] Received SIGTERM; terminating 1 live child job(s) and their descendants...

[supervisor] Received SIGTERM; terminating 1 live child job(s) and their descendants...

[supervisor] Received SIGTERM; terminating 1 live child job(s) and their descendants...

[supervisor] Received SIGTERM; terminating 1 live child job(s) and their descendants...

[supervisor] Received SIGTERM; terminating 1 live child job(s) and their descendants...

[supervisor] Received SIGTERM; terminating 1 live child job(s) and their descendants...

[supervisor] Received SIGTERM; terminating 1 live child job(s) and their descendants...

[supervisor] Received SIGTERM; terminating 1 live child job(s) and their descendants...

[supervisor] Received SIGTERM; terminating 1 live child job(s) and their descendants...

[supervisor] Received SIGTERM; terminating 1 live child job(s) and their descendants...

[supervisor] Received SIGTERM; terminating 1 live child job(s) and their descendants...

[supervisor] Received SIGTERM; terminating 1 live child job(s) and their descendants...

[supervisor] Received SIGTERM; terminating 1 live child job(s) and their descendants...

[supervisor] Received SIGTERM; terminating 1 live child job(s) and their descendants...

[supervisor] Received SIGTERM; terminating 1 live child job(s) and their descendants...

[supervisor] Received SIGTERM; terminating 1 live child job(s) and their descendants...

[supervisor] Received SIGTERM; terminating 1 live child job(s) and their descendants...

[supervisor] Received SIGTERM; terminating 1 live child job(s) and their descendants...

[supervisor] Received SIGTERM; terminating 1 live child job(s) and their descendants...

[supervisor] Received SIGTERM; terminating 1 live child job(s) and their descendants...

[supervisor] Received SIGTERM; terminating 1 live child job(s) and their descendants...

[supervisor] Received SIGTERM; terminating 1 live child job(s) and their descendants...

[supervisor] Received SIGTERM; terminating 1 live child job(s) and their descendants...

[supervisor] Received SIGTERM; terminating 1 live child job(s) and their descendants...

[supervisor] Received SIGTERM; terminating 1 live child job(s) and their descendants...

[supervisor] Received SIGTERM; terminating 1 live child job(s) and their descendants...

[supervisor] Received SIGTERM; terminating 1 live child job(s) and their descendants...

[supervisor] Received SIGTERM; terminating 1 live child job(s) and their descendants...

[supervisor] Received SIGTERM; terminating 1 live child job(s) and their descendants...

[supervisor] Received SIGTERM; terminating 1 live child job(s) and their descendants...

[supervisor] Received SIGTERM; terminating 1 live child job(s) and their descendants...

[supervisor] Received SIGTERM; terminating 1 live child job(s) and their descendants...

[supervisor] Received SIGTERM; terminating 1 live child job(s) and their descendants...

[supervisor] Received SIGTERM; terminating 1 live child job(s) and their descendants...

[supervisor] Received SIGTERM; terminating 1 live child job(s) and their descendants...

[supervisor] Received SIGTERM; terminating 1 live child job(s) and their descendants...

[supervisor] Received SIGTERM; terminating 1 live child job(s) and their descendants...

[supervisor] Received SIGTERM; terminating 1 live child job(s) and their descendants...

[supervisor] Received SIGTERM; terminating 1 live child job(s) and their descendants...

[supervisor] Received SIGTERM; terminating 1 live child job(s) and their descendants...

[supervisor] Received SIGTERM; terminating 1 live child job(s) and their descendants...

[supervisor] Received SIGTERM; terminating 1 live child job(s) and their descendants...

[supervisor] Received SIGTERM; terminating 1 live child job(s) and their descendants...

[supervisor] Received SIGTERM; terminating 1 live child job(s) and their descendants...
Error in atexit._run_exitfuncs:


[supervisor] Received SIGTERM; terminating 1 live child job(s) and their descendants...

[supervisor] Received SIGTERM; terminating 1 live child job(s) and their descendants...

[supervisor] Received SIGTERM; terminating 1 live child job(s) and their descendants...

[supervisor] Received SIGTERM; terminating 1 live child job(s) and their descendants...

[supervisor] Received SIGTERM; terminating 1 live child job(s) and their descendants...

[supervisor] Received SIGTERM; terminating 1 live child job(s) and their descendants...

[supervisor] Received SIGTERM; terminating 1 live child job(s) and their descendants...

[supervisor] Received SIGTERM; terminating 1 live child job(s) and their descendants...

[supervisor] Received SIGTERM; terminating 1 live child job(s) and their descendants...

[supervisor] Received SIGTERM; terminating 1 live child job(s) and their descendants...

[supervisor] Received SIGTERM; terminating 1 live child job(s) and their descendants...

[supervisor] Received SIGTERM; terminating 1 live child job(s) and their descendants...

[supervisor] Received SIGTERM; terminating 1 live child job(s) and their descendants...

[supervisor] Received SIGTERM; terminating 1 live child job(s) and their descendants...

[supervisor] Received SIGTERM; terminating 1 live child job(s) and their descendants...

[supervisor] Received SIGTERM; terminating 1 live child job(s) and their descendants...

[supervisor] Received SIGTERM; terminating 1 live child job(s) and their descendants...

[supervisor] Received SIGTERM; terminating 1 live child job(s) and their descendants...

[supervisor] Received SIGTERM; terminating 1 live child job(s) and their descendants...

[supervisor] Received SIGTERM; terminating 1 live child job(s) and their descendants...

[supervisor] Received SIGTERM; terminating 1 live child job(s) and their descendants...

[supervisor] Received SIGTERM; terminating 1 live child job(s) and their descendants...

[supervisor] Received SIGTERM; terminating 1 live child job(s) and their descendants...

[supervisor] Received SIGTERM; terminating 1 live child job(s) and their descendants...

[supervisor] Received SIGTERM; terminating 1 live child job(s) and their descendants...

[supervisor] Received SIGTERM; terminating 1 live child job(s) and their descendants...

[supervisor] Received SIGTERM; terminating 1 live child job(s) and their descendants...

[supervisor] Received SIGTERM; terminating 1 live child job(s) and their descendants...

[supervisor] Received SIGTERM; terminating 1 live child job(s) and their descendants...

[supervisor] Received SIGTERM; terminating 1 live child job(s) and their descendants...

[supervisor] Received SIGTERM; terminating 1 live child job(s) and their descendants...

[supervisor] Received SIGTERM; terminating 1 live child job(s) and their descendants...

[supervisor] Received SIGTERM; terminating 1 live child job(s) and their descendants...

[supervisor] Received SIGTERM; terminating 1 live child job(s) and their descendants...

[supervisor] Received SIGTERM; terminating 1 live child job(s) and their descendants...

[supervisor] Received SIGTERM; terminating 1 live child job(s) and their descendants...

[supervisor] Received SIGTERM; terminating 1 live child job(s) and their descendants...

[supervisor] Received SIGTERM; terminating 1 live child job(s) and their descendants...

[supervisor] Received SIGTERM; terminating 1 live child job(s) and their descendants...

[supervisor] Received SIGTERM; terminating 1 live child job(s) and their descendants...
Error in atexit._run_exitfuncs:


[supervisor] Received SIGTERM; terminating 1 live child job(s) and their descendants...

[supervisor] Received SIGTERM; terminating 1 live child job(s) and their descendants...

[supervisor] Received SIGTERM; terminating 1 live child job(s) and their descendants...

[supervisor] Received SIGTERM; terminating 1 live child job(s) and their descendants...

[supervisor] Received SIGTERM; terminating 1 live child job(s) and their descendants...

[supervisor] Received SIGTERM; terminating 1 live child job(s) and their descendants...

[supervisor] Received SIGTERM; terminating 1 live child job(s) and their descendants...

[supervisor] Received SIGTERM; terminating 1 live child job(s) and their descendants...

[supervisor] Received SIGTERM; terminating 1 live child job(s) and their descendants...

[supervisor] Received SIGTERM; terminating 1 live child job(s) and their descendants...

[supervisor] Received SIGTERM; terminating 1 live child job(s) and their descendants...

[supervisor] Received SIGTERM; terminating 1 live child job(s) and their descendants...

[supervisor] Received SIGTERM; terminating 1 live child job(s) and their descendants...

[supervisor] Received SIGTERM; terminating 1 live child job(s) and their descendants...

[supervisor] Received SIGTERM; terminating 1 live child job(s) and their descendants...

[supervisor] Received SIGTERM; terminating 1 live child job(s) and their descendants...

[supervisor] Received SIGTERM; terminating 1 live child job(s) and their descendants...

[supervisor] Received SIGTERM; terminating 1 live child job(s) and their descendants...

[supervisor] Received SIGTERM; terminating 1 live child job(s) and their descendants...

[supervisor] Received SIGTERM; terminating 1 live child job(s) and their descendants...

[supervisor] Received SIGTERM; terminating 1 live child job(s) and their descendants...

[supervisor] Received SIGTERM; terminating 1 live child job(s) and their descendants...

[supervisor] Received SIGTERM; terminating 1 live child job(s) and their descendants...

[supervisor] Received SIGTERM; terminating 1 live child job(s) and their descendants...

[supervisor] Received SIGTERM; terminating 1 live child job(s) and their descendants...

[supervisor] Received SIGTERM; terminating 1 live child job(s) and their descendants...

[supervisor] Received SIGTERM; terminating 1 live child job(s) and their descendants...

[supervisor] Received SIGTERM; terminating 1 live child job(s) and their descendants...

[supervisor] Received SIGTERM; terminating 1 live child job(s) and their descendants...

[supervisor] Received SIGTERM; terminating 1 live child job(s) and their descendants...

[supervisor] Received SIGTERM; terminating 1 live child job(s) and their descendants...

[supervisor] Received SIGTERM; terminating 1 live child job(s) and their descendants...

[supervisor] Received SIGTERM; terminating 1 live child job(s) and their descendants...

[supervisor] Received SIGTERM; terminating 1 live child job(s) and their descendants...

[supervisor] Received SIGTERM; terminating 1 live child job(s) and their descendants...

[supervisor] Received SIGTERM; terminating 1 live child job(s) and their descendants...

[supervisor] Received SIGTERM; terminating 1 live child job(s) and their descendants...

[supervisor] Received SIGTERM; terminating 1 live child job(s) and their descendants...

[supervisor] Received SIGTERM; terminating 1 live child job(s) and their descendants...
Error in atexit._run_exitfuncs:


[supervisor] Received SIGTERM; terminating 1 live child job(s) and their descendants...
