\BOOKMARK [1][-]{section.1}{Motivation and Setting}{}% 1
\BOOKMARK [1][-]{section.2}{Background: ReLU Encoding in the MIP}{}% 2
\BOOKMARK [1][-]{section.3}{Boosting Standard Mode \(single-network N1\)}{}% 3
\BOOKMARK [2][-]{subsection.3.1}{Perturbed Interval Constraints \(PerturbedIntervals\)}{section.3}% 4
\BOOKMARK [3][-]{subsubsection.3.1.1}{Interval-arithmetic recurrence for , }{subsection.3.1}% 5
\BOOKMARK [3][-]{subsubsection.3.1.2}{Initialisation by perturbation type}{subsection.3.1}% 6
\BOOKMARK [3][-]{subsubsection.3.1.3}{Per-perturbation soundness}{subsection.3.1}% 7
\BOOKMARK [3][-]{subsubsection.3.1.4}{Matched constraint emission}{subsection.3.1}% 8
\BOOKMARK [3][-]{subsubsection.3.1.5}{Soundness}{subsection.3.1}% 9
\BOOKMARK [3][-]{subsubsection.3.1.6}{Why the safe combinations require it}{subsection.3.1}% 10
\BOOKMARK [3][-]{subsubsection.3.1.7}{Performance characterisation}{subsection.3.1}% 11
\BOOKMARK [3][-]{subsubsection.3.1.8}{Algorithm and worked example}{subsection.3.1}% 12
\BOOKMARK [2][-]{subsection.3.2}{Absolute Zonotope Bound Tightening}{section.3}% 13
\BOOKMARK [3][-]{subsubsection.3.2.1}{Algorithm and worked example}{subsection.3.2}% 14
\BOOKMARK [2][-]{subsection.3.3}{Per-Copy Triangle Drop \(BoundTightPertRelax\)}{section.3}% 15
\BOOKMARK [3][-]{subsubsection.3.3.1}{Algorithm and worked example}{subsection.3.3}% 16
\BOOKMARK [2][-]{subsection.3.4}{Sibling-Gated Refinement \(SibGate\)}{section.3}% 17
\BOOKMARK [3][-]{subsubsection.3.4.1}{Algorithm and worked example}{subsection.3.4}% 18
\BOOKMARK [1][-]{section.4}{Boosting Advanced Standard Mode \(N1 N2 transfer\)}{}% 19
\BOOKMARK [2][-]{subsection.4.1}{Two-Phase Execution}{section.4}% 20
\BOOKMARK [2][-]{subsection.4.2}{Bound Tightening \(boundTight\)}{section.4}% 21
\BOOKMARK [3][-]{subsubsection.4.2.1}{Method 1: Interval arithmetic \(baseline\)}{subsection.4.2}% 22
\BOOKMARK [3][-]{subsubsection.4.2.2}{Method 2: Zonotope arithmetic \(Source A + B\)}{subsection.4.2}% 23
\BOOKMARK [3][-]{subsubsection.4.2.3}{Precision guarantees}{subsection.4.2}% 24
\BOOKMARK [3][-]{subsubsection.4.2.4}{Final bound integration}{subsection.4.2}% 25
\BOOKMARK [3][-]{subsubsection.4.2.5}{Algorithm and worked example}{subsection.4.2}% 26
\BOOKMARK [2][-]{subsection.4.3}{Variable Hints \(varHint=prev/direct/direct\137pgd/prev\137pgd\)}{section.4}% 27
\BOOKMARK [3][-]{subsubsection.4.3.1}{Algorithm and worked example}{subsection.4.3}% 28
\BOOKMARK [2][-]{subsection.4.4}{Per-Copy Triangle Drop \(BoundTightPertRelax\)}{section.4}% 29
\BOOKMARK [3][-]{subsubsection.4.4.1}{Algorithm and worked example}{subsection.4.4}% 30
\BOOKMARK [2][-]{subsection.4.5}{Sibling-Gated Refinement \(SibGate\)}{section.4}% 31
\BOOKMARK [3][-]{subsubsection.4.5.1}{Algorithm and worked example}{subsection.4.5}% 32
\BOOKMARK [1][-]{section.5}{Safe-to-Use Combinations}{}% 33
\BOOKMARK [1][-]{section.6}{Safe-to-Use Combinations: nn1 Boosting}{}% 34
\BOOKMARK [1][-]{section.7}{Per-Architecture Wide Comparison: Boosting Standard Mode}{}% 35
