Set parameter WLSAccessID
Set parameter WLSSecret
Set parameter LicenseID to value 2478548
Academic license 2478548 - for non-commercial use only - registered to ne___@campus.technion.ac.il
dep-audit: on, writing dep_audit/cifar10__cnn5__occ__14.0-14.0-9.0__model_seed42_itr19_sgd_itr1.csv, Threads=4
WARNING: --geometric_intervals requires --use_perturbed_intervals=true (it only affects the perturbed-interval coupling). Ignoring it and falling back to geometric_intervals=off.
WARNING: --nn1_relax_threshold ≥ 0 or --nn1_sibling_gate=true without --nn1_zono_bounds=true. Per-copy bounds will only come from the encoder's default interval arithmetic (no Source B refinement). Decision/SibGate will still run but will see looser bounds.
Standard mode: boosts enabled:
  PerturbedIntervals:                 false
  Absolute Zonotope (Source B on N1): false
  Per-Copy Triangle Drop τ:           0.0
  Sibling-Gated Refinement:           false
compute_n2_relax_decision!: no shape source available (relu_diff_up_bounds and n2_abs_up_bounds both empty) — skipping decision precompute
[notice | Main.MIPVerify]: Determining upper and lower bounds for the input to each non-linear unit.
Set parameter WLSAccessID
Set parameter WLSSecret
Set parameter LicenseID to value 2478548
Academic license 2478548 - for non-commercial use only - registered to ne___@campus.technion.ac.il
Set parameter Seed to value 0
Set parameter Threads to value 4
Set parameter TimeLimit to value 5
Set parameter Seed to value 0
Set parameter Threads to value 4
Set parameter TimeLimit to value 5

[531343] signal 15: Terminated
in expression starting at /root/Downloads/for_dana/vaghar_org/run.jl:1196
pthread_cond_wait at /usr/lib/x86_64-linux-gnu/libpthread.so.0 (unknown line)
uv_cond_wait at /workspace/srcdir/libuv/src/unix/thread.c:822
ijl_task_get_next at /cache/build/builder-amdci5-3/julialang/julia-release-1-dot-12/src/scheduler.c:523
poptask at ./task.jl:1216
wait at ./task.jl:1228
#wait#398 at ./condition.jl:141
_trywait at ./asyncevent.jl:163
profile_printing_listener at ./Base.jl:332
#start_profile_listener##0 at ./Base.jl:352
jfptr_YY.start_profile_listenerYY.YY.0_6779.1 at /root/.julia/juliaup/julia-1.12.5+0.x64.linux.gnu/lib/julia/sys.so (unknown line)
jl_apply at /cache/build/builder-amdci5-3/julialang/julia-release-1-dot-12/src/julia.h:2391 [inlined]
start_task at /cache/build/builder-amdci5-3/julialang/julia-release-1-dot-12/src/task.c:1252
unknown function (ip: (nil)) at (unknown file)
PRIVATE0000000000217025 at /root/.julia/artifacts/f0e5f5a89f78144698ed87413adc7743688584f5/gurobi1300/linux64/lib/libgurobi130.so (unknown line)
PRIVATE000000000009c3a9 at /root/.julia/artifacts/f0e5f5a89f78144698ed87413adc7743688584f5/gurobi1300/linux64/lib/libgurobi130.so (unknown line)
PRIVATE000000000008a70a at /root/.julia/artifacts/f0e5f5a89f78144698ed87413adc7743688584f5/gurobi1300/linux64/lib/libgurobi130.so (unknown line)
PRIVATE0000000000028bb3 at /root/.julia/artifacts/f0e5f5a89f78144698ed87413adc7743688584f5/gurobi1300/linux64/lib/libgurobi130.so (unknown line)
PRIVATE00000000000624da at /root/.julia/artifacts/f0e5f5a89f78144698ed87413adc7743688584f5/gurobi1300/linux64/lib/libgurobi130.so (unknown line)
PRIVATE00000000000ccce6 at /root/.julia/artifacts/f0e5f5a89f78144698ed87413adc7743688584f5/gurobi1300/linux64/lib/libgurobi130.so (unknown line)
PRIVATE00000000005c7ca5 at /root/.julia/artifacts/f0e5f5a89f78144698ed87413adc7743688584f5/gurobi1300/linux64/lib/libgurobi130.so (unknown line)
PRIVATE00000000005c947b at /root/.julia/artifacts/f0e5f5a89f78144698ed87413adc7743688584f5/gurobi1300/linux64/lib/libgurobi130.so (unknown line)
PRIVATE00000000008de811 at /root/.julia/artifacts/f0e5f5a89f78144698ed87413adc7743688584f5/gurobi1300/linux64/lib/libgurobi130.so (unknown line)
PRIVATE00000000008dd526 at /root/.julia/artifacts/f0e5f5a89f78144698ed87413adc7743688584f5/gurobi1300/linux64/lib/libgurobi130.so (unknown line)
PRIVATE00000000008c7ae3 at /root/.julia/artifacts/f0e5f5a89f78144698ed87413adc7743688584f5/gurobi1300/linux64/lib/libgurobi130.so (unknown line)
PRIVATE00000000008a7532 at /root/.julia/artifacts/f0e5f5a89f78144698ed87413adc7743688584f5/gurobi1300/linux64/lib/libgurobi130.so (unknown line)
PRIVATE00000000006485cf at /root/.julia/artifacts/f0e5f5a89f78144698ed87413adc7743688584f5/gurobi1300/linux64/lib/libgurobi130.so (unknown line)
PRIVATE00000000005dc328 at /root/.julia/artifacts/f0e5f5a89f78144698ed87413adc7743688584f5/gurobi1300/linux64/lib/libgurobi130.so (unknown line)
PRIVATE00000000005b7061 at /root/.julia/artifacts/f0e5f5a89f78144698ed87413adc7743688584f5/gurobi1300/linux64/lib/libgurobi130.so (unknown line)
PRIVATE0000000000c1b6ed at /root/.julia/artifacts/f0e5f5a89f78144698ed87413adc7743688584f5/gurobi1300/linux64/lib/libgurobi130.so (unknown line)
PRIVATE000000000097c960 at /root/.julia/artifacts/f0e5f5a89f78144698ed87413adc7743688584f5/gurobi1300/linux64/lib/libgurobi130.so (unknown line)
GRBoptimize at /root/.julia/artifacts/f0e5f5a89f78144698ed87413adc7743688584f5/gurobi1300/linux64/lib/libgurobi130.so (unknown line)
GRBoptimize at /root/.julia/packages/Gurobi/K2XSK/src/gen130/libgrb_api.jl:374 [inlined]
#49 at /root/.julia/packages/Gurobi/K2XSK/src/MOI_wrapper/MOI_wrapper.jl:2820 [inlined]
disable_sigint at ./c.jl:167 [inlined]
optimize! at /root/.julia/packages/Gurobi/K2XSK/src/MOI_wrapper/MOI_wrapper.jl:2819
optimize! at /root/.julia/packages/MathOptInterface/Q3V1z/src/Bridges/bridge_optimizer.jl:367 [inlined]
optimize! at /root/.julia/packages/MathOptInterface/Q3V1z/src/Utilities/cachingoptimizer.jl:379
unknown function (ip: 0x7f56b4be7fa2) at (unknown file)
#optimize!#96 at /root/.julia/packages/JuMP/0tD10/src/optimizer_interface.jl:610
optimize! at /root/.julia/packages/JuMP/0tD10/src/optimizer_interface.jl:560 [inlined]
_audit_direction at /root/Downloads/for_dana/vaghar_org/utils/dep_audit.jl:123
dep_audit_neuron! at /root/Downloads/for_dana/vaghar_org/utils/dep_audit.jl:217
unknown function (ip: 0x7f56341a11b6) at (unknown file)
encode_dependencies at /root/Downloads/for_dana/vaghar_org/utils/perturbation_dependencies.jl:209
encode_dependencies at /root/Downloads/for_dana/vaghar_org/utils/perturbation_dependencies.jl:150
unknown function (ip: 0x7f5634198004) at (unknown file)
#perturbation_dependencies#50 at /root/Downloads/for_dana/vaghar_org/utils/perturbation_dependencies.jl:267
perturbation_dependencies at /root/Downloads/for_dana/vaghar_org/utils/perturbation_dependencies.jl:248
unknown function (ip: 0x7f56b4c29657) at (unknown file)
main_standard at /root/Downloads/for_dana/vaghar_org/run.jl:511
unknown function (ip: 0x7f56ac2204e0) at (unknown file)
main at /root/Downloads/for_dana/vaghar_org/run.jl:360
unknown function (ip: 0x7f56ac1f922f) at (unknown file)
jl_apply at /cache/build/builder-amdci5-3/julialang/julia-release-1-dot-12/src/julia.h:2391 [inlined]
do_call at /cache/build/builder-amdci5-3/julialang/julia-release-1-dot-12/src/interpreter.c:123
eval_value at /cache/build/builder-amdci5-3/julialang/julia-release-1-dot-12/src/interpreter.c:243
eval_stmt_value at /cache/build/builder-amdci5-3/julialang/julia-release-1-dot-12/src/interpreter.c:194 [inlined]
eval_body at /cache/build/builder-amdci5-3/julialang/julia-release-1-dot-12/src/interpreter.c:707
jl_interpret_toplevel_thunk at /cache/build/builder-amdci5-3/julialang/julia-release-1-dot-12/src/interpreter.c:898
jl_toplevel_eval_flex at /cache/build/builder-amdci5-3/julialang/julia-release-1-dot-12/src/toplevel.c:1035
jl_toplevel_eval_flex at /cache/build/builder-amdci5-3/julialang/julia-release-1-dot-12/src/toplevel.c:975
ijl_toplevel_eval at /cache/build/builder-amdci5-3/julialang/julia-release-1-dot-12/src/toplevel.c:1047
ijl_toplevel_eval_in at /cache/build/builder-amdci5-3/julialang/julia-release-1-dot-12/src/toplevel.c:1092
eval at ./boot.jl:489
include_string at ./loading.jl:2870
_include at ./loading.jl:2930
include at ./Base.jl:306
exec_options at ./client.jl:317
_start at ./client.jl:550
jfptr__start_74358.1 at /root/.julia/juliaup/julia-1.12.5+0.x64.linux.gnu/lib/julia/sys.so (unknown line)
jl_apply at /cache/build/builder-amdci5-3/julialang/julia-release-1-dot-12/src/julia.h:2391 [inlined]
true_main at /cache/build/builder-amdci5-3/julialang/julia-release-1-dot-12/src/jlapi.c:971
jl_repl_entrypoint at /cache/build/builder-amdci5-3/julialang/julia-release-1-dot-12/src/jlapi.c:1139
main at /cache/build/builder-amdci5-3/julialang/julia-release-1-dot-12/cli/loader_exe.c:58
__libc_start_main at /usr/lib/x86_64-linux-gnu/libc.so.6 (unknown line)
unknown function (ip: 0x4010b8) at /workspace/srcdir/glibc-2.17/csu/../sysdeps/x86_64/start.S
unknown function (ip: (nil)) at (unknown file)
Allocations: 164612638 (Pool: 164611298; Big: 1340); GC: 215
error in running finalizer: ErrorException("Gurobi Error 10017: ")
_check_ret at /root/.julia/packages/Gurobi/K2XSK/src/MOI_wrapper/MOI_wrapper.jl:417 [inlined]
#13 at /root/.julia/packages/Gurobi/K2XSK/src/MOI_wrapper/MOI_wrapper.jl:393
unknown function (ip: 0x7f56b4bc2082) at (unknown file)
run_finalizer at /cache/build/builder-amdci5-3/julialang/julia-release-1-dot-12/src/gc-common.c:180
jl_gc_run_finalizers_in_list at /cache/build/builder-amdci5-3/julialang/julia-release-1-dot-12/src/gc-common.c:270
run_finalizers at /cache/build/builder-amdci5-3/julialang/julia-release-1-dot-12/src/gc-common.c:316
ijl_atexit_hook at /cache/build/builder-amdci5-3/julialang/julia-release-1-dot-12/src/init.c:292
jl_exit_thread0_cb at /cache/build/builder-amdci5-3/julialang/julia-release-1-dot-12/src/signals-unix.c:564
Encoding the two copies...
Encoding dependencies (activation_start=1, layers_offset=3)...
