Set parameter WLSAccessID
Set parameter WLSSecret
Set parameter LicenseID to value 2478548
Academic license 2478548 - for non-commercial use only - registered to ne___@campus.technion.ac.il
dep-audit: on, writing dep_audit/fmnist__cnn1__linf__0.1__model_seed42_itr19_sgd_itr1.csv, Threads=4
WARNING: --geometric_intervals requires --use_perturbed_intervals=true (it only affects the perturbed-interval coupling). Ignoring it and falling back to geometric_intervals=off.
WARNING: --nn1_relax_threshold ≥ 0 or --nn1_sibling_gate=true without --nn1_zono_bounds=true. Per-copy bounds will only come from the encoder's default interval arithmetic (no Source B refinement). Decision/SibGate will still run but will see looser bounds.
Standard mode: boosts enabled:
  PerturbedIntervals:                 false
  Absolute Zonotope (Source B on N1): false
  Per-Copy Triangle Drop τ:           0.0
  Sibling-Gated Refinement:           false
compute_n2_relax_decision!: no shape source available (relu_diff_up_bounds and n2_abs_up_bounds both empty) — skipping decision precompute
[notice | Main.MIPVerify]: Determining upper and lower bounds for the input to each non-linear unit.
Set parameter WLSAccessID
Set parameter WLSSecret
Set parameter LicenseID to value 2478548
Academic license 2478548 - for non-commercial use only - registered to ne___@campus.technion.ac.il
Set parameter Seed to value 0
Set parameter Threads to value 4
Set parameter TimeLimit to value 5
Set parameter Seed to value 0
Set parameter Threads to value 4
Set parameter TimeLimit to value 5
Encoding the two copies...
Encoding dependencies (activation_start=1, layers_offset=3)...
dep-audit: probes done for c_tag=1 c_target=2; stopping before the solve
