
[59597] signal 15: Terminated
in expression starting at /root/Downloads/for_dana/vaghar_org/run.jl:3
pthread_cond_wait at /usr/lib/x86_64-linux-gnu/libpthread.so.0 (unknown line)
uv_cond_wait at /workspace/srcdir/libuv/src/unix/thread.c:822
ijl_task_get_next at /cache/build/builder-amdci5-3/julialang/julia-release-1-dot-12/src/scheduler.c:523
poptask at ./task.jl:1216
wait at ./task.jl:1228
#wait#398 at ./condition.jl:141
_trywait at ./asyncevent.jl:163
profile_printing_listener at ./Base.jl:332
#start_profile_listener##0 at ./Base.jl:352
jfptr_YY.start_profile_listenerYY.YY.0_6779.1 at /root/.julia/juliaup/julia-1.12.5+0.x64.linux.gnu/lib/julia/sys.so (unknown line)
jl_apply at /cache/build/builder-amdci5-3/julialang/julia-release-1-dot-12/src/julia.h:2391 [inlined]
start_task at /cache/build/builder-amdci5-3/julialang/julia-release-1-dot-12/src/task.c:1252
unknown function (ip: (nil)) at (unknown file)
set_page_metadata at /cache/build/builder-amdci5-3/julialang/julia-release-1-dot-12/src/gc-stock.h:350 [inlined]
gc_add_page at /cache/build/builder-amdci5-3/julialang/julia-release-1-dot-12/src/gc-stock.c:706
jl_gc_small_alloc_inner at /cache/build/builder-amdci5-3/julialang/julia-release-1-dot-12/src/gc-stock.c:764 [inlined]
jl_gc_small_alloc_noinline at /cache/build/builder-amdci5-3/julialang/julia-release-1-dot-12/src/gc-stock.c:784 [inlined]
jl_gc_alloc_ at /cache/build/builder-amdci5-3/julialang/julia-release-1-dot-12/src/gc-stock.c:798
_new_array at /cache/build/builder-amdci5-3/julialang/julia-release-1-dot-12/src/array.c:64 [inlined]
new_array at /cache/build/builder-amdci5-3/julialang/julia-release-1-dot-12/src/array.c:86 [inlined]
ijl_alloc_array_1d at /cache/build/builder-amdci5-3/julialang/julia-release-1-dot-12/src/array.c:149
jl_exprn at /cache/build/builder-amdci5-3/julialang/julia-release-1-dot-12/src/builtins.c:1660
jl_decode_value_expr at /cache/build/builder-amdci5-3/julialang/julia-release-1-dot-12/src/ircode.c:678 [inlined]
jl_decode_value at /cache/build/builder-amdci5-3/julialang/julia-release-1-dot-12/src/ircode.c:841
ijl_uncompress_ir at /cache/build/builder-amdci5-3/julialang/julia-release-1-dot-12/src/ircode.c:1160
_uncompressed_ir at ./runtime_internals.jl:1424 [inlined]
scan_new_method! at ./invalidation.jl:191 [inlined]
scan_new_methods! at ./invalidation.jl:209
insert_backedges at ./staticdata.jl:27 [inlined]
#_include_from_serialized#867 at ./loading.jl:1317
_include_from_serialized at ./loading.jl:1274 [inlined]
#_require_search_from_serialized#883 at ./loading.jl:2102
_require_search_from_serialized at ./loading.jl:2009 [inlined]
__require_prelocked at ./loading.jl:2627
_require_prelocked at ./loading.jl:2493
macro expansion at ./loading.jl:2421 [inlined]
macro expansion at ./lock.jl:376 [inlined]
__require at ./loading.jl:2386
jfptr___require_23437.1 at /root/.julia/juliaup/julia-1.12.5+0.x64.linux.gnu/lib/julia/sys.so (unknown line)
jl_apply at /cache/build/builder-amdci5-3/julialang/julia-release-1-dot-12/src/julia.h:2391 [inlined]
jl_f_invoke_in_world at /cache/build/builder-amdci5-3/julialang/julia-release-1-dot-12/src/builtins.c:900
require at ./loading.jl:2362
jfptr_require_55194.1 at /root/.julia/juliaup/julia-1.12.5+0.x64.linux.gnu/lib/julia/sys.so (unknown line)
jl_apply at /cache/build/builder-amdci5-3/julialang/julia-release-1-dot-12/src/julia.h:2391 [inlined]
call_require at /cache/build/builder-amdci5-3/julialang/julia-release-1-dot-12/src/toplevel.c:494 [inlined]
eval_import_path at /cache/build/builder-amdci5-3/julialang/julia-release-1-dot-12/src/toplevel.c:532
jl_toplevel_eval_flex at /cache/build/builder-amdci5-3/julialang/julia-release-1-dot-12/src/toplevel.c:830
jl_toplevel_eval_flex at /cache/build/builder-amdci5-3/julialang/julia-release-1-dot-12/src/toplevel.c:975
ijl_toplevel_eval at /cache/build/builder-amdci5-3/julialang/julia-release-1-dot-12/src/toplevel.c:1047
ijl_toplevel_eval_in at /cache/build/builder-amdci5-3/julialang/julia-release-1-dot-12/src/toplevel.c:1092
eval at ./boot.jl:489
include_string at ./loading.jl:2870
_include at ./loading.jl:2930
include at ./Base.jl:306
exec_options at ./client.jl:317
_start at ./client.jl:550
jfptr__start_74358.1 at /root/.julia/juliaup/julia-1.12.5+0.x64.linux.gnu/lib/julia/sys.so (unknown line)
jl_apply at /cache/build/builder-amdci5-3/julialang/julia-release-1-dot-12/src/julia.h:2391 [inlined]
true_main at /cache/build/builder-amdci5-3/julialang/julia-release-1-dot-12/src/jlapi.c:971
jl_repl_entrypoint at /cache/build/builder-amdci5-3/julialang/julia-release-1-dot-12/src/jlapi.c:1139
main at /cache/build/builder-amdci5-3/julialang/julia-release-1-dot-12/cli/loader_exe.c:58
__libc_start_main at /usr/lib/x86_64-linux-gnu/libc.so.6 (unknown line)
unknown function (ip: 0x4010b8) at /workspace/srcdir/glibc-2.17/csu/../sysdeps/x86_64/start.S
unknown function (ip: (nil)) at (unknown file)
Allocations: 1 (Pool: 1; Big: 0); GC: 0
