/usr/local/lib/python3.8/dist-packages/torch/cuda/__init__.py:546: UserWarning: Can't initialize NVML
  warnings.warn("Can't initialize NVML")
source: 0 target: 4 model_arch: cnn1 perturbation type: patch perturbation size: [1.0, 14.0, 14.0, 3.0] dataset: fmnist
Attack:   0%|          | 0/500 [00:00<?, ?it/s]Attack:   0%|          | 1/500 [00:00<00:55,  8.97it/s]Attack:   6%|▌         | 29/500 [00:00<00:02, 160.50it/s]Attack:  12%|█▏        | 58/500 [00:00<00:02, 217.94it/s]Attack:  17%|█▋        | 86/500 [00:00<00:01, 239.88it/s]Attack:  23%|██▎       | 114/500 [00:00<00:01, 252.53it/s]Attack:  28%|██▊       | 141/500 [00:00<00:01, 256.08it/s]Attack:  34%|███▍      | 170/500 [00:00<00:01, 265.68it/s]Attack:  40%|███▉      | 198/500 [00:00<00:01, 268.75it/s]Attack:  45%|████▌     | 227/500 [00:00<00:00, 273.31it/s]Attack:  51%|█████     | 255/500 [00:01<00:00, 274.66it/s]Attack:  57%|█████▋    | 283/500 [00:01<00:00, 273.04it/s]Attack:  62%|██████▏   | 311/500 [00:01<00:00, 268.22it/s]Attack:  68%|██████▊   | 338/500 [00:01<00:00, 268.11it/s]Attack:  74%|███████▍  | 370/500 [00:01<00:00, 281.24it/s]Attack:  81%|████████  | 405/500 [00:01<00:00, 299.24it/s]Attack:  88%|████████▊ | 439/500 [00:01<00:00, 311.07it/s]Attack:  95%|█████████▌| 475/500 [00:01<00:00, 323.13it/s]Attack: 100%|█████████▉| 499/500 [00:01<00:00, 274.67it/s]
best_val 1.7456386089324951
Set parameter WLSAccessID
Set parameter WLSSecret
Set parameter LicenseID to value 2478548
Academic license 2478548 - for non-commercial use only - registered to ne___@campus.technion.ac.il
WARNING: --nn1_relax_threshold ≥ 0 or --nn1_sibling_gate=true without --nn1_zono_bounds=true. Per-copy bounds will only come from the encoder's default interval arithmetic (no Source B refinement). Decision/SibGate will still run but will see looser bounds.
Standard mode: boosts enabled:
  PerturbedIntervals:                 true
  Absolute Zonotope (Source B on N1): false
  Per-Copy Triangle Drop τ:           0.5
  Sibling-Gated Refinement:           true
compute_n2_pert_relaxation_bounds: populated 3 ReLU layers
compute_n2_relax_decision!: no shape source available (relu_diff_up_bounds and n2_abs_up_bounds both empty) — skipping decision precompute
[notice | Main.MIPVerify]: Determining upper and lower bounds for the input to each non-linear unit.
Set parameter WLSAccessID
Set parameter WLSSecret
Set parameter LicenseID to value 2478548
Academic license 2478548 - for non-commercial use only - registered to ne___@campus.technion.ac.il
Set parameter TimeLimit to value 5
Set parameter TimeLimit to value 5
Set parameter WLSAccessID
Set parameter WLSSecret
Set parameter LicenseID to value 2478548
Academic license 2478548 - for non-commercial use only - registered to ne___@campus.technion.ac.il
Set parameter MIPFocus to value 3
Set parameter Cutoff to value 1.7456386089324951e+00
Set parameter Threads to value 32
Set parameter TimeLimit to value 10800
Set parameter MIPGap to value 0.01
Set parameter Seed to value 4
Set parameter Seed to value 4
Set parameter MIPGap to value 0.01
Set parameter MIPFocus to value 3
Set parameter Cutoff to value 1.7456386089324951e+00
Set parameter Threads to value 32
Set parameter TimeLimit to value 10800
Gurobi Optimizer version 13.0.0 build v13.0.0rc1 (linux64 - "Ubuntu 20.04.2 LTS")

CPU model: AMD EPYC 7713 64-Core Processor, instruction set [SSE2|AVX|AVX2]
Thread count: 127 physical cores, 255 logical processors, using up to 32 threads

Non-default parameters:
Cutoff  1.7456386089324951e+00
TimeLimit  10800
MIPGap  0.01
MIPFocus  3
Seed  4
Threads  32

Academic license 2478548 - for non-commercial use only - registered to ne___@campus.technion.ac.il
Optimize a model with 6420 rows, 3498 columns and 70579 nonzeros (Max)
Model fingerprint: 0xf3aee523
Model has 1 linear objective coefficients
Variable types: 2560 continuous, 938 integer (938 binary)
Coefficient statistics:
  Matrix range     [6e-05, 1e+02]
  Objective range  [1e+00, 1e+00]
  Bounds range     [1e+00, 1e+02]
  RHS range        [1e-02, 9e+01]

User MIP start produced solution with objective 2.15386 (0.57s)
User MIP start produced solution with objective 2.15386 (0.58s)
Loaded user MIP start with objective 2.15386

Presolve removed 4817 rows and 1694 columns
Presolve time: 0.19s
Presolved: 1603 rows, 1804 columns, 36329 nonzeros
Variable types: 1299 continuous, 505 integer (505 binary)
Root relaxation presolve removed 204 rows and 204 columns
Root relaxation presolved: 1399 rows, 1600 columns, 35717 nonzeros


Root relaxation: objective 1.449435e+01, 1836 iterations, 0.30 seconds (0.20 work units)

    Nodes    |    Current Node    |     Objective Bounds      |     Work
 Expl Unexpl |  Obj  Depth IntInf | Incumbent    BestBd   Gap | It/Node Time

     0     0   14.49435    0  232    2.15386   14.49435   573%     -    1s
     0     0   14.32340    0  183    2.15386   14.32340   565%     -    1s
     0     0   14.32340    0  183    2.15386   14.32340   565%     -    2s
     0     0   13.18159    0  173    2.15386   13.18159   512%     -    2s
     0     0   10.79872    0  157    2.15386   10.79872   401%     -    2s
     0     0   10.79872    0  157    2.15386   10.79872   401%     -    2s
     0     0    9.12825    0  164    2.15386    9.12825   324%     -    3s
     0     0    9.12825    0  159    2.15386    9.12825   324%     -    3s
H    0     0                       2.1538607    9.12825   324%     -    3s
     0     0    8.90963    0  160    2.15386    8.90963   314%     -    3s
     0     0    8.26106    0  161    2.15386    8.26106   284%     -    4s
     0     0    8.26106    0  161    2.15386    8.26106   284%     -    4s
     0     0    7.97071    0  161    2.15386    7.97071   270%     -    4s
     0     0    7.97071    0  161    2.15386    7.97071   270%     -    5s
     0     2    7.97071    0  161    2.15386    7.97071   270%     -    5s
    61    84    5.59514    6   60    2.15386    7.05886   228%  2362   12s
H  109   110                       2.1538607    5.65126   162%  2695   13s
   127   147    5.36452    8   50    2.15386    5.59213   160%  2671   15s
H  135   147                       2.1538607    5.38797   150%  2586   15s
H  139   147                       2.1538610    5.37714   150%  2564   15s
H  223   209                       2.1538610    4.68082   117%  2454   19s
H  233   209                       2.1538611    4.66134   116%  2425   19s
   268   245    3.67158   13   50    2.15386    4.50182   109%  2427   21s
   422   388    3.43107   11   71    2.15386    4.10238  90.5%  2281   25s
   591   552     cutoff    8         2.15386    3.73016  73.2%  2155   30s
   837   762    3.31869   12   33    2.15386    3.35455  55.7%  2051   36s
  1027   912    2.57890   12   53    2.15386    3.14965  46.2%  2011   40s
H 1030   912                       2.1538612    3.14507  46.0%  2011   40s
  1269  1106    2.97685   15   20    2.15386    2.98686  38.7%  1931   45s
H 1331  1073                       2.5152158    2.90774  15.6%  1913   45s
H 1342  1062                       2.5388295    2.90748  14.5%  1905   45s
H 1675   705                       2.7447484    2.75322  0.31%  1704   48s

Cutting planes:
  Gomory: 94
  Cover: 11
  Implied bound: 729
  Projected implied bound: 460
  Clique: 1
  MIR: 1888
  Mixing: 84
  Flow cover: 2168
  RLT: 237
  Relax-and-lift: 1077

Explored 1927 nodes (2931814 simplex iterations) in 48.84 seconds (67.89 work units)
Thread count was 32 (of 255 available processors)

Solution count 8: 2.74475 2.53883 2.51522 ... 2.15386

Optimal solution found (tolerance 1.00e-02)
Best objective 2.744748407825e+00, best bound 2.744775291174e+00, gap 0.0010%

User-callback calls 10690, time in user-callback 0.03 sec
Encoding the two copies...
Encoding dependencies (activation_start=1, layers_offset=3)...
Adding perturbed interval constraints...
2.744748407824769  2.74477529117378  48.8705050945282
paper_experiments/fashion-mnist/cnn1_exp/patch/eps_1,14,14,3/N2stdBoost_cnn1_model_seed42_itr19_sgd_itr1/
Clean sample classification: 1
Perturbed sample classification: 5
