source: 0 target: 3 model_arch: cnn1 perturbation type: translation perturbation size: [0, 1.0, 3.0] dataset: mnist
Attack:   0%|          | 0/500 [00:00<?, ?it/s]Attack:   1%|          | 3/500 [00:00<00:16, 29.88it/s]Attack:   7%|▋         | 35/500 [00:00<00:02, 196.56it/s]Attack:  13%|█▎        | 67/500 [00:00<00:01, 251.41it/s]Attack:  20%|█▉        | 99/500 [00:00<00:01, 278.09it/s]Attack:  26%|██▌       | 131/500 [00:00<00:01, 291.10it/s]Attack:  33%|███▎      | 164/500 [00:00<00:01, 301.31it/s]Attack:  39%|███▉      | 196/500 [00:00<00:00, 306.16it/s]Attack:  46%|████▌     | 228/500 [00:00<00:00, 310.34it/s]Attack:  52%|█████▏    | 260/500 [00:00<00:00, 312.33it/s]Attack:  58%|█████▊    | 292/500 [00:01<00:00, 311.84it/s]Attack:  65%|██████▍   | 324/500 [00:01<00:00, 309.43it/s]Attack:  71%|███████   | 355/500 [00:01<00:00, 309.03it/s]Attack:  77%|███████▋  | 387/500 [00:01<00:00, 309.35it/s]Attack:  84%|████████▎ | 418/500 [00:01<00:00, 308.12it/s]Attack:  90%|████████▉ | 449/500 [00:01<00:00, 307.36it/s]Attack:  96%|█████████▌| 480/500 [00:01<00:00, 306.36it/s]Attack: 100%|█████████▉| 499/500 [00:01<00:00, 294.66it/s]
best_val 47.40019226074219
Set parameter WLSAccessID
Set parameter WLSSecret
Set parameter LicenseID to value 2478548
Academic license 2478548 - for non-commercial use only - registered to ne___@campus.technion.ac.il
Standard mode: boosts enabled:
  PerturbedIntervals:                 true
  Absolute Zonotope (Source B on N1): true
  Per-Copy Triangle Drop τ:           0.5
  Sibling-Gated Refinement:           true
Model accuracy: 0.9583
Standard-mode boost: computing absolute zonotope bounds (Source B) on N1...
compute_n2_bounds_zonotope_with_n1_tighten: Source A absent — propagating absolute zonotope only (standard-mode nn1 boost path)
compute_n2_bounds_zonotope_with_n1_tighten: populated 3 ReLU layers
  Source B bounds computed: 3 ReLU layers
compute_n2_pert_relaxation_bounds: populated 3 ReLU layers
compute_n2_relax_decision!: τ=0.5, both=81 org-only=0 pert-only=0 none=307 (plus 162 stable neurons)
[notice | Main.MIPVerify]: Determining upper and lower bounds for the input to each non-linear unit.
Set parameter WLSAccessID
Set parameter WLSSecret
Set parameter LicenseID to value 2478548
Academic license 2478548 - for non-commercial use only - registered to ne___@campus.technion.ac.il
Set parameter TimeLimit to value 5
Set parameter TimeLimit to value 5
Set parameter WLSAccessID
Set parameter WLSSecret
Set parameter LicenseID to value 2478548
Academic license 2478548 - for non-commercial use only - registered to ne___@campus.technion.ac.il
Set parameter MIPFocus to value 3
Set parameter Cutoff to value 4.7400192260742188e+01
Set parameter Threads to value 32
Set parameter TimeLimit to value 10800
Set parameter MIPGap to value 0.01
Set parameter Seed to value 4
Set parameter Seed to value 4
Set parameter MIPGap to value 0.01
Set parameter MIPFocus to value 3
Set parameter Cutoff to value 4.7400192260742188e+01
Set parameter Threads to value 32
Set parameter TimeLimit to value 10800
Warning for adding constraints: zero or small (< 1e-13) coefficients, ignored
Gurobi Optimizer version 13.0.0 build v13.0.0rc1 (linux64 - "Ubuntu 20.04.2 LTS")

CPU model: AMD EPYC 7713 64-Core Processor, instruction set [SSE2|AVX|AVX2]
Thread count: 127 physical cores, 255 logical processors, using up to 32 threads

Non-default parameters:
Cutoff  4.7400192260742188e+01
TimeLimit  10800
MIPGap  0.01
MIPFocus  3
Seed  4
Threads  32

Academic license 2478548 - for non-commercial use only - registered to ne___@campus.technion.ac.il
Optimize a model with 4931 rows, 3443 columns and 64990 nonzeros (Max)
Model fingerprint: 0xda27f375
Model has 1 linear objective coefficients
Variable types: 2847 continuous, 596 integer (596 binary)
Coefficient statistics:
  Matrix range     [3e-10, 2e+02]
  Objective range  [1e+00, 1e+00]
  Bounds range     [2e-02, 2e+02]
  RHS range        [2e-06, 1e+03]

User MIP start produced solution with objective 50.19 (0.75s)
User MIP start produced solution with objective 50.777 (1.23s)
User MIP start produced solution with objective 51.7366 (4.15s)
Processing user MIP start: 14 nodes explored in subMIP, total elapsed time 5s
User MIP start produced solution with objective 51.7382 (6.13s)
User MIP start produced solution with objective 51.7382 (6.95s)
Loaded user MIP start with objective 51.7382
Processed MIP start in 6.95 seconds (13.67 work units)

Presolve removed 2717 rows and 1219 columns
Presolve time: 0.05s
Presolved: 2214 rows, 2224 columns, 47247 nonzeros
Variable types: 1628 continuous, 596 integer (596 binary)
Root relaxation presolve removed 596 rows and 596 columns
Root relaxation presolved: 1618 rows, 1628 columns, 45502 nonzeros


Root simplex log...

Iteration    Objective       Primal Inf.    Dual Inf.      Time
       0    3.2419029e+02   2.464801e+02   0.000000e+00      7s
    1477    1.0153992e+02   0.000000e+00   0.000000e+00      7s
    1477    1.0153992e+02   0.000000e+00   0.000000e+00      7s

Root relaxation: objective 1.015399e+02, 1477 iterations, 0.12 seconds (0.15 work units)

    Nodes    |    Current Node    |     Objective Bounds      |     Work
 Expl Unexpl |  Obj  Depth IntInf | Incumbent    BestBd   Gap | It/Node Time

     0     0  101.53992    0  155   51.73817  101.53992  96.3%     -    7s
     0     0   90.00817    0  175   51.73817   90.00817  74.0%     -    7s
     0     0   90.00817    0  157   51.73817   90.00817  74.0%     -    7s
     0     0   86.20904    0  182   51.73817   86.20904  66.6%     -    8s
     0     0   86.20904    0  180   51.73817   86.20904  66.6%     -    8s
     0     0   86.20904    0  181   51.73817   86.20904  66.6%     -    8s
     0     0   86.20904    0  181   51.73817   86.20904  66.6%     -    8s
     0     0   74.15752    0  178   51.73817   74.15752  43.3%     -    9s
     0     0   74.15752    0  156   51.73817   74.15752  43.3%     -    9s
     0     0   71.45092    0  173   51.73817   71.45092  38.1%     -   10s
     0     0   71.17463    0  178   51.73817   71.17463  37.6%     -   10s
     0     0   70.83113    0  178   51.73817   70.83113  36.9%     -   10s
     0     0   70.80907    0  181   51.73817   70.80907  36.9%     -   10s
     0     0   68.12251    0  191   51.73817   68.12251  31.7%     -   11s
     0     0   68.12251    0  191   51.73817   68.12251  31.7%     -   11s
     0     0   68.12251    0  157   51.73817   68.12251  31.7%     -   11s
     0     0   68.12251    0  157   51.73817   68.12251  31.7%     -   11s
     0     0   68.12251    0  157   51.73817   68.12251  31.7%     -   12s
H    0     0                      51.7818210   68.12251  31.6%     -   13s
     0     2   68.12251    0  157   51.78182   68.12251  31.6%     -   14s
     1     2     cutoff    1        51.78182   68.12251  31.6%  7711   15s
    61    66   61.33317    8  166   51.78182   61.68817  19.1%  2193   20s
   157   162   60.45699   11  161   51.78182   60.78253  17.4%  2877   27s
   221   252   60.40919   13  163   51.78182   60.42058  16.7%  2809   31s
H  261   252                      51.9476699   60.22327  15.9%  2646   31s
   311   328   59.61736   15  149   51.94767   59.94765  15.4%  2721   35s
H  319   328                      51.9994212   59.72539  14.9%  2703   35s
   391   421   56.40557   17  165   51.99942   59.14482  13.7%  2747   40s
   536   543   55.67071   15  168   51.99942   58.60034  12.7%  2726   46s
H  572   585                      52.0128591   58.55788  12.6%  2728   49s
H  608   585                      52.0198700   58.34190  12.2%  2731   49s
   614   621   57.96649   14  179   52.01987   58.33939  12.1%  2739   50s
   683   690   57.60937   13  147   52.01987   58.08980  11.7%  2801   55s
H  688   690                      52.0299880   58.05157  11.6%  2812   55s
H  701   690                      52.0736816   58.03906  11.5%  2801   55s
   814   841   57.16426   17  146   52.07368   57.72058  10.8%  2828   60s
   944   953   54.56854   20  121   52.07368   57.36587  10.2%  2842   66s
  1045  1057   54.34017   13  164   52.07368   57.16269  9.77%  2844   71s
  1177  1182   55.06121   18  150   52.07368   56.91572  9.30%  2792   75s
  1278  1322   56.07904   15  158   52.07368   56.70728  8.90%  2771   82s
H 1292  1322                      52.2516558   56.70338  8.52%  2762   82s
  1361  1366   56.28702   21  136   52.25166   56.63637  8.39%  2727   85s
  1527  1591   53.03563   23  123   52.25166   56.45158  8.04%  2685   90s
  1816  1858   53.52395   16  177   52.25166   56.21733  7.59%  2563   97s
  2038  2057   52.65484   20  152   52.25166   56.04109  7.25%  2506  103s
  2192  2180   54.04983   18  163   52.25166   55.92259  7.03%  2465  106s
  2351  2350   55.59853   24  126   52.25166   55.80653  6.80%  2430  110s
  2828  2718   54.89707   23  130   52.25166   55.63815  6.48%  2243  117s
H 2891  2200                      53.1116812   55.58101  4.65%  2215  117s
  3004  2263   53.90816   26   88   53.11168   55.56276  4.61%  2168  120s
H 3335  2016                      53.9115178   55.46551  2.88%  2078  124s
  3443  2143   54.08327   25  119   53.91152   55.42445  2.81%  2050  128s
  3744  2286     cutoff   26        53.91152   55.35754  2.68%  1983  131s
  4032  2504   54.73809   10  170   53.91152   55.24486  2.47%  1933  135s
  4858  2903   54.78090   17  161   53.91152   55.09682  2.20%  1762  143s
H 4859  2891                      53.9257663   55.09682  2.17%  1762  143s
H 4878  2860                      53.9517213   55.07555  2.08%  1758  143s
H 4879  2830                      53.9789976   55.07521  2.03%  1758  143s
  4962  3402     cutoff   18        53.97900   55.06282  2.01%  1742  147s
  5677  3863     cutoff   18        53.97900   55.01365  1.92%  1596  151s
  6286  4372   54.62185   22  146   53.97900   54.97192  1.84%  1508  155s
H 6950  4372                      53.9789976   54.94366  1.79%  1424  183s
H 6950  4372                      53.9789976   54.94366  1.79%  1424  185s
H 6950  4281                      54.0192031   54.94366  1.71%  1424  212s
H 6950  3737                      54.2408456   54.94366  1.30%  1424  215s
H 6950  3711                      54.2581464   54.94366  1.26%  1424  251s
  6951  3712   54.84673   30  157   54.25815   54.94366  1.26%  1423  282s
  6956  3715   54.35705   34  176   54.25815   54.94366  1.26%  1422  285s
  6960  3718   54.64718   38  184   54.25815   54.94366  1.26%  1422  290s
  6963  3720   54.81391   31  168   54.25815   54.94366  1.26%  1421  296s
  6968  3722   54.94366   14  194   54.25815   54.94366  1.26%  1427  301s
  6974  3724   54.94366   16  180   54.25815   54.94366  1.26%  1427  305s
  7016  3723   54.94366   20  179   54.25815   54.94366  1.26%  1430  310s
H 7020  3535                      54.2581465   54.94366  1.26%  1431  310s
H 7107  3341                      54.2581465   54.94366  1.26%  1434  313s
  7158  3346   54.94366   25  167   54.25815   54.94366  1.26%  1434  315s
  7298  3308   54.94366   29  165   54.25815   54.94366  1.26%  1441  320s
H 7303  3139                      54.2581466   54.94366  1.26%  1442  320s
H 7314  2976                      54.2633135   54.94366  1.25%  1442  320s
H 7414  2812                      54.2687630   54.94366  1.24%  1439  323s
  7476  2798   54.94366   34  113   54.26876   54.94366  1.24%  1438  325s
  7796  2842   54.79861   45   66   54.26876   54.89868  1.16%  1408  330s

Cutting planes:
  Gomory: 46
  Projected implied bound: 493
  MIR: 1265
  Mixing: 1
  Flow cover: 329
  RLT: 49
  Relax-and-lift: 1195

Explored 7849 nodes (11028195 simplex iterations) in 330.45 seconds (632.23 work units)
Thread count was 32 (of 255 available processors)

Solution count 10: 54.2688 54.2633 54.2581 ... 53.9115

Optimal solution found (tolerance 1.00e-02)
Best objective 5.426876298234e+01, best bound 5.480019975945e+01, gap 0.9793%

User-callback calls 58173, time in user-callback 0.05 sec
Encoding the two copies...
apply_sibgate_constraints!: emitted 80 coupling lines (both-thin), 0 conditional triangles on org (org-dropped), 0 conditional triangles on pert (pert-dropped).
Encoding dependencies (activation_start=1, layers_offset=3)...
Adding perturbed interval constraints...
  geometric-interval coupling: 578 constraints (org/perturbation)
54.268762982342544  54.800199759445235  330.4536328315735
paper_experiments_rerun/mnist/cnn1_exp/translation/eps_1,3/N2stdBoost_cnn1_model_seed42_itr20_sgd_itr1/
Clean sample classification: 1
Perturbed sample classification: 6
