
[52517] signal 15: Terminated
in expression starting at /root/Downloads/for_dana/vaghar_org/run.jl:5
pthread_cond_wait at /usr/lib/x86_64-linux-gnu/libpthread.so.0 (unknown line)
uv_cond_wait at /workspace/srcdir/libuv/src/unix/thread.c:822
ijl_task_get_next at /cache/build/builder-amdci5-3/julialang/julia-release-1-dot-12/src/scheduler.c:523
poptask at ./task.jl:1216
wait at ./task.jl:1228
#wait#398 at ./condition.jl:141
_trywait at ./asyncevent.jl:163
profile_printing_listener at ./Base.jl:332
#start_profile_listener##0 at ./Base.jl:352
jfptr_YY.start_profile_listenerYY.YY.0_6779.1 at /root/.julia/juliaup/julia-1.12.5+0.x64.linux.gnu/lib/julia/sys.so (unknown line)
jl_apply at /cache/build/builder-amdci5-3/julialang/julia-release-1-dot-12/src/julia.h:2391 [inlined]
start_task at /cache/build/builder-amdci5-3/julialang/julia-release-1-dot-12/src/task.c:1252
unknown function (ip: (nil)) at (unknown file)
_PyDict_GetItem_KnownHash at /usr/lib/x86_64-linux-gnu/libpython3.8.so.1.0 (unknown line)
unknown function (ip: 0x7fe0f0398eed) at /usr/lib/x86_64-linux-gnu/libpython3.8.so.1.0
unknown function (ip: 0x7fe0f0399094) at /usr/lib/x86_64-linux-gnu/libpython3.8.so.1.0
unknown function (ip: 0x7fe0f03a3c9b) at /usr/lib/x86_64-linux-gnu/libpython3.8.so.1.0
unknown function (ip: 0x7fe0f039f159) at /usr/lib/x86_64-linux-gnu/libpython3.8.so.1.0
_PyObject_MakeTpCall at /usr/lib/x86_64-linux-gnu/libpython3.8.so.1.0 (unknown line)
_PyObject_FastCallDict at /usr/lib/x86_64-linux-gnu/libpython3.8.so.1.0 (unknown line)
unknown function (ip: 0x7fe0f0324527) at /usr/lib/x86_64-linux-gnu/libpython3.8.so.1.0
unknown function (ip: 0x7fe0f03b544e) at /usr/lib/x86_64-linux-gnu/libpython3.8.so.1.0
unknown function (ip: 0x7fe0f01cad6c) at /usr/lib/x86_64-linux-gnu/libpython3.8.so.1.0
_PyEval_EvalFrameDefault at /usr/lib/x86_64-linux-gnu/libpython3.8.so.1.0 (unknown line)
_PyEval_EvalCodeWithName at /usr/lib/x86_64-linux-gnu/libpython3.8.so.1.0 (unknown line)
PyEval_EvalCodeEx at /usr/lib/x86_64-linux-gnu/libpython3.8.so.1.0 (unknown line)
PyEval_EvalCode at /usr/lib/x86_64-linux-gnu/libpython3.8.so.1.0 (unknown line)
unknown function (ip: 0x7fe0f0325bf0) at /usr/lib/x86_64-linux-gnu/libpython3.8.so.1.0
unknown function (ip: 0x7fe0f03b5536) at /usr/lib/x86_64-linux-gnu/libpython3.8.so.1.0
PyVectorcall_Call at /usr/lib/x86_64-linux-gnu/libpython3.8.so.1.0 (unknown line)
_PyEval_EvalFrameDefault at /usr/lib/x86_64-linux-gnu/libpython3.8.so.1.0 (unknown line)
_PyEval_EvalCodeWithName at /usr/lib/x86_64-linux-gnu/libpython3.8.so.1.0 (unknown line)
_PyFunction_Vectorcall at /usr/lib/x86_64-linux-gnu/libpython3.8.so.1.0 (unknown line)
unknown function (ip: 0x7fe0f01cad6c) at /usr/lib/x86_64-linux-gnu/libpython3.8.so.1.0
_PyEval_EvalFrameDefault at /usr/lib/x86_64-linux-gnu/libpython3.8.so.1.0 (unknown line)
unknown function (ip: 0x7fe0f01d606a) at /usr/lib/x86_64-linux-gnu/libpython3.8.so.1.0
unknown function (ip: 0x7fe0f01cad6c) at /usr/lib/x86_64-linux-gnu/libpython3.8.so.1.0
_PyEval_EvalFrameDefault at /usr/lib/x86_64-linux-gnu/libpython3.8.so.1.0 (unknown line)
unknown function (ip: 0x7fe0f01d606a) at /usr/lib/x86_64-linux-gnu/libpython3.8.so.1.0
unknown function (ip: 0x7fe0f01cad6c) at /usr/lib/x86_64-linux-gnu/libpython3.8.so.1.0
_PyEval_EvalFrameDefault at /usr/lib/x86_64-linux-gnu/libpython3.8.so.1.0 (unknown line)
unknown function (ip: 0x7fe0f01d606a) at /usr/lib/x86_64-linux-gnu/libpython3.8.so.1.0
unknown function (ip: 0x7fe0f01cad6c) at /usr/lib/x86_64-linux-gnu/libpython3.8.so.1.0
_PyEval_EvalFrameDefault at /usr/lib/x86_64-linux-gnu/libpython3.8.so.1.0 (unknown line)
unknown function (ip: 0x7fe0f01d606a) at /usr/lib/x86_64-linux-gnu/libpython3.8.so.1.0
unknown function (ip: 0x7fe0f03ff0e7) at /usr/lib/x86_64-linux-gnu/libpython3.8.so.1.0
_PyObject_CallMethodIdObjArgs at /usr/lib/x86_64-linux-gnu/libpython3.8.so.1.0 (unknown line)
PyImport_ImportModuleLevelObject at /usr/lib/x86_64-linux-gnu/libpython3.8.so.1.0 (unknown line)
unknown function (ip: 0x7fe0f0323fbd) at /usr/lib/x86_64-linux-gnu/libpython3.8.so.1.0
unknown function (ip: 0x7fe0f03fe737) at /usr/lib/x86_64-linux-gnu/libpython3.8.so.1.0
_PyEval_EvalFrameDefault at /usr/lib/x86_64-linux-gnu/libpython3.8.so.1.0 (unknown line)
_PyEval_EvalCodeWithName at /usr/lib/x86_64-linux-gnu/libpython3.8.so.1.0 (unknown line)
_PyFunction_Vectorcall at /usr/lib/x86_64-linux-gnu/libpython3.8.so.1.0 (unknown line)
unknown function (ip: 0x7fe0f01cad6c) at /usr/lib/x86_64-linux-gnu/libpython3.8.so.1.0
_PyEval_EvalFrameDefault at /usr/lib/x86_64-linux-gnu/libpython3.8.so.1.0 (unknown line)
_PyEval_EvalCodeWithName at /usr/lib/x86_64-linux-gnu/libpython3.8.so.1.0 (unknown line)
_PyFunction_Vectorcall at /usr/lib/x86_64-linux-gnu/libpython3.8.so.1.0 (unknown line)
unknown function (ip: 0x7fe0f03ff0e7) at /usr/lib/x86_64-linux-gnu/libpython3.8.so.1.0
_PyObject_CallMethodIdObjArgs at /usr/lib/x86_64-linux-gnu/libpython3.8.so.1.0 (unknown line)
PyImport_ImportModuleLevelObject at /usr/lib/x86_64-linux-gnu/libpython3.8.so.1.0 (unknown line)
_PyEval_EvalFrameDefault at /usr/lib/x86_64-linux-gnu/libpython3.8.so.1.0 (unknown line)
_PyEval_EvalCodeWithName at /usr/lib/x86_64-linux-gnu/libpython3.8.so.1.0 (unknown line)
PyEval_EvalCodeEx at /usr/lib/x86_64-linux-gnu/libpython3.8.so.1.0 (unknown line)
PyEval_EvalCode at /usr/lib/x86_64-linux-gnu/libpython3.8.so.1.0 (unknown line)
unknown function (ip: 0x7fe0f0325bf0) at /usr/lib/x86_64-linux-gnu/libpython3.8.so.1.0
unknown function (ip: 0x7fe0f03b5536) at /usr/lib/x86_64-linux-gnu/libpython3.8.so.1.0
PyVectorcall_Call at /usr/lib/x86_64-linux-gnu/libpython3.8.so.1.0 (unknown line)
_PyEval_EvalFrameDefault at /usr/lib/x86_64-linux-gnu/libpython3.8.so.1.0 (unknown line)
_PyEval_EvalCodeWithName at /usr/lib/x86_64-linux-gnu/libpython3.8.so.1.0 (unknown line)
_PyFunction_Vectorcall at /usr/lib/x86_64-linux-gnu/libpython3.8.so.1.0 (unknown line)
unknown function (ip: 0x7fe0f01cad6c) at /usr/lib/x86_64-linux-gnu/libpython3.8.so.1.0
_PyEval_EvalFrameDefault at /usr/lib/x86_64-linux-gnu/libpython3.8.so.1.0 (unknown line)
unknown function (ip: 0x7fe0f01d606a) at /usr/lib/x86_64-linux-gnu/libpython3.8.so.1.0
unknown function (ip: 0x7fe0f01cad6c) at /usr/lib/x86_64-linux-gnu/libpython3.8.so.1.0
_PyEval_EvalFrameDefault at /usr/lib/x86_64-linux-gnu/libpython3.8.so.1.0 (unknown line)
unknown function (ip: 0x7fe0f01d606a) at /usr/lib/x86_64-linux-gnu/libpython3.8.so.1.0
unknown function (ip: 0x7fe0f01cad6c) at /usr/lib/x86_64-linux-gnu/libpython3.8.so.1.0
_PyEval_EvalFrameDefault at /usr/lib/x86_64-linux-gnu/libpython3.8.so.1.0 (unknown line)
unknown function (ip: 0x7fe0f01d606a) at /usr/lib/x86_64-linux-gnu/libpython3.8.so.1.0
unknown function (ip: 0x7fe0f01cad6c) at /usr/lib/x86_64-linux-gnu/libpython3.8.so.1.0
_PyEval_EvalFrameDefault at /usr/lib/x86_64-linux-gnu/libpython3.8.so.1.0 (unknown line)
unknown function (ip: 0x7fe0f01d606a) at /usr/lib/x86_64-linux-gnu/libpython3.8.so.1.0
unknown function (ip: 0x7fe0f03ff0e7) at /usr/lib/x86_64-linux-gnu/libpython3.8.so.1.0
_PyObject_CallMethodIdObjArgs at /usr/lib/x86_64-linux-gnu/libpython3.8.so.1.0 (unknown line)
PyImport_ImportModuleLevelObject at /usr/lib/x86_64-linux-gnu/libpython3.8.so.1.0 (unknown line)
_PyEval_EvalFrameDefault at /usr/lib/x86_64-linux-gnu/libpython3.8.so.1.0 (unknown line)
_PyEval_EvalCodeWithName at /usr/lib/x86_64-linux-gnu/libpython3.8.so.1.0 (unknown line)
PyEval_EvalCodeEx at /usr/lib/x86_64-linux-gnu/libpython3.8.so.1.0 (unknown line)
PyEval_EvalCode at /usr/lib/x86_64-linux-gnu/libpython3.8.so.1.0 (unknown line)
unknown function (ip: 0x7fe0f0325bf0) at /usr/lib/x86_64-linux-gnu/libpython3.8.so.1.0
unknown function (ip: 0x7fe0f03b5536) at /usr/lib/x86_64-linux-gnu/libpython3.8.so.1.0
PyVectorcall_Call at /usr/lib/x86_64-linux-gnu/libpython3.8.so.1.0 (unknown line)
_PyEval_EvalFrameDefault at /usr/lib/x86_64-linux-gnu/libpython3.8.so.1.0 (unknown line)
_PyEval_EvalCodeWithName at /usr/lib/x86_64-linux-gnu/libpython3.8.so.1.0 (unknown line)
_PyFunction_Vectorcall at /usr/lib/x86_64-linux-gnu/libpython3.8.so.1.0 (unknown line)
unknown function (ip: 0x7fe0f01cad6c) at /usr/lib/x86_64-linux-gnu/libpython3.8.so.1.0
_PyEval_EvalFrameDefault at /usr/lib/x86_64-linux-gnu/libpython3.8.so.1.0 (unknown line)
unknown function (ip: 0x7fe0f01d606a) at /usr/lib/x86_64-linux-gnu/libpython3.8.so.1.0
unknown function (ip: 0x7fe0f01cad6c) at /usr/lib/x86_64-linux-gnu/libpython3.8.so.1.0
_PyEval_EvalFrameDefault at /usr/lib/x86_64-linux-gnu/libpython3.8.so.1.0 (unknown line)
unknown function (ip: 0x7fe0f01d606a) at /usr/lib/x86_64-linux-gnu/libpython3.8.so.1.0
unknown function (ip: 0x7fe0f01cad6c) at /usr/lib/x86_64-linux-gnu/libpython3.8.so.1.0
_PyEval_EvalFrameDefault at /usr/lib/x86_64-linux-gnu/libpython3.8.so.1.0 (unknown line)
unknown function (ip: 0x7fe0f01d606a) at /usr/lib/x86_64-linux-gnu/libpython3.8.so.1.0
unknown function (ip: 0x7fe0f01cad6c) at /usr/lib/x86_64-linux-gnu/libpython3.8.so.1.0
_PyEval_EvalFrameDefault at /usr/lib/x86_64-linux-gnu/libpython3.8.so.1.0 (unknown line)
unknown function (ip: 0x7fe0f01d606a) at /usr/lib/x86_64-linux-gnu/libpython3.8.so.1.0
unknown function (ip: 0x7fe0f03ff0e7) at /usr/lib/x86_64-linux-gnu/libpython3.8.so.1.0
_PyObject_CallMethodIdObjArgs at /usr/lib/x86_64-linux-gnu/libpython3.8.so.1.0 (unknown line)
PyImport_ImportModuleLevelObject at /usr/lib/x86_64-linux-gnu/libpython3.8.so.1.0 (unknown line)
unknown function (ip: 0x7fe0f0323fbd) at /usr/lib/x86_64-linux-gnu/libpython3.8.so.1.0
unknown function (ip: 0x7fe0f03fe737) at /usr/lib/x86_64-linux-gnu/libpython3.8.so.1.0
_PyEval_EvalFrameDefault at /usr/lib/x86_64-linux-gnu/libpython3.8.so.1.0 (unknown line)
_PyEval_EvalCodeWithName at /usr/lib/x86_64-linux-gnu/libpython3.8.so.1.0 (unknown line)
_PyFunction_Vectorcall at /usr/lib/x86_64-linux-gnu/libpython3.8.so.1.0 (unknown line)
unknown function (ip: 0x7fe0f01cad6c) at /usr/lib/x86_64-linux-gnu/libpython3.8.so.1.0
_PyEval_EvalFrameDefault at /usr/lib/x86_64-linux-gnu/libpython3.8.so.1.0 (unknown line)
_PyEval_EvalCodeWithName at /usr/lib/x86_64-linux-gnu/libpython3.8.so.1.0 (unknown line)
_PyFunction_Vectorcall at /usr/lib/x86_64-linux-gnu/libpython3.8.so.1.0 (unknown line)
unknown function (ip: 0x7fe0f03ff0e7) at /usr/lib/x86_64-linux-gnu/libpython3.8.so.1.0
_PyObject_CallMethodIdObjArgs at /usr/lib/x86_64-linux-gnu/libpython3.8.so.1.0 (unknown line)
PyImport_ImportModuleLevelObject at /usr/lib/x86_64-linux-gnu/libpython3.8.so.1.0 (unknown line)
_PyEval_EvalFrameDefault at /usr/lib/x86_64-linux-gnu/libpython3.8.so.1.0 (unknown line)
unknown function (ip: 0x7fe0f01d606a) at /usr/lib/x86_64-linux-gnu/libpython3.8.so.1.0
_PyObject_FastCall_Prepend at /usr/lib/x86_64-linux-gnu/libpython3.8.so.1.0 (unknown line)
unknown function (ip: 0x7fe0f039d269) at /usr/lib/x86_64-linux-gnu/libpython3.8.so.1.0
PyObject_GetItem at /usr/lib/x86_64-linux-gnu/libpython3.8.so.1.0 (unknown line)
get at /root/.julia/packages/PyCall/1gn3u/src/PyCall.jl:773 [inlined]
get at /root/.julia/packages/PyCall/1gn3u/src/conversions.jl:496 [inlined]
getnone at /root/.julia/packages/PyPlot/G422O/src/init.jl:38 [inlined]
find_backend at /root/.julia/packages/PyPlot/G422O/src/init.jl:67
__init__ at /root/.julia/packages/PyPlot/G422O/src/init.jl:181
unknown function (ip: 0x7fe0fddb484f) at (unknown file)
jl_apply at /cache/build/builder-amdci5-3/julialang/julia-release-1-dot-12/src/julia.h:2391 [inlined]
jl_module_run_initializer at /cache/build/builder-amdci5-3/julialang/julia-release-1-dot-12/src/toplevel.c:68
run_module_init at ./loading.jl:1443
register_restored_modules at ./loading.jl:1431
#_include_from_serialized#867 at ./loading.jl:1319
_include_from_serialized at ./loading.jl:1274 [inlined]
#_require_search_from_serialized#883 at ./loading.jl:2115
_require_search_from_serialized at ./loading.jl:2009 [inlined]
__require_prelocked at ./loading.jl:2627
_require_prelocked at ./loading.jl:2493
macro expansion at ./loading.jl:2421 [inlined]
macro expansion at ./lock.jl:376 [inlined]
__require at ./loading.jl:2386
jfptr___require_23437.1 at /root/.julia/juliaup/julia-1.12.5+0.x64.linux.gnu/lib/julia/sys.so (unknown line)
jl_apply at /cache/build/builder-amdci5-3/julialang/julia-release-1-dot-12/src/julia.h:2391 [inlined]
jl_f_invoke_in_world at /cache/build/builder-amdci5-3/julialang/julia-release-1-dot-12/src/builtins.c:900
require at ./loading.jl:2362
jfptr_require_55194.1 at /root/.julia/juliaup/julia-1.12.5+0.x64.linux.gnu/lib/julia/sys.so (unknown line)
jl_apply at /cache/build/builder-amdci5-3/julialang/julia-release-1-dot-12/src/julia.h:2391 [inlined]
call_require at /cache/build/builder-amdci5-3/julialang/julia-release-1-dot-12/src/toplevel.c:494 [inlined]
eval_import_path at /cache/build/builder-amdci5-3/julialang/julia-release-1-dot-12/src/toplevel.c:532
jl_toplevel_eval_flex at /cache/build/builder-amdci5-3/julialang/julia-release-1-dot-12/src/toplevel.c:830
jl_toplevel_eval_flex at /cache/build/builder-amdci5-3/julialang/julia-release-1-dot-12/src/toplevel.c:975
ijl_toplevel_eval at /cache/build/builder-amdci5-3/julialang/julia-release-1-dot-12/src/toplevel.c:1047
ijl_toplevel_eval_in at /cache/build/builder-amdci5-3/julialang/julia-release-1-dot-12/src/toplevel.c:1092
eval at ./boot.jl:489
include_string at ./loading.jl:2870
_include at ./loading.jl:2930
include at ./Base.jl:306
exec_options at ./client.jl:317
_start at ./client.jl:550
jfptr__start_74358.1 at /root/.julia/juliaup/julia-1.12.5+0.x64.linux.gnu/lib/julia/sys.so (unknown line)
jl_apply at /cache/build/builder-amdci5-3/julialang/julia-release-1-dot-12/src/julia.h:2391 [inlined]
true_main at /cache/build/builder-amdci5-3/julialang/julia-release-1-dot-12/src/jlapi.c:971
jl_repl_entrypoint at /cache/build/builder-amdci5-3/julialang/julia-release-1-dot-12/src/jlapi.c:1139
main at /cache/build/builder-amdci5-3/julialang/julia-release-1-dot-12/cli/loader_exe.c:58
__libc_start_main at /usr/lib/x86_64-linux-gnu/libc.so.6 (unknown line)
unknown function (ip: 0x4010b8) at /workspace/srcdir/glibc-2.17/csu/../sysdeps/x86_64/start.S
unknown function (ip: (nil)) at (unknown file)
Allocations: 1496576 (Pool: 1496490; Big: 86); GC: 2
