Set parameter WLSAccessID
Set parameter WLSSecret
Set parameter LicenseID to value 2478548
Academic license 2478548 - for non-commercial use only - registered to ne___@campus.technion.ac.il
WARNING: --geometric_intervals requires --use_perturbed_intervals=true (it only affects the perturbed-interval coupling). Ignoring it and falling back to geometric_intervals=off.
Standard mode: boosts enabled:
  PerturbedIntervals:                 false
  Absolute Zonotope (Source B on N1): false
  Per-Copy Triangle Drop τ:           -1.0
  Sibling-Gated Refinement:           false
[notice | Main.MIPVerify]: Determining upper and lower bounds for the input to each non-linear unit.
Set parameter WLSAccessID
Set parameter WLSSecret
Set parameter LicenseID to value 2478548
Academic license 2478548 - for non-commercial use only - registered to ne___@campus.technion.ac.il
Set parameter TimeLimit to value 5
Set parameter TimeLimit to value 5
Set parameter WLSAccessID
Set parameter WLSSecret
Set parameter LicenseID to value 2478548
Academic license 2478548 - for non-commercial use only - registered to ne___@campus.technion.ac.il
Set parameter MIPFocus to value 3
Set parameter Cutoff to value 0
Set parameter Threads to value 32
Set parameter TimeLimit to value 10800
Set parameter MIPGap to value 0.01
Set parameter Seed to value 0
Set parameter Seed to value 0
Set parameter MIPGap to value 0.01
Set parameter MIPFocus to value 3
Set parameter Cutoff to value 0
Set parameter Threads to value 32
Set parameter TimeLimit to value 10800
Warning for adding constraints: zero or small (< 1e-13) coefficients, ignored
Gurobi Optimizer version 13.0.0 build v13.0.0rc1 (linux64 - "Ubuntu 20.04.2 LTS")

CPU model: AMD EPYC 7713 64-Core Processor, instruction set [SSE2|AVX|AVX2]
Thread count: 127 physical cores, 255 logical processors, using up to 32 threads

Non-default parameters:
Cutoff  0
TimeLimit  10800
MIPGap  0.01
MIPFocus  3
Threads  32

Academic license 2478548 - for non-commercial use only - registered to ne___@campus.technion.ac.il
Optimize a model with 350 rows, 956 columns and 63693 nonzeros (Max)
Model fingerprint: 0x3a003604
Model has 1 linear objective coefficients
Variable types: 871 continuous, 85 integer (85 binary)
Coefficient statistics:
  Matrix range     [1e-13, 3e+01]
  Objective range  [1e+00, 1e+00]
  Bounds range     [1e-07, 3e+01]
  RHS range        [1e-11, 2e+01]
Presolve removed 89 rows and 3 columns
Presolve time: 0.06s
Presolved: 261 rows, 953 columns, 63000 nonzeros
Variable types: 870 continuous, 83 integer (83 binary)
Root relaxation presolve removed 83 rows and 83 columns
Root relaxation presolved: 178 rows, 870 columns, 62751 nonzeros


Extra simplex iterations after uncrush: 2

Root relaxation: objective 9.078638e+00, 169 iterations, 0.02 seconds (0.04 work units)

    Nodes    |    Current Node    |     Objective Bounds      |     Work
 Expl Unexpl |  Obj  Depth IntInf | Incumbent    BestBd   Gap | It/Node Time

     0     0    9.07864    0   37          -    9.07864      -     -    0s
     0     0    8.70127    0   41          -    8.70127      -     -    0s
     0     0    8.70127    0   41          -    8.70127      -     -    0s
     0     0    8.57832    0   42          -    8.57832      -     -    0s
     0     0    8.53983    0   44          -    8.53983      -     -    0s
     0     0    8.53983    0   44          -    8.53983      -     -    0s
     0     0    8.25031    0   42          -    8.25031      -     -    0s
     0     0    8.25031    0   41          -    8.25031      -     -    0s
     0     0    8.25031    0   42          -    8.25031      -     -    0s
     0     0    8.25031    0   42          -    8.25031      -     -    0s
     0     0    8.08652    0   41          -    8.08652      -     -    1s
     0     0    8.08652    0   41          -    8.08652      -     -    1s
     0     0    7.75333    0   40          -    7.75333      -     -    1s
     0     0    7.75333    0   40          -    7.75333      -     -    1s
     0     0    7.75333    0   40          -    7.75333      -     -    1s
H    0     0                       3.2709963    7.75333   137%     -    1s
     0     0    7.75333    0   40    3.27100    7.75333   137%     -    1s
     0     0    7.75333    0   40    3.27100    7.75333   137%     -    1s
     0     0    7.58659    0   40    3.27100    7.58659   132%     -    1s
     0     0    7.58659    0   41    3.27100    7.58659   132%     -    1s
     0     0    7.33068    0   41    3.27100    7.33068   124%     -    2s
     0     0    7.33068    0   41    3.27100    7.33068   124%     -    2s
     0     0    7.15686    0   40    3.27100    7.15686   119%     -    2s
     0     0    7.15686    0   40    3.27100    7.15686   119%     -    2s
     0     0    6.94772    0   40    3.27100    6.94772   112%     -    2s
     0     0    6.94772    0   40    3.27100    6.94772   112%     -    2s
     0     0    6.53061    0   41    3.27100    6.53061   100%     -    2s
     0     0    6.53061    0   41    3.27100    6.53061   100%     -    2s
     0     0    6.43749    0   45    3.27100    6.43749  96.8%     -    3s
     0     0    6.43749    0   43    3.27100    6.43749  96.8%     -    3s
H    0     0                       3.2843449    6.43749  96.0%     -    3s
     0     0    6.34209    0   43    3.28434    6.34209  93.1%     -    3s
     0     0    6.34209    0   43    3.28434    6.34209  93.1%     -    3s
     0     0    6.22167    0   43    3.28434    6.22167  89.4%     -    3s
     0     0    6.22167    0   43    3.28434    6.22167  89.4%     -    3s
     0     0    6.12768    0   43    3.28434    6.12768  86.6%     -    3s
     0     0    6.12768    0   43    3.28434    6.12768  86.6%     -    3s
H    0     0                       3.6846364    6.07196  64.8%     -    3s
     0     0    6.04183    0   47    3.68464    6.04183  64.0%     -    3s
     0     0    6.04183    0   47    3.68464    6.04183  64.0%     -    4s
     0     0    5.99339    0   47    3.68464    5.99339  62.7%     -    4s
     0     0    5.99339    0   48    3.68464    5.99339  62.7%     -    4s
     0     0    5.96178    0   50    3.68464    5.96178  61.8%     -    4s
     0     0    5.96178    0   50    3.68464    5.96178  61.8%     -    4s
     0     0    5.84832    0   46    3.68464    5.84832  58.7%     -    4s
     0     0    5.83400    0   48    3.68464    5.83400  58.3%     -    4s
     0     0    5.83400    0   48    3.68464    5.83400  58.3%     -    4s
     0     0    5.80140    0   48    3.68464    5.80140  57.4%     -    4s
     0     0    5.80140    0   47    3.68464    5.80140  57.4%     -    4s
     0     0    5.75691    0   48    3.68464    5.75691  56.2%     -    4s
     0     0    5.75691    0   48    3.68464    5.75691  56.2%     -    4s
     0     0    5.69448    0   48    3.68464    5.69448  54.5%     -    5s
     0     0    5.69448    0   47    3.68464    5.69448  54.5%     -    5s
     0     0    5.66515    0   49    3.68464    5.66515  53.8%     -    5s
     0     0    5.63375    0   51    3.68464    5.63375  52.9%     -    5s
     0     0    5.63356    0   51    3.68464    5.63356  52.9%     -    5s
     0     0    5.58773    0   54    3.68464    5.58773  51.6%     -    5s
     0     0    5.58773    0   52    3.68464    5.58773  51.6%     -    5s
     0     0    5.55190    0   52    3.68464    5.55190  50.7%     -    5s
     0     0    5.53914    0   50    3.68464    5.53914  50.3%     -    6s
     0     0    5.53914    0   50    3.68464    5.53914  50.3%     -    6s
H    0     0                       3.7509382    5.53914  47.7%     -    6s
H    0     0                       3.7829008    5.53914  46.4%     -    6s
H    0     0                       3.7829009    5.53914  46.4%     -    6s
H    0     0                       3.7870045    5.53914  46.3%     -    6s
     0     0    5.44828    0   52    3.78700    5.44828  43.9%     -    6s
H    0     0                       3.8634900    5.44828  41.0%     -    6s
     0     0    5.41555    0   53    3.86349    5.41555  40.2%     -    7s
     0     0    5.41555    0   53    3.86349    5.41555  40.2%     -    7s
     0     0    5.34439    0   53    3.86349    5.34439  38.3%     -    7s
     0     0    5.34439    0   53    3.86349    5.34439  38.3%     -    7s
     0     2    5.34439    0   53    3.86349    5.34439  38.3%     -    7s
H  222   154                       3.8999500    5.34439  37.0%   163    8s
H  466   344                       3.9074486    4.87733  24.8%   149    9s
H  782   505                       3.9249621    4.66777  18.9%   133    9s
  1043   657     cutoff   19         3.92496    4.57693  16.6%   120   10s
H 1322   869                       3.9737530    4.52445  13.9%   111   10s
H 2152  1321                       4.0372564    4.38519  8.62%  94.9   11s
H 2707  1424                       4.0870435    4.31532  5.59%  86.7   11s
H 3476  1153                       4.0982415    4.23209  3.27%  76.1   11s
H 3556  1139                       4.1321545    4.22602  2.27%  75.1   11s
H 3664  1037                       4.1716515    4.22405  1.26%  73.8   11s

Cutting planes:
  Lift-and-project: 15
  Implied bound: 14
  Projected implied bound: 71
  MIR: 264
  Flow cover: 238
  RLT: 101

Explored 3754 nodes (278911 simplex iterations) in 11.96 seconds (18.17 work units)
Thread count was 32 (of 255 available processors)

Solution count 10: 4.17165 4.17165 4.13215 ... 3.89995

Optimal solution found (tolerance 1.00e-02)
Best objective 4.171651450330e+00, best bound 4.205489206750e+00, gap 0.8111%

User-callback calls 12184, time in user-callback 0.03 sec
Encoding the two copies...
HERE
4.171651450329637  4.205489206749715  11.99834394454956
/root/Downloads/for_dana/vaghar_org/paper_experiments_rerun/fashion-mnist/3x50_exp/delta_max/delta_max_3x50_N2_model_seed42_itr19_sgd_itr1/
Clean sample classification: 3
Perturbed sample classification: 3
