Set parameter WLSAccessID
Set parameter WLSSecret
Set parameter LicenseID to value 2478548
Academic license 2478548 - for non-commercial use only - registered to ne___@campus.technion.ac.il
WARNING: --geometric_intervals requires --use_perturbed_intervals=true (it only affects the perturbed-interval coupling). Ignoring it and falling back to geometric_intervals=off.
Standard mode: boosts enabled:
  PerturbedIntervals:                 false
  Absolute Zonotope (Source B on N1): false
  Per-Copy Triangle Drop τ:           -1.0
  Sibling-Gated Refinement:           false
[notice | Main.MIPVerify]: Determining upper and lower bounds for the input to each non-linear unit.
Set parameter WLSAccessID
Set parameter WLSSecret
Set parameter LicenseID to value 2478548
Academic license 2478548 - for non-commercial use only - registered to ne___@campus.technion.ac.il
Set parameter TimeLimit to value 5
Set parameter TimeLimit to value 5

[3887659] signal 15: Terminated
in expression starting at /root/Downloads/for_dana/vaghar_org/run.jl:1159
pthread_cond_wait at /usr/lib/x86_64-linux-gnu/libpthread.so.0 (unknown line)
uv_cond_wait at /workspace/srcdir/libuv/src/unix/thread.c:822
ijl_task_get_next at /cache/build/builder-amdci5-3/julialang/julia-release-1-dot-12/src/scheduler.c:523
poptask at ./task.jl:1216
wait at ./task.jl:1228
#wait#398 at ./condition.jl:141
_trywait at ./asyncevent.jl:163
profile_printing_listener at ./Base.jl:332
#start_profile_listener##0 at ./Base.jl:352
jfptr_YY.start_profile_listenerYY.YY.0_6779.1 at /root/.julia/juliaup/julia-1.12.5+0.x64.linux.gnu/lib/julia/sys.so (unknown line)
jl_apply at /cache/build/builder-amdci5-3/julialang/julia-release-1-dot-12/src/julia.h:2391 [inlined]
start_task at /cache/build/builder-amdci5-3/julialang/julia-release-1-dot-12/src/task.c:1252
unknown function (ip: (nil)) at (unknown file)
PRIVATE00000000000369fe at /root/.julia/artifacts/f0e5f5a89f78144698ed87413adc7743688584f5/gurobi1300/linux64/lib/libgurobi130.so (unknown line)
PRIVATE000000000005b0a6 at /root/.julia/artifacts/f0e5f5a89f78144698ed87413adc7743688584f5/gurobi1300/linux64/lib/libgurobi130.so (unknown line)
PRIVATE00000000000624da at /root/.julia/artifacts/f0e5f5a89f78144698ed87413adc7743688584f5/gurobi1300/linux64/lib/libgurobi130.so (unknown line)
PRIVATE00000000000ccce6 at /root/.julia/artifacts/f0e5f5a89f78144698ed87413adc7743688584f5/gurobi1300/linux64/lib/libgurobi130.so (unknown line)
PRIVATE00000000005c7ca5 at /root/.julia/artifacts/f0e5f5a89f78144698ed87413adc7743688584f5/gurobi1300/linux64/lib/libgurobi130.so (unknown line)
PRIVATE00000000005c947b at /root/.julia/artifacts/f0e5f5a89f78144698ed87413adc7743688584f5/gurobi1300/linux64/lib/libgurobi130.so (unknown line)
PRIVATE00000000005f66cc at /root/.julia/artifacts/f0e5f5a89f78144698ed87413adc7743688584f5/gurobi1300/linux64/lib/libgurobi130.so (unknown line)
PRIVATE00000000005be8df at /root/.julia/artifacts/f0e5f5a89f78144698ed87413adc7743688584f5/gurobi1300/linux64/lib/libgurobi130.so (unknown line)
PRIVATE00000000005ba71a at /root/.julia/artifacts/f0e5f5a89f78144698ed87413adc7743688584f5/gurobi1300/linux64/lib/libgurobi130.so (unknown line)
PRIVATE00000000005b7061 at /root/.julia/artifacts/f0e5f5a89f78144698ed87413adc7743688584f5/gurobi1300/linux64/lib/libgurobi130.so (unknown line)
PRIVATE0000000000c1b6ed at /root/.julia/artifacts/f0e5f5a89f78144698ed87413adc7743688584f5/gurobi1300/linux64/lib/libgurobi130.so (unknown line)
PRIVATE000000000097c960 at /root/.julia/artifacts/f0e5f5a89f78144698ed87413adc7743688584f5/gurobi1300/linux64/lib/libgurobi130.so (unknown line)
GRBoptimize at /root/.julia/artifacts/f0e5f5a89f78144698ed87413adc7743688584f5/gurobi1300/linux64/lib/libgurobi130.so (unknown line)
GRBoptimize at /root/.julia/packages/Gurobi/K2XSK/src/gen130/libgrb_api.jl:374 [inlined]
#49 at /root/.julia/packages/Gurobi/K2XSK/src/MOI_wrapper/MOI_wrapper.jl:2820 [inlined]
disable_sigint at ./c.jl:167 [inlined]
optimize! at /root/.julia/packages/Gurobi/K2XSK/src/MOI_wrapper/MOI_wrapper.jl:2819
optimize! at /root/.julia/packages/MathOptInterface/Q3V1z/src/Bridges/bridge_optimizer.jl:367 [inlined]
optimize! at /root/.julia/packages/MathOptInterface/Q3V1z/src/Utilities/cachingoptimizer.jl:379
unknown function (ip: 0x7f84ac8a8162) at (unknown file)
#optimize!#96 at /root/.julia/packages/JuMP/0tD10/src/optimizer_interface.jl:610
optimize! at /root/.julia/packages/JuMP/0tD10/src/optimizer_interface.jl:560 [inlined]
tight_bound_helper at /root/Downloads/for_dana/vaghar_org/utils/MIPVerify.jl/src/net_components/core_ops.jl:95
#tight_bound##0 at /root/Downloads/for_dana/vaghar_org/utils/MIPVerify.jl/src/net_components/core_ops.jl:145 [inlined]
relax_integrality_context at /root/Downloads/for_dana/vaghar_org/utils/MIPVerify.jl/src/net_components/core_ops.jl:67
unknown function (ip: 0x7f84ac8a2ff6) at (unknown file)
tight_bound at /root/Downloads/for_dana/vaghar_org/utils/MIPVerify.jl/src/net_components/core_ops.jl:144
#tight_upperbound#8 at /root/Downloads/for_dana/vaghar_org/utils/MIPVerify.jl/src/net_components/core_ops.jl:156 [inlined]
tight_upperbound at /root/Downloads/for_dana/vaghar_org/utils/MIPVerify.jl/src/net_components/core_ops.jl:151 [inlined]
#18 at /root/Downloads/for_dana/vaghar_org/utils/MIPVerify.jl/src/net_components/core_ops.jl:702
iterate at ./generator.jl:48 [inlined]
collect_to! at ./array.jl:848
collect_to_with_first! at ./array.jl:826
unknown function (ip: 0x7f84ac8dd168) at (unknown file)
_collect at ./array.jl:820
#relu#14 at /root/Downloads/for_dana/vaghar_org/utils/MIPVerify.jl/src/net_components/core_ops.jl:684
relu at /root/Downloads/for_dana/vaghar_org/utils/MIPVerify.jl/src/net_components/core_ops.jl:684 [inlined]
ReLU at /root/Downloads/for_dana/vaghar_org/utils/MIPVerify.jl/src/net_components/layers/relu.jl:23
unknown function (ip: 0x7f84ac8d95c2) at (unknown file)
chain at /root/Downloads/for_dana/vaghar_org/utils/MIPVerify.jl/src/net_components.jl:25
unknown function (ip: 0x7f84ac8d7936) at (unknown file)
chain at /root/Downloads/for_dana/vaghar_org/utils/MIPVerify.jl/src/net_components.jl:25
unknown function (ip: 0x7f84ac8d7936) at (unknown file)
chain at /root/Downloads/for_dana/vaghar_org/utils/MIPVerify.jl/src/net_components.jl:25
unknown function (ip: 0x7f84ac881366) at (unknown file)
chain at /root/Downloads/for_dana/vaghar_org/utils/MIPVerify.jl/src/net_components.jl:25
unknown function (ip: 0x7f84ac881366) at (unknown file)
chain at /root/Downloads/for_dana/vaghar_org/utils/MIPVerify.jl/src/net_components.jl:25
unknown function (ip: 0x7f84ac881366) at (unknown file)
chain at /root/Downloads/for_dana/vaghar_org/utils/MIPVerify.jl/src/net_components.jl:25
unknown function (ip: 0x7f84ac881366) at (unknown file)
chain at /root/Downloads/for_dana/vaghar_org/utils/MIPVerify.jl/src/net_components.jl:25
Array at /root/Downloads/for_dana/vaghar_org/utils/MIPVerify.jl/src/net_components.jl:27 [inlined]
|> at ./operators.jl:972 [inlined]
Sequential at /root/Downloads/for_dana/vaghar_org/utils/MIPVerify.jl/src/net_components/nets/sequential.jl:25 [inlined]
|> at ./operators.jl:972 [inlined]
get_perturbation_specific_keys_max at /root/Downloads/for_dana/vaghar_org/utils/perturbation_models.jl:154
get_model at /root/Downloads/for_dana/vaghar_org/utils/perturbation_models.jl:30
macro expansion at /root/Downloads/for_dana/vaghar_org/run.jl:465 [inlined]
macro expansion at ./timing.jl:461 [inlined]
main_standard at /root/Downloads/for_dana/vaghar_org/run.jl:464
unknown function (ip: 0x7f8510323d20) at (unknown file)
main at /root/Downloads/for_dana/vaghar_org/run.jl:334
unknown function (ip: 0x7f851030066f) at (unknown file)
jl_apply at /cache/build/builder-amdci5-3/julialang/julia-release-1-dot-12/src/julia.h:2391 [inlined]
do_call at /cache/build/builder-amdci5-3/julialang/julia-release-1-dot-12/src/interpreter.c:123
eval_value at /cache/build/builder-amdci5-3/julialang/julia-release-1-dot-12/src/interpreter.c:243
eval_stmt_value at /cache/build/builder-amdci5-3/julialang/julia-release-1-dot-12/src/interpreter.c:194 [inlined]
eval_body at /cache/build/builder-amdci5-3/julialang/julia-release-1-dot-12/src/interpreter.c:707
jl_interpret_toplevel_thunk at /cache/build/builder-amdci5-3/julialang/julia-release-1-dot-12/src/interpreter.c:898
jl_toplevel_eval_flex at /cache/build/builder-amdci5-3/julialang/julia-release-1-dot-12/src/toplevel.c:1035
jl_toplevel_eval_flex at /cache/build/builder-amdci5-3/julialang/julia-release-1-dot-12/src/toplevel.c:975
ijl_toplevel_eval at /cache/build/builder-amdci5-3/julialang/julia-release-1-dot-12/src/toplevel.c:1047
ijl_toplevel_eval_in at /cache/build/builder-amdci5-3/julialang/julia-release-1-dot-12/src/toplevel.c:1092
eval at ./boot.jl:489
include_string at ./loading.jl:2870
_include at ./loading.jl:2930
include at ./Base.jl:306
exec_options at ./client.jl:317
_start at ./client.jl:550
jfptr__start_74358.1 at /root/.julia/juliaup/julia-1.12.5+0.x64.linux.gnu/lib/julia/sys.so (unknown line)
jl_apply at /cache/build/builder-amdci5-3/julialang/julia-release-1-dot-12/src/julia.h:2391 [inlined]
true_main at /cache/build/builder-amdci5-3/julialang/julia-release-1-dot-12/src/jlapi.c:971
jl_repl_entrypoint at /cache/build/builder-amdci5-3/julialang/julia-release-1-dot-12/src/jlapi.c:1139
main at /cache/build/builder-amdci5-3/julialang/julia-release-1-dot-12/cli/loader_exe.c:58
__libc_start_main at /usr/lib/x86_64-linux-gnu/libc.so.6 (unknown line)
unknown function (ip: 0x4010b8) at /workspace/srcdir/glibc-2.17/csu/../sysdeps/x86_64/start.S
unknown function (ip: (nil)) at (unknown file)
Allocations: 97876653 (Pool: 97875518; Big: 1135); GC: 21
error in running finalizer: ErrorException("Gurobi Error 10017: ")
_check_ret at /root/.julia/packages/Gurobi/K2XSK/src/MOI_wrapper/MOI_wrapper.jl:417 [inlined]
#13 at /root/.julia/packages/Gurobi/K2XSK/src/MOI_wrapper/MOI_wrapper.jl:393
unknown function (ip: 0x7f84ac882182) at (unknown file)
run_finalizer at /cache/build/builder-amdci5-3/julialang/julia-release-1-dot-12/src/gc-common.c:180
jl_gc_run_finalizers_in_list at /cache/build/builder-amdci5-3/julialang/julia-release-1-dot-12/src/gc-common.c:270
run_finalizers at /cache/build/builder-amdci5-3/julialang/julia-release-1-dot-12/src/gc-common.c:316
jl_mutex_unlock at /cache/build/builder-amdci5-3/julialang/julia-release-1-dot-12/src/julia_locks.h:80 [inlined]
jl_type_infer at /cache/build/builder-amdci5-3/julialang/julia-release-1-dot-12/src/gf.c:488
jl_compile_method_internal at /cache/build/builder-amdci5-3/julialang/julia-release-1-dot-12/src/gf.c:3516
_jl_invoke at /cache/build/builder-amdci5-3/julialang/julia-release-1-dot-12/src/gf.c:4006 [inlined]
ijl_apply_generic at /cache/build/builder-amdci5-3/julialang/julia-release-1-dot-12/src/gf.c:4214
jl_apply at /cache/build/builder-amdci5-3/julialang/julia-release-1-dot-12/src/julia.h:2391 [inlined]
ijl_atexit_hook at /cache/build/builder-amdci5-3/julialang/julia-release-1-dot-12/src/init.c:260
jl_exit_thread0_cb at /cache/build/builder-amdci5-3/julialang/julia-release-1-dot-12/src/signals-unix.c:564
Encoding the two copies...
HERE
