source: 0 target: 3 model_arch: cnn1 perturbation type: translation perturbation size: [0, 1.0, 3.0] dataset: mnist
Attack:   0%|          | 0/500 [00:00<?, ?it/s]Attack:   1%|          | 3/500 [00:00<00:16, 29.83it/s]Attack:   7%|▋         | 36/500 [00:00<00:02, 202.41it/s]Attack:  14%|█▍        | 69/500 [00:00<00:01, 256.85it/s]Attack:  21%|██        | 103/500 [00:00<00:01, 286.11it/s]Attack:  27%|██▋       | 136/500 [00:00<00:01, 301.63it/s]Attack:  34%|███▎      | 168/500 [00:00<00:01, 306.70it/s]Attack:  40%|████      | 202/500 [00:00<00:00, 315.34it/s]Attack:  47%|████▋     | 236/500 [00:00<00:00, 321.08it/s]Attack:  54%|█████▍    | 269/500 [00:00<00:00, 319.97it/s]Attack:  60%|██████    | 301/500 [00:01<00:00, 319.92it/s]Attack:  67%|██████▋   | 333/500 [00:01<00:00, 318.41it/s]Attack:  73%|███████▎  | 366/500 [00:01<00:00, 319.29it/s]Attack:  80%|███████▉  | 398/500 [00:01<00:00, 317.68it/s]Attack:  86%|████████▌ | 430/500 [00:01<00:00, 317.26it/s]Attack:  92%|█████████▏| 462/500 [00:01<00:00, 316.43it/s]Attack:  99%|█████████▉| 494/500 [00:01<00:00, 315.26it/s]Attack: 100%|█████████▉| 499/500 [00:01<00:00, 302.60it/s]
best_val 47.40019226074219
Set parameter WLSAccessID
Set parameter WLSSecret
Set parameter LicenseID to value 2478548
Academic license 2478548 - for non-commercial use only - registered to ne___@campus.technion.ac.il
Advanced-standard mode: techniques enabled:
  Technique 4 (Bound Tightening):    true
  Technique 4+ (Zono Bounds):        true
  Zono uses N_pre (Source A):        true
  Diff-bounds method (Source A):     zonotope
  Technique 5 (Variable Hints):      prev_pgd
  Technique 6 (N2 Relax Threshold):  0.5
Model accuracy: 0.9583
load_n1_diff_bounds!: loaded 3 ReLU layers (+ n1_preact_bounds.bin) from /root/Downloads/for_dana/vaghar_org/paper_experiments_rerun/mnist/cnn1_exp/translation/eps_1,3/n1_state_cnn1_model_seed42_itr20
Advanced-standard: computing N1-tightened absolute N2 zonotope (Source B)...
compute_n2_bounds_zonotope_with_n1_tighten: populated 3 ReLU layers

══ Advanced-standard: loading N1 state from /root/Downloads/for_dana/vaghar_org/paper_experiments_rerun/mnist/cnn1_exp/translation/eps_1,3/n1_state_cnn1_model_seed42_itr20 (c_tag=1, c_target=4) ══
load_n1_state: loaded from /root/Downloads/for_dana/vaghar_org/paper_experiments_rerun/mnist/cnn1_exp/translation/eps_1,3/n1_state_cnn1_model_seed42_itr20 (c_tag=1, c_target=4, 3603 vars, 757 neurons)

══ Advanced-standard PASS 2: solving N2 with N1 info (c_tag=1, c_target=4) ══
set_n1_neuron_bounds: loaded 757 neuron bounds from N1
compute_n2_pert_relaxation_bounds: populated 3 ReLU layers
compute_n2_relax_decision!: τ=0.5, both=82 org-only=0 pert-only=9 none=297 (plus 162 stable neurons)
[notice | Main.MIPVerify]: Determining upper and lower bounds for the input to each non-linear unit.
Set parameter WLSAccessID
Set parameter WLSSecret
Set parameter LicenseID to value 2478548
Academic license 2478548 - for non-commercial use only - registered to ne___@campus.technion.ac.il
Set parameter TimeLimit to value 5
Set parameter TimeLimit to value 5
Set parameter WLSAccessID
Set parameter WLSSecret
Set parameter LicenseID to value 2478548
Academic license 2478548 - for non-commercial use only - registered to ne___@campus.technion.ac.il
Set parameter MIPFocus to value 3
Set parameter Cutoff to value 4.7400192260742188e+01
Set parameter Threads to value 32
Set parameter TimeLimit to value 10800
Set parameter MIPGap to value 0.01
Set parameter Seed to value 4
Set parameter Seed to value 4
Set parameter MIPGap to value 0.01
Set parameter MIPFocus to value 3
Set parameter Cutoff to value 4.7400192260742188e+01
Set parameter Threads to value 32
Set parameter TimeLimit to value 10800
Warning for adding constraints: zero or small (< 1e-13) coefficients, ignored
Gurobi Optimizer version 13.0.0 build v13.0.0rc1 (linux64 - "Ubuntu 20.04.2 LTS")

CPU model: AMD EPYC 7713 64-Core Processor, instruction set [SSE2|AVX|AVX2]
Thread count: 127 physical cores, 255 logical processors, using up to 32 threads

Non-default parameters:
Cutoff  4.7400192260742188e+01
TimeLimit  10800
MIPGap  0.01
MIPFocus  3
Seed  4
Threads  32

Academic license 2478548 - for non-commercial use only - registered to ne___@campus.technion.ac.il
Optimize a model with 4920 rows, 3432 columns and 65453 nonzeros (Max)
Model fingerprint: 0xcb3cf78e
Model has 1 linear objective coefficients
Variable types: 2847 continuous, 585 integer (585 binary)
Coefficient statistics:
  Matrix range     [9e-13, 2e+02]
  Objective range  [1e+00, 1e+00]
  Bounds range     [2e-02, 2e+02]
  RHS range        [2e-06, 1e+03]
Warning: Model contains large matrix coefficient range
         Consider reformulating model or setting NumericFocus parameter
         to avoid numerical issues.

User MIP start produced solution with objective 54.2469 (0.24s)
Loaded user MIP start with objective 54.2469

Presolve removed 2717 rows and 1219 columns
Presolve time: 0.08s
Presolved: 2203 rows, 2213 columns, 47200 nonzeros
Variable types: 1628 continuous, 585 integer (585 binary)
Root relaxation presolve removed 585 rows and 585 columns
Root relaxation presolved: 1618 rows, 1628 columns, 45488 nonzeros


Root relaxation: objective 1.015195e+02, 1558 iterations, 0.12 seconds (0.16 work units)

    Nodes    |    Current Node    |     Objective Bounds      |     Work
 Expl Unexpl |  Obj  Depth IntInf | Incumbent    BestBd   Gap | It/Node Time

     0     0  101.51955    0  155   54.24692  101.51955  87.1%     -    0s
     0     0   92.42856    0  177   54.24692   92.42856  70.4%     -    1s
     0     0   92.42856    0  177   54.24692   92.42856  70.4%     -    1s
     0     0   92.42856    0  158   54.24692   92.42856  70.4%     -    1s
     0     0   89.94446    0  171   54.24692   89.94446  65.8%     -    1s
     0     0   89.94446    0  172   54.24692   89.94446  65.8%     -    1s
     0     0   89.94446    0  173   54.24692   89.94446  65.8%     -    1s
     0     0   86.18661    0  175   54.24692   86.18661  58.9%     -    2s
     0     0   86.18661    0  156   54.24692   86.18661  58.9%     -    2s
     0     0   72.78885    0  175   54.24692   72.78885  34.2%     -    2s
     0     0   72.55859    0  183   54.24692   72.55859  33.8%     -    2s
     0     0   72.36247    0  180   54.24692   72.36247  33.4%     -    2s
     0     0   72.36247    0  183   54.24692   72.36247  33.4%     -    2s
     0     0   71.13201    0  190   54.24692   71.13201  31.1%     -    3s
     0     0   71.13201    0  190   54.24692   71.13201  31.1%     -    3s
     0     0   71.13201    0  159   54.24692   71.13201  31.1%     -    3s
     0     0   68.11098    0  183   54.24692   68.11098  25.6%     -    4s
     0     0   67.64617    0  184   54.24692   67.64617  24.7%     -    5s
     0     0   67.64617    0  188   54.24692   67.64617  24.7%     -    5s
     0     0   67.64617    0  190   54.24692   67.64617  24.7%     -    5s
     0     0   65.06074    0  186   54.24692   65.06074  19.9%     -    6s
     0     0   65.06074    0  186   54.24692   65.06074  19.9%     -    6s
     0     0   65.06074    0  155   54.24692   65.06074  19.9%     -    6s
     0     0   64.21467    0  154   54.24692   64.21467  18.4%     -    6s
     0     0   64.21467    0  154   54.24692   64.21467  18.4%     -    7s
     0     2   64.21467    0  154   54.24692   64.21467  18.4%     -    8s
     3     2   64.21467    2  173   54.24692   64.21467  18.4%  5617   10s
H   12    16                      54.2699613   63.65905  17.3%  3226   11s
H   18    16                      54.2744364   63.16364  16.4%  2690   11s
   101    98   61.00457    9  184   54.27444   61.10071  12.6%  1848   15s
   229   192   60.45201   12  159   54.27444   60.52223  11.5%  1902   21s
   293   256   59.94353   14  161   54.27444   60.13411  10.8%  2275   26s
   389   352   59.01377   16  140   54.27444   59.62715  9.86%  2180   30s
   493   459   57.27782   19  148   54.27444   59.14817  8.98%  2091   36s
H  526   459                      54.2787707   59.10502  8.89%  2049   36s
   563   526   58.74985   15  137   54.27877   59.04269  8.78%  2073   40s
   660   623   56.95484   16  167   54.27877   58.85450  8.43%  2187   46s
   692   655   58.38969   14  149   54.27877   58.69197  8.13%  2214   50s
   795   762   58.24556   21  141   54.27877   58.41520  7.62%  2144   57s
   831   794   58.21901   18  142   54.27877   58.38648  7.57%  2105   60s
   896   857   57.90505   20  139   54.27877   58.33650  7.48%  2056   67s
   928   892   58.12511   19  147   54.27877   58.32900  7.46%  2046   70s
  1006   971   58.09309   22  138   54.27877   58.28310  7.38%  2030   76s
H 1028   971                      54.2813037   58.26338  7.34%  2011   76s
H 1031   971                      54.2860694   58.26215  7.32%  2008   76s
  1120  1175   55.98333   22  155   54.28607   58.23551  7.28%  1919   81s
  1418  1390   55.99264   22  143   54.28607   58.20583  7.22%  1689   86s
  1685  1713   55.82673   18  165   54.28607   58.15911  7.13%  1544   91s
  1796  1858   57.52387   17  150   54.28607   58.13046  7.08%  1539   95s
  1991  2028   55.81016   20  151   54.28607   58.06601  6.96%  1517  100s
H 2121  2135                      54.2888052   58.03716  6.90%  1502  103s
H 2146  2135                      54.2896096   58.01996  6.87%  1501  103s
H 2149  2135                      54.2913735   58.01920  6.87%  1501  103s
H 2161  2135                      54.2966041   58.01495  6.85%  1500  103s
  2224  2326   57.35913   22  147   54.29660   57.95938  6.75%  1492  106s
  2419  2470   57.22428   16  145   54.29660   57.87319  6.59%  1449  111s
  2674  2645   55.64477   21  167   54.29660   57.72022  6.31%  1420  117s
  2840  2802   57.31762   21  148   54.29660   57.67005  6.21%  1399  120s
H 3255  3057                      54.2979264   57.56553  6.02%  1350  128s
H 3261  3057                      54.2983221   57.56217  6.01%  1349  128s
H 3273  3057                      54.2990606   57.55989  6.01%  1348  128s
H 3316  3057                      54.3036858   57.54646  5.97%  1345  128s
H 3338  3057                      54.3043382   57.54470  5.97%  1345  128s
  3424  3189   55.64855   18  163   54.30434   57.53221  5.94%  1338  131s
H 3648  3189                      54.3043383   57.47525  5.84%  1319  173s
H 3648  3189                      54.3044672   57.47525  5.84%  1319  185s
  3649  3190   54.68354   24  154   54.30447   57.47525  5.84%  1319  230s
  3657  3195   57.21572   21  154   54.30447   57.47525  5.84%  1316  236s
  3662  3199   55.98741   20  163   54.30447   57.47525  5.84%  1314  241s
  3664  3200   55.35785   22  163   54.30447   57.47525  5.84%  1313  245s
  3669  3202   57.47525   15  179   54.30447   57.47525  5.84%  1323  250s
  3697  3208   57.47525   19  183   54.30447   57.47525  5.84%  1332  256s
  3750  3194   57.47525   22  187   54.30447   57.47525  5.84%  1338  260s
  3863  3197   56.17933   26  164   54.30447   57.47525  5.84%  1352  265s
  4001  3233   56.30928   31  151   54.30447   56.93244  4.84%  1351  270s
  4103  3262   55.93450   34  126   54.30447   55.93450  3.00%  1356  275s
  4280  3231   55.18406   39   78   54.30447   55.36510  1.95%  1367  281s
H 4389  3065                      54.3092740   55.06051  1.38%  1359  283s
  4451  3075     cutoff   44        54.30927   55.00345  1.28%  1357  285s

Cutting planes:
  Gomory: 51
  Projected implied bound: 517
  MIR: 1353
  Mixing: 1
  Flow cover: 395
  RLT: 70
  Relax-and-lift: 1317

Explored 4644 nodes (6221620 simplex iterations) in 288.81 seconds (576.03 work units)
Thread count was 32 (of 255 available processors)

Solution count 10: 54.3093 54.3045 54.3043 ... 54.2914

Optimal solution found (tolerance 1.00e-02)
Best objective 5.430927402821e+01, best bound 5.482222313495e+01, gap 0.9445%

User-callback calls 61137, time in user-callback 0.05 sec
Encoding the two copies...
apply_sibgate_constraints!: emitted 81 coupling lines (both-thin), 0 conditional triangles on org (org-dropped), 9 conditional triangles on pert (pert-dropped).
Encoding dependencies (activation_start=1, layers_offset=3)...
  geometric-interval coupling: 558 constraints (org/perturbation)
apply_n1_var_hints!: mode=VH_PREV_PGD, Start-consensus on 585 of 585 N2 binaries (pgd-silent-filled=373, pgd-agreed-nop=193, pgd-disagreed-withdrew=19, flipped=9, no-N1-match=0, Tech2-eliminated-but-survived=0)
54.309274028207874  54.822223134953916  288.8219268321991
Clean sample classification: 1
Perturbed sample classification: 4
