Set parameter WLSAccessID
Set parameter WLSSecret
Set parameter LicenseID to value 2478548
Academic license 2478548 - for non-commercial use only - registered to ne___@campus.technion.ac.il
WARNING: --geometric_intervals requires --use_perturbed_intervals=true (it only affects the perturbed-interval coupling). Ignoring it and falling back to geometric_intervals=off.
Standard mode: boosts enabled:
  PerturbedIntervals:                 false
  Absolute Zonotope (Source B on N1): false
  Per-Copy Triangle Drop τ:           -1.0
  Sibling-Gated Refinement:           false
Model accuracy: 0.9694
[notice | Main.MIPVerify]: Determining upper and lower bounds for the input to each non-linear unit.
Set parameter WLSAccessID
Set parameter WLSSecret
Set parameter LicenseID to value 2478548
Academic license 2478548 - for non-commercial use only - registered to ne___@campus.technion.ac.il
Set parameter TimeLimit to value 5
Set parameter TimeLimit to value 5
Set parameter WLSAccessID
Set parameter WLSSecret
Set parameter LicenseID to value 2478548
Academic license 2478548 - for non-commercial use only - registered to ne___@campus.technion.ac.il
Set parameter MIPFocus to value 3
Set parameter Cutoff to value 0
Set parameter Threads to value 32
Set parameter TimeLimit to value 10800
Set parameter MIPGap to value 0.01
Set parameter Seed to value 0
Set parameter Seed to value 0
Set parameter MIPGap to value 0.01
Set parameter MIPFocus to value 3
Set parameter Cutoff to value 0
Set parameter Threads to value 32
Set parameter TimeLimit to value 10800
Warning for adding constraints: zero or small (< 1e-13) coefficients, ignored
Gurobi Optimizer version 13.0.0 build v13.0.0rc1 (linux64 - "Ubuntu 20.04.2 LTS")

CPU model: AMD EPYC 7713 64-Core Processor, instruction set [SSE2|AVX|AVX2]
Thread count: 127 physical cores, 255 logical processors, using up to 32 threads

Non-default parameters:
Cutoff  0
TimeLimit  10800
MIPGap  0.01
MIPFocus  3
Threads  32

Academic license 2478548 - for non-commercial use only - registered to ne___@campus.technion.ac.il
Optimize a model with 346 rows, 954 columns and 60846 nonzeros (Max)
Model fingerprint: 0x0f6a5f92
Model has 1 linear objective coefficients
Variable types: 870 continuous, 84 integer (84 binary)
Coefficient statistics:
  Matrix range     [3e-13, 3e+01]
  Objective range  [1e+00, 1e+00]
  Bounds range     [4e-08, 3e+01]
  RHS range        [4e-13, 2e+01]
Presolve removed 86 rows and 3 columns
Presolve time: 0.05s
Presolved: 260 rows, 951 columns, 60473 nonzeros
Variable types: 868 continuous, 83 integer (83 binary)
Root relaxation presolve removed 82 rows and 82 columns
Root relaxation presolved: 178 rows, 869 columns, 60227 nonzeros


Root relaxation: objective 3.821240e+01, 183 iterations, 0.03 seconds (0.04 work units)

    Nodes    |    Current Node    |     Objective Bounds      |     Work
 Expl Unexpl |  Obj  Depth IntInf | Incumbent    BestBd   Gap | It/Node Time

     0     0   38.21240    0   40          -   38.21240      -     -    0s
     0     0   37.13763    0   38          -   37.13763      -     -    0s
     0     0   37.13763    0   38          -   37.13763      -     -    0s
H    0     0                       7.8252989   36.92337   372%     -    0s
H    0     0                      10.5252471   36.92337   251%     -    0s
     0     0   36.41878    0   40   10.52525   36.41878   246%     -    0s
     0     0   36.20595    0   39   10.52525   36.20595   244%     -    0s
     0     0   36.20595    0   39   10.52525   36.20595   244%     -    0s
     0     0   34.78389    0   41   10.52525   34.78389   230%     -    0s
     0     0   34.77107    0   41   10.52525   34.77107   230%     -    1s
     0     0   34.77107    0   41   10.52525   34.77107   230%     -    1s
     0     0   33.96166    0   41   10.52525   33.96166   223%     -    1s
     0     0   33.96166    0   41   10.52525   33.96166   223%     -    1s
H    0     0                      12.1103637   33.31029   175%     -    1s
     0     0   33.31029    0   41   12.11036   33.31029   175%     -    1s
     0     0   33.31029    0   41   12.11036   33.31029   175%     -    1s
     0     2   33.31029    0   41   12.11036   33.31029   175%     -    1s
H   12    16                      13.3384582   32.80532   146%   177    2s
H  134   229                      13.5086572   28.82727   113%   249    3s
H  137   229                      13.6939454   28.80764   110%   247    3s
H  149   229                      16.1264448   28.80207  78.6%   241    3s
H  503   523                      16.9566578   26.94371  58.9%   203    3s
H  705   731                      18.2544889   26.37827  44.5%   200    4s
H 1043  1046                      18.3254211   25.65722  40.0%   193    4s
  1195  1153   19.30362   11   25   18.32542   25.51078  39.2%   190    5s
H 3666  2847                      18.3261470   23.77416  29.7%   169   10s
  3669  2849   21.52028   17   40   18.32615   23.77416  29.7%   169   15s
H 3674  2710                      18.3266479   23.77416  29.7%   169   16s
H 3674  2574                      18.3298097   23.77416  29.7%   169   16s
H 3775  2550                      18.3532523   23.77416  29.5%   171   19s
H 3785  2425                      18.4264812   23.77416  29.0%   171   19s
  3825  2465   23.77416   18   33   18.42648   23.77416  29.0%   171   20s
  4700  2787   22.01471   25   26   18.42648   23.15652  25.7%   176   25s
H 4702  2669                      19.0388440   23.15079  21.6%   176   25s
H 4708  2556                      19.1112758   23.14415  21.1%   176   25s
  5850  2777   19.45551   27   25   19.11128   21.82498  14.2%   175   30s
H 6044  2688                      19.1112762   21.64355  13.3%   173   33s
  6183  2699   21.37136   26   23   19.11128   21.54653  12.7%   172   35s
H 6915  2589                      19.3209684   21.28640  10.2%   166   37s
H 7690  2344                      19.5735352   20.88729  6.71%   158   38s
  8792  2010     cutoff   20        19.57354   20.44080  4.43%   147   40s
*12001   930              50      19.7516754   19.78691  0.18%   118   44s
*12002   929              50      19.7522355   19.78691  0.18%   118   44s

Cutting planes:
  Lift-and-project: 8
  Projected implied bound: 66
  MIR: 780
  Flow cover: 41
  RLT: 196
  Relax-and-lift: 4

Explored 12150 nodes (1419356 simplex iterations) in 44.42 seconds (78.32 work units)
Thread count was 32 (of 255 available processors)

Solution count 10: 19.7522 19.7517 19.5735 ... 18.3298

Optimal solution found (tolerance 1.00e-02)
Best objective 1.975223550531e+01, best bound 1.975223550531e+01, gap 0.0000%

User-callback calls 32698, time in user-callback 0.04 sec
Encoding the two copies...
HERE
19.752235505307283  19.752235505307283  44.48717784881592
/root/Downloads/for_dana/vaghar_org/paper_experiments_rerun/mnist/3x50_exp/delta_max/delta_max_3x50_N2_19_sgd_itr1/
Clean sample classification: 1
Perturbed sample classification: 1
