ERROR: LoadError: load_n1_state: mandatory file missing: /root/Downloads/for_dana/vaghar_org/paper_experiments/cifar/cnn2_exp/translation/eps_1,1/n1_state_cnn2_model_seed42_itr19/n1_vars_1_2.bin — re-run Phase 1 for c_tag=1, c_target=2
Stacktrace:
 [1] error(s::String)
   @ Base ./error.jl:44
 [2] load_n1_state(state_dir::String, c_tag::Int64, c_target::Int64; require_vbasis::Bool)
   @ Main ~/Downloads/for_dana/vaghar_org/utils/hyper_attack.jl:381
 [3] main_advanced_standard(args::Dict{String, Any}, dataset::String, model_name::String, model_path::String, perturbation::String, perturbation_size::Vector{Float64}, name_to_save::String, use_hyper_attack::Bool)
   @ Main ~/Downloads/for_dana/vaghar_org/run.jl:1118
 [4] main_advanced_standard_n2(args::Dict{String, Any}, dataset::String, model_name::String, model_path::String, perturbation::String, perturbation_size::Vector{Float64}, name_to_save::String, use_hyper_attack::Bool)
   @ Main ~/Downloads/for_dana/vaghar_org/run.jl:1501
 [5] main()
   @ Main ~/Downloads/for_dana/vaghar_org/run.jl:500
 [6] top-level scope
   @ ~/Downloads/for_dana/vaghar_org/run.jl:2122
 [7] include(mod::Module, _path::String)
   @ Base ./Base.jl:306
 [8] exec_options(opts::Base.JLOptions)
   @ Base ./client.jl:317
 [9] _start()
   @ Base ./client.jl:550
in expression starting at /root/Downloads/for_dana/vaghar_org/run.jl:2122
Advanced-standard mode: techniques enabled:
  Technique 1 (MIP Start):          false
  Technique 2 (Branch Priorities):   off
  Technique 3 (LP Basis):            false
  Technique 4 (Bound Tightening):    true
  Technique 4+ (Zono Bounds):        true
  Technique 4+ (N1 Probe):           off
  Technique 5 (Variable Hints):      prev_pgd
  Technique 6 (N2 Relax Threshold):  0.5
load_n1_diff_bounds!: loaded 3 ReLU layers (+ n1_preact_bounds.bin) from /root/Downloads/for_dana/vaghar_org/paper_experiments/cifar/cnn2_exp/translation/eps_1,1/n1_state_cnn2_model_seed42_itr19
Advanced-standard: computing N1-tightened absolute N2 zonotope (Source B)...
compute_n2_bounds_zonotope_with_n1_tighten: populated 3 ReLU layers

══ Advanced-standard: loading N1 state from /root/Downloads/for_dana/vaghar_org/paper_experiments/cifar/cnn2_exp/translation/eps_1,1/n1_state_cnn2_model_seed42_itr19 (c_tag=1, c_target=2) ══
