Set parameter WLSAccessID
Set parameter WLSSecret
Set parameter LicenseID to value 2478548
Academic license 2478548 - for non-commercial use only - registered to ne___@campus.technion.ac.il
WARNING: --geometric_intervals requires --use_perturbed_intervals=true (it only affects the perturbed-interval coupling). Ignoring it and falling back to geometric_intervals=off.
Standard mode: boosts enabled:
  PerturbedIntervals:                 false
  Absolute Zonotope (Source B on N1): false
  Per-Copy Triangle Drop τ:           -1.0
  Sibling-Gated Refinement:           false
[notice | Main.MIPVerify]: Determining upper and lower bounds for the input to each non-linear unit.
Set parameter WLSAccessID
Set parameter WLSSecret
Set parameter LicenseID to value 2478548
Academic license 2478548 - for non-commercial use only - registered to ne___@campus.technion.ac.il
Set parameter TimeLimit to value 5
Set parameter TimeLimit to value 5
Set parameter WLSAccessID
Set parameter WLSSecret
Set parameter LicenseID to value 2478548
Academic license 2478548 - for non-commercial use only - registered to ne___@campus.technion.ac.il
Set parameter MIPFocus to value 3
Set parameter Cutoff to value 0
Set parameter Threads to value 32
Set parameter TimeLimit to value 10800
Set parameter MIPGap to value 0.01
Set parameter Seed to value 0
Set parameter Seed to value 0
Set parameter MIPGap to value 0.01
Set parameter MIPFocus to value 3
Set parameter Cutoff to value 0
Set parameter Threads to value 32
Set parameter TimeLimit to value 10800
Warning for adding constraints: zero or small (< 1e-13) coefficients, ignored
Gurobi Optimizer version 13.0.0 build v13.0.0rc1 (linux64 - "Ubuntu 20.04.2 LTS")

CPU model: AMD EPYC 7713 64-Core Processor, instruction set [SSE2|AVX|AVX2]
Thread count: 127 physical cores, 255 logical processors, using up to 32 threads

Non-default parameters:
Cutoff  0
TimeLimit  10800
MIPGap  0.01
MIPFocus  3
Threads  32

Academic license 2478548 - for non-commercial use only - registered to ne___@campus.technion.ac.il
Optimize a model with 350 rows, 956 columns and 63693 nonzeros (Max)
Model fingerprint: 0x774def74
Model has 1 linear objective coefficients
Variable types: 871 continuous, 85 integer (85 binary)
Coefficient statistics:
  Matrix range     [1e-13, 3e+01]
  Objective range  [1e+00, 1e+00]
  Bounds range     [1e-07, 3e+01]
  RHS range        [1e-11, 2e+01]
Presolve removed 89 rows and 3 columns
Presolve time: 0.05s
Presolved: 261 rows, 953 columns, 63000 nonzeros
Variable types: 869 continuous, 84 integer (83 binary)
Root relaxation presolve removed 83 rows and 84 columns
Root relaxation presolved: 178 rows, 869 columns, 62750 nonzeros


Extra simplex iterations after uncrush: 1

Root relaxation: objective 8.840337e+00, 158 iterations, 0.02 seconds (0.04 work units)

    Nodes    |    Current Node    |     Objective Bounds      |     Work
 Expl Unexpl |  Obj  Depth IntInf | Incumbent    BestBd   Gap | It/Node Time

     0     0    8.84034    0   44          -    8.84034      -     -    0s
     0     0    8.57099    0   47          -    8.57099      -     -    0s
     0     0    8.57099    0   47          -    8.57099      -     -    0s
     0     0    8.57099    0   47          -    8.57099      -     -    0s
     0     0    8.53111    0   46          -    8.53111      -     -    0s
     0     0    8.39616    0   50          -    8.39616      -     -    0s
     0     0    8.39616    0   50          -    8.39616      -     -    0s
     0     0    8.39616    0   50          -    8.39616      -     -    1s
     0     0    8.23129    0   52          -    8.23129      -     -    1s
     0     0    8.22771    0   52          -    8.22771      -     -    1s
     0     0    8.22771    0   52          -    8.22771      -     -    1s
H    0     0                       2.8912871    7.75840   168%     -    1s
     0     0    7.75840    0   54    2.89129    7.75840   168%     -    1s
     0     0    7.75840    0   54    2.89129    7.75840   168%     -    1s
H    0     0                       2.9552264    7.36360   149%     -    1s
     0     0    7.36360    0   53    2.95523    7.36360   149%     -    1s
     0     0    7.36360    0   52    2.95523    7.36360   149%     -    1s
     0     0    7.36360    0   52    2.95523    7.36360   149%     -    1s
H    0     0                       2.9981107    7.23539   141%     -    1s
     0     0    7.23539    0   58    2.99811    7.23539   141%     -    1s
     0     0    7.23539    0   58    2.99811    7.23539   141%     -    2s
     0     0    6.89250    0   57    2.99811    6.89250   130%     -    2s
     0     0    6.89250    0   57    2.99811    6.89250   130%     -    2s
     0     2    6.89250    0   57    2.99811    6.89250   130%     -    2s
H  349   383                       3.2157890    5.05101  57.1%   231    4s
H  755   747                       3.2157892    4.72907  47.1%   218    4s
   813   813    4.50358   17   31    3.21579    4.67293  45.3%   218    5s
H  849   813                       3.2158194    4.65162  44.6%   217    5s
H 2094  1696                       3.2463342    4.31914  33.0%   183    8s
  2686  2091    4.20212   23   24    3.24633    4.23381  30.4%   173   10s
  3917  2770    3.71205   12   57    3.24633    4.11259  26.7%   161   22s
  3927  2777    3.48795   12   52    3.24633    4.11259  26.7%   160   25s
  4517  3155    4.11259   25   38    3.24633    4.11259  26.7%   179   30s
  5066  3321    4.09681   27   34    3.24633    4.11259  26.7%   196   35s
H 5098  3170                       3.2463342    4.11259  26.7%   196   35s
  5611  3420    3.51049   26   34    3.24633    4.11259  26.7%   207   40s
  6183  3613    3.63347   28   31    3.24633    4.09521  26.1%   212   45s
  8072  4150    3.70558   33   21    3.24633    3.83260  18.1%   210   50s
H 8448  4095                       3.2463342    3.81176  17.4%   209   51s
 10720  4865     cutoff   25         3.24633    3.64812  12.4%   197   55s
 14176  6245    3.31597   36   14    3.24633    3.50315  7.91%   179   60s
 18523  6934     cutoff   32         3.24633    3.40893  5.01%   158   66s
 22977  6370    3.25585   34   22    3.24633    3.34293  2.98%   139   70s
H23076  6299                       3.2463342    3.33865  2.84%   139   72s
H23353  6175                       3.2463342    3.33663  2.78%   138   73s
 24479  5261     cutoff   42         3.24633    3.33304  2.67%   134   75s

Cutting planes:
  Lift-and-project: 7
  Projected implied bound: 78
  MIR: 938
  Flow cover: 48
  RLT: 66
  Relax-and-lift: 389

Explored 28428 nodes (3384993 simplex iterations) in 77.73 seconds (155.77 work units)
Thread count was 32 (of 255 available processors)

Solution count 8: 3.24633 3.24633 3.24633 ... 2.89129

Optimal solution found (tolerance 1.00e-02)
Best objective 3.246334204012e+00, best bound 3.274603086237e+00, gap 0.8708%

User-callback calls 69146, time in user-callback 0.04 sec
Encoding the two copies...
HERE
3.246334204012234  3.2746030862372253  77.74060583114624
/root/Downloads/for_dana/vaghar_org/paper_experiments_rerun/fashion-mnist/3x50_exp/delta_max/delta_max_3x50_N2_model_seed42_itr19_sgd_itr1/
Clean sample classification: 1
Perturbed sample classification: 1
