Files already downloaded and verified
Files already downloaded and verified
training dropout set to 0.1 (CNN2 default 0.75; not present in Julia encoding)
/usr/local/lib/python3.8/dist-packages/torch/cuda/__init__.py:546: UserWarning: Can't initialize NVML
  warnings.warn("Can't initialize NVML")
epoch 1/60 [clean] loss=1.868 clean_test_acc=28.14% (best 28.14%)
epoch 2/60 [clean] loss=1.770 clean_test_acc=35.26% (best 35.26%)
epoch 3/60 [clean] loss=1.870 clean_test_acc=32.03% (best 35.26%)
epoch 5/60 [clean] loss=1.743 clean_test_acc=36.73% (best 36.73%)
epoch 10/60 [clean] loss=1.866 clean_test_acc=38.54% (best 39.11%)
epoch 15/60 [clean] loss=1.777 clean_test_acc=37.91% (best 39.11%)
epoch 20/60 [pgd] loss=2.045 clean_test_acc=35.60% (best 39.11%)
epoch 25/60 [pgd] loss=2.019 clean_test_acc=36.58% (best 39.11%)
epoch 30/60 [pgd] loss=2.054 clean_test_acc=36.66% (best 39.11%)
epoch 35/60 [pgd] loss=1.859 clean_test_acc=37.03% (best 39.11%)
epoch 40/60 [pgd] loss=2.020 clean_test_acc=38.23% (best 39.29%)
epoch 45/60 [pgd] loss=2.088 clean_test_acc=39.31% (best 39.73%)
epoch 50/60 [pgd] loss=1.842 clean_test_acc=39.18% (best 40.10%)
epoch 55/60 [pgd] loss=2.051 clean_test_acc=39.94% (best 40.11%)
epoch 60/60 [pgd] loss=2.010 clean_test_acc=40.26% (best 40.45%)
Using BEST checkpoint: clean_test_acc=40.45%
FOLD CHECK: max|folded-normalized| = 8.34e-07  (must be ~0)
OUTPUT VARIANCE (folded, per-logit mean std over 64 inputs) = 0.2119  (must be >0)
FOLDED clean_test_acc on raw [0,1] = 40.45%
SAVED folded model to paper_experiments/cifar/cnn2_exp/_try_pgd
